<html>
<body>
<pre>
<h1>µVision Build Log</h1>
<h2>Tool Versions:</h2>
IDE-Version: µVision V5.28.0.0
Copyright (C) 2019 ARM Ltd and ARM Germany GmbH. All rights reserved.
License Information: Matteo Minotti, Student, LIC=----
 
Tool Versions:
Toolchain:       MDK-Lite  Version: 5.28.0.0
Toolchain Path:  C:\Keil_v5\ARM\ARMCC\Bin
C Compiler:      Armcc.exe V5.06 update 6 (build 750)
Assembler:       Armasm.exe V5.06 update 6 (build 750)
Linker/Locator:  ArmLink.exe V5.06 update 6 (build 750)
Library Manager: ArmAr.exe V5.06 update 6 (build 750)
Hex Converter:   FromElf.exe V5.06 update 6 (build 750)
CPU DLL:         SARMCM3.DLL V5.28.0.0
Dialog DLL:      DARMP1.DLL V1.27.0.0
Target DLL:      UL2CM3.DLL V1.162.16.0
Dialog DLL:      TARMP1.DLL V1.26.0.0
 
<h2>Project:</h2>
C:\Users\Matteo Minotti\OneDrive\Politecnico di Torino\1 - Computer Architectures\Labs\9.2 - Extra Points\extrapoint_02\sample.uvproj
Project File Date:  01/18/2020

<h2>Output:</h2>
*** Using Compiler 'V5.06 update 6 (build 750)', folder: 'C:\Keil_v5\ARM\ARMCC\Bin'
Rebuild target 'Target 1'
compiling lib_RIT.c...
compiling lib_button.c...
compiling sample.c...
assembling startup_LPC17xx.s...
compiling funct_joystick.c...
compiling lib_adc.c...
compiling lib_dac.c...
compiling lib_led.c...
compiling system_LPC17xx.c...
compiling lib_joystick.c...
compiling IRQ_RIT.c...
compiling core_cm3.c...
compiling funct_led.c...
compiling ascii.c...
compiling IRQ_button.c...
compiling IRQ_timer.c...
compiling IRQ_adc.c...
compiling lib_timer.c...
compiling lib_elevator.c...
compiling lib_emergency.c...
compiling lib_maintenance.c...
compiling touchpanel.c...
compiling hz.c...
compiling lib_glcd.c...
linking...
Program Size: Code=26552 RO-data=1928 RW-data=228 ZI-data=684  
".\sample.axf" - 0 Error(s), 0 Warning(s).
Build Time Elapsed:  00:00:02
</pre>
</body>
</html>
