Component: ARM Compiler 5.06 update 6 (build 750) Tool: armlink [4d35ed]

==============================================================================

Section Cross References

    startup_lpc17xx.o(STACK) refers (Special) to heapauxi.o(.text) for __use_two_region_memory
    startup_lpc17xx.o(HEAP) refers (Special) to heapauxi.o(.text) for __use_two_region_memory
    startup_lpc17xx.o(RESET) refers (Special) to heapauxi.o(.text) for __use_two_region_memory
    startup_lpc17xx.o(RESET) refers to startup_lpc17xx.o(STACK) for __initial_sp
    startup_lpc17xx.o(RESET) refers to startup_lpc17xx.o(.text) for Reset_Handler
    startup_lpc17xx.o(RESET) refers to irq_timer.o(.text) for TIMER0_IRQHandler
    startup_lpc17xx.o(RESET) refers to irq_button.o(.text) for EINT0_IRQHandler
    startup_lpc17xx.o(RESET) refers to irq_adc.o(.text) for ADC_IRQHandler
    startup_lpc17xx.o(RESET) refers to irq_rit.o(.text) for RIT_IRQHandler
    startup_lpc17xx.o(.ARM.__at_0x02FC) refers (Special) to heapauxi.o(.text) for __use_two_region_memory
    startup_lpc17xx.o(.text) refers (Special) to heapauxi.o(.text) for __use_two_region_memory
    startup_lpc17xx.o(.text) refers to __main.o(!!!main) for __main
    startup_lpc17xx.o(.text) refers to startup_lpc17xx.o(HEAP) for Heap_Mem
    startup_lpc17xx.o(.text) refers to startup_lpc17xx.o(STACK) for Stack_Mem
    sample.o(.text) refers to system_lpc17xx.o(.text) for SystemInit
    sample.o(.text) refers to lib_led.o(.text) for LED_init
    sample.o(.text) refers to lib_glcd.o(.text) for LCD_Initialization
    sample.o(.text) refers to touchpanel.o(.text) for TP_Init
    sample.o(.text) refers to lib_maintenance.o(.text) for goToHome
    sample.o(.text) refers to funct_led.o(.text) for LED_Out
    sample.o(.text) refers to lib_button.o(.text) for BUTTON_init
    sample.o(.text) refers to lib_joystick.o(.text) for JOYSTICK_init
    sample.o(.text) refers to lib_rit.o(.text) for RIT_init
    sample.o(.text) refers to lib_timer.o(.text) for TIMER_init
    sample.o(.text) refers to lib_adc.o(.text) for ADC_init
    sample.o(.text) refers to lib_dac.o(.text) for DAC_init
    system_lpc17xx.o(.text) refers to system_lpc17xx.o(.data) for SystemFrequency
    funct_led.o(.text) refers to funct_led.o(.constdata) for led_mask
    funct_led.o(.text) refers to lib_led.o(.data) for led_value
    lib_led.o(.text) refers to lib_led.o(.data) for led_value
    irq_button.o(.text) refers to irq_rit.o(.data) for emergencyHappened
    irq_adc.o(.text) refers to irq_adc.o(.data) for AD_current
    irq_rit.o(.text) refers to lib_timer.o(.text) for timer_disable
    irq_rit.o(.text) refers to lib_elevator.o(.text) for moveElevator
    irq_rit.o(.text) refers to lib_emergency.o(.text) for handleEmergency
    irq_rit.o(.text) refers to lib_adc.o(.text) for ADC_start_conversion
    irq_rit.o(.text) refers to lib_elevator.o(.data) for isElevatorFree
    irq_rit.o(.text) refers to lib_timer.o(.constdata) for IDLE_TIMER
    irq_rit.o(.text) refers to irq_rit.o(.data) for moveJoystick
    irq_rit.o(.text) refers to lib_emergency.o(.data) for isEmergency
    irq_timer.o(.text) refers to funct_led.o(.text) for LED_isOn
    irq_timer.o(.text) refers to lib_timer.o(.text) for timer_disable
    irq_timer.o(.text) refers to lib_emergency.o(.text) for handleEmergency
    irq_timer.o(.text) refers to lib_glcd.o(.text) for GUI_Text
    irq_timer.o(.text) refers to touchpanel.o(.text) for Read_Ads7846
    irq_timer.o(.text) refers to lib_maintenance.o(.text) for goToSetup
    irq_timer.o(.text) refers to dflt_clz.o(x$fpl$dfltu) for __aeabi_ui2d
    irq_timer.o(.text) refers to dmul.o(x$fpl$dmul) for __aeabi_dmul
    irq_timer.o(.text) refers to dfix.o(x$fpl$dfix) for __aeabi_d2iz
    irq_timer.o(.text) refers to lib_dac.o(.text) for DAC_convert
    irq_timer.o(.text) refers to lib_led.o(.constdata) for LED_CONTROLLER_STATUS
    irq_timer.o(.text) refers to lib_timer.o(.constdata) for MOVING_TIMER
    irq_timer.o(.text) refers to lib_elevator.o(.data) for isDestinationReached
    irq_timer.o(.text) refers to irq_timer.o(.data) for ticks
    irq_timer.o(.text) refers to lib_emergency.o(.data) for isEmergency
    irq_timer.o(.text) refers to lib_maintenance.o(.data) for octave
    irq_timer.o(.text) refers to lib_maintenance.o(.constdata) for DEFAULT_SCREEN_BG
    irq_timer.o(.text) refers to touchpanel.o(.bss) for matrix
    irq_timer.o(.text) refers to touchpanel.o(.data) for display
    ascii.o(.text) refers to rt_memcpy_v6.o(.text) for __aeabi_memcpy
    ascii.o(.text) refers to ascii.o(.constdata) for AsciiLib
    hz.o(.text) refers to rt_memcpy_v6.o(.text) for __aeabi_memcpy
    hz.o(.text) refers to hz.o(.constdata) for HzLib
    lib_glcd.o(.text) refers to lib_glcd.o(.data) for LCD_Code
    lib_glcd.o(.text) refers to ascii.o(.text) for GetASCIICode
    touchpanel.o(.text) refers to lib_glcd.o(.text) for LCD_SetPoint
    touchpanel.o(.text) refers to rt_memclr_w.o(.text) for __aeabi_memclr4
    touchpanel.o(.text) refers to touchpanel.o(.data) for screen
    touchpanel.o(.text) refers to dflt_clz.o(x$fpl$dflt) for __aeabi_i2d
    touchpanel.o(.text) refers to deqf.o(x$fpl$deqf) for __aeabi_cdcmpeq
    touchpanel.o(.text) refers to dflt_clz.o(x$fpl$dfltu) for __aeabi_ui2d
    touchpanel.o(.text) refers to dmul.o(x$fpl$dmul) for __aeabi_dmul
    touchpanel.o(.text) refers to daddsub_clz.o(x$fpl$dadd) for __aeabi_dadd
    touchpanel.o(.text) refers to ddiv.o(x$fpl$ddiv) for __aeabi_ddiv
    touchpanel.o(.text) refers to dfixu.o(x$fpl$dfixu) for __aeabi_d2uiz
    touchpanel.o(.text) refers to touchpanel.o(.bss) for ScreenSample
    lib_elevator.o(.text) refers to lib_maintenance.o(.text) for goToHome
    lib_elevator.o(.text) refers to lib_timer.o(.text) for timer_disable
    lib_elevator.o(.text) refers to funct_led.o(.text) for LED_Out
    lib_elevator.o(.text) refers to lib_elevator.o(.data) for requestedFloor
    lib_elevator.o(.text) refers to lib_timer.o(.constdata) for TOUCH_TIMER
    lib_elevator.o(.text) refers to lib_led.o(.constdata) for LED_RESERVED_FLOOR_1
    lib_maintenance.o(.text) refers to lib_glcd.o(.text) for LCD_Clear
    lib_maintenance.o(.text) refers to funct_led.o(.text) for LED_Out
    lib_maintenance.o(.text) refers to lib_timer.o(.text) for timer_enable
    lib_maintenance.o(.text) refers to lib_elevator.o(.data) for isElevatorFree
    lib_maintenance.o(.text) refers to lib_maintenance.o(.data) for isHomePage
    lib_maintenance.o(.text) refers to irq_adc.o(.data) for IDX_count
    lib_maintenance.o(.text) refers to lib_timer.o(.constdata) for REFRESH_TIMER_MAX_VALUE
    lib_emergency.o(.text) refers to lib_timer.o(.text) for timer_disable
    lib_emergency.o(.text) refers to funct_led.o(.text) for LED_On
    lib_emergency.o(.text) refers to lib_emergency.o(.data) for isEmergency
    lib_emergency.o(.text) refers to lib_timer.o(.constdata) for MOVING_TIMER
    lib_emergency.o(.text) refers to lib_led.o(.constdata) for LED_ALARM_FLOOR_0
    lib_emergency.o(.text) refers to lib_elevator.o(.data) for isOnMaintenance
    lib_emergency.o(.text) refers to lib_elevator.o(.constdata) for MAX_ELEVATOR_POSITION
    rt_memcpy_v6.o(.text) refers to rt_memcpy_w.o(.text) for __aeabi_memcpy4
    __main.o(!!!main) refers to __rtentry.o(.ARM.Collect$$rtentry$$00000000) for __rt_entry
    daddsub_clz.o(x$fpl$dadd) refers (Special) to usenofp.o(x$fpl$usenofp) for __I$use$fp
    daddsub_clz.o(x$fpl$dadd) refers to daddsub_clz.o(x$fpl$dsub) for _dsub1
    daddsub_clz.o(x$fpl$dadd) refers to dretinf.o(x$fpl$dretinf) for __fpl_dretinf
    daddsub_clz.o(x$fpl$dadd) refers to dnaninf.o(x$fpl$dnaninf) for __fpl_dnaninf
    daddsub_clz.o(x$fpl$drsb) refers (Special) to usenofp.o(x$fpl$usenofp) for __I$use$fp
    daddsub_clz.o(x$fpl$drsb) refers to daddsub_clz.o(x$fpl$dadd) for _dadd1
    daddsub_clz.o(x$fpl$drsb) refers to daddsub_clz.o(x$fpl$dsub) for _dsub1
    daddsub_clz.o(x$fpl$dsub) refers (Special) to usenofp.o(x$fpl$usenofp) for __I$use$fp
    daddsub_clz.o(x$fpl$dsub) refers to daddsub_clz.o(x$fpl$dadd) for _dadd1
    daddsub_clz.o(x$fpl$dsub) refers to dnaninf.o(x$fpl$dnaninf) for __fpl_dnaninf
    ddiv.o(x$fpl$drdiv) refers (Special) to usenofp.o(x$fpl$usenofp) for __I$use$fp
    ddiv.o(x$fpl$drdiv) refers to ddiv.o(x$fpl$ddiv) for ddiv_entry
    ddiv.o(x$fpl$ddiv) refers (Special) to usenofp.o(x$fpl$usenofp) for __I$use$fp
    ddiv.o(x$fpl$ddiv) refers to dretinf.o(x$fpl$dretinf) for __fpl_dretinf
    ddiv.o(x$fpl$ddiv) refers to dnaninf.o(x$fpl$dnaninf) for __fpl_dnaninf
    deqf.o(x$fpl$deqf) refers (Special) to usenofp.o(x$fpl$usenofp) for __I$use$fp
    deqf.o(x$fpl$deqf) refers to dnaninf.o(x$fpl$dnaninf) for __fpl_dnaninf
    deqf.o(x$fpl$deqf) refers to dcmpi.o(x$fpl$dcmpinf) for __fpl_dcmp_Inf
    dfix.o(x$fpl$dfix) refers (Special) to usenofp.o(x$fpl$usenofp) for __I$use$fp
    dfix.o(x$fpl$dfix) refers to dnaninf.o(x$fpl$dnaninf) for __fpl_dnaninf
    dfix.o(x$fpl$dfixr) refers (Special) to usenofp.o(x$fpl$usenofp) for __I$use$fp
    dfix.o(x$fpl$dfixr) refers to dnaninf.o(x$fpl$dnaninf) for __fpl_dnaninf
    dfixu.o(x$fpl$dfixu) refers (Special) to usenofp.o(x$fpl$usenofp) for __I$use$fp
    dfixu.o(x$fpl$dfixu) refers to dnaninf.o(x$fpl$dnaninf) for __fpl_dnaninf
    dfixu.o(x$fpl$dfixur) refers (Special) to usenofp.o(x$fpl$usenofp) for __I$use$fp
    dfixu.o(x$fpl$dfixur) refers to dnaninf.o(x$fpl$dnaninf) for __fpl_dnaninf
    dflt_clz.o(x$fpl$dfltu) refers (Special) to usenofp.o(x$fpl$usenofp) for __I$use$fp
    dflt_clz.o(x$fpl$dflt) refers (Special) to usenofp.o(x$fpl$usenofp) for __I$use$fp
    dflt_clz.o(x$fpl$dfltn) refers (Special) to usenofp.o(x$fpl$usenofp) for __I$use$fp
    dmul.o(x$fpl$dmul) refers (Special) to usenofp.o(x$fpl$usenofp) for __I$use$fp
    dmul.o(x$fpl$dmul) refers to dretinf.o(x$fpl$dretinf) for __fpl_dretinf
    dmul.o(x$fpl$dmul) refers to dnaninf.o(x$fpl$dnaninf) for __fpl_dnaninf
    __rtentry.o(.ARM.Collect$$rtentry$$00000000) refers (Special) to __rtentry2.o(.ARM.Collect$$rtentry$$0000000A) for __rt_entry_li
    __rtentry.o(.ARM.Collect$$rtentry$$00000000) refers (Special) to __rtentry2.o(.ARM.Collect$$rtentry$$0000000D) for __rt_entry_main
    __rtentry.o(.ARM.Collect$$rtentry$$00000000) refers (Special) to __rtentry2.o(.ARM.Collect$$rtentry$$0000000C) for __rt_entry_postli_1
    __rtentry.o(.ARM.Collect$$rtentry$$00000000) refers (Special) to __rtentry2.o(.ARM.Collect$$rtentry$$00000009) for __rt_entry_postsh_1
    __rtentry.o(.ARM.Collect$$rtentry$$00000000) refers (Special) to __rtentry2.o(.ARM.Collect$$rtentry$$00000002) for __rt_entry_presh_1
    __rtentry.o(.ARM.Collect$$rtentry$$00000000) refers (Special) to __rtentry4.o(.ARM.Collect$$rtentry$$00000004) for __rt_entry_sh
    dcmpi.o(x$fpl$dcmpinf) refers (Special) to usenofp.o(x$fpl$usenofp) for __I$use$fp
    dnaninf.o(x$fpl$dnaninf) refers (Special) to usenofp.o(x$fpl$usenofp) for __I$use$fp
    dretinf.o(x$fpl$dretinf) refers (Special) to usenofp.o(x$fpl$usenofp) for __I$use$fp
    __rtentry2.o(.ARM.Collect$$rtentry$$00000008) refers to boardinit2.o(.text) for _platform_post_stackheap_init
    __rtentry2.o(.ARM.Collect$$rtentry$$0000000A) refers to libinit.o(.ARM.Collect$$libinit$$00000000) for __rt_lib_init
    __rtentry2.o(.ARM.Collect$$rtentry$$0000000B) refers to boardinit3.o(.text) for _platform_post_lib_init
    __rtentry2.o(.ARM.Collect$$rtentry$$0000000D) refers to sample.o(.text) for main
    __rtentry2.o(.ARM.Collect$$rtentry$$0000000D) refers to exit.o(.text) for exit
    __rtentry2.o(.ARM.exidx) refers to __rtentry2.o(.ARM.Collect$$rtentry$$00000001) for .ARM.Collect$$rtentry$$00000001
    __rtentry2.o(.ARM.exidx) refers to __rtentry2.o(.ARM.Collect$$rtentry$$00000008) for .ARM.Collect$$rtentry$$00000008
    __rtentry2.o(.ARM.exidx) refers to __rtentry2.o(.ARM.Collect$$rtentry$$0000000A) for .ARM.Collect$$rtentry$$0000000A
    __rtentry2.o(.ARM.exidx) refers to __rtentry2.o(.ARM.Collect$$rtentry$$0000000B) for .ARM.Collect$$rtentry$$0000000B
    __rtentry2.o(.ARM.exidx) refers to __rtentry2.o(.ARM.Collect$$rtentry$$0000000D) for .ARM.Collect$$rtentry$$0000000D
    __rtentry4.o(.ARM.Collect$$rtentry$$00000004) refers to sys_stackheap_outer.o(.text) for __user_setup_stackheap
    __rtentry4.o(.ARM.exidx) refers to __rtentry4.o(.ARM.Collect$$rtentry$$00000004) for .ARM.Collect$$rtentry$$00000004
    sys_stackheap_outer.o(.text) refers to libspace.o(.text) for __user_perproc_libspace
    sys_stackheap_outer.o(.text) refers to startup_lpc17xx.o(.text) for __user_initial_stackheap
    exit.o(.text) refers to rtexit.o(.ARM.Collect$$rtexit$$00000000) for __rt_exit
    libinit.o(.ARM.Collect$$libinit$$00000000) refers (Special) to libinit2.o(.ARM.Collect$$libinit$$0000002E) for __rt_lib_init_alloca_1
    libinit.o(.ARM.Collect$$libinit$$00000000) refers (Special) to libinit2.o(.ARM.Collect$$libinit$$0000002C) for __rt_lib_init_argv_1
    libinit.o(.ARM.Collect$$libinit$$00000000) refers (Special) to libinit2.o(.ARM.Collect$$libinit$$0000001B) for __rt_lib_init_atexit_1
    libinit.o(.ARM.Collect$$libinit$$00000000) refers (Special) to libinit2.o(.ARM.Collect$$libinit$$00000021) for __rt_lib_init_clock_1
    libinit.o(.ARM.Collect$$libinit$$00000000) refers (Special) to libinit2.o(.ARM.Collect$$libinit$$00000032) for __rt_lib_init_cpp_1
    libinit.o(.ARM.Collect$$libinit$$00000000) refers (Special) to libinit2.o(.ARM.Collect$$libinit$$00000030) for __rt_lib_init_exceptions_1
    libinit.o(.ARM.Collect$$libinit$$00000000) refers (Special) to libinit2.o(.ARM.Collect$$libinit$$00000002) for __rt_lib_init_fp_1
    libinit.o(.ARM.Collect$$libinit$$00000000) refers (Special) to libinit2.o(.ARM.Collect$$libinit$$0000001F) for __rt_lib_init_fp_trap_1
    libinit.o(.ARM.Collect$$libinit$$00000000) refers (Special) to libinit2.o(.ARM.Collect$$libinit$$00000023) for __rt_lib_init_getenv_1
    libinit.o(.ARM.Collect$$libinit$$00000000) refers (Special) to libinit2.o(.ARM.Collect$$libinit$$0000000A) for __rt_lib_init_heap_1
    libinit.o(.ARM.Collect$$libinit$$00000000) refers (Special) to libinit2.o(.ARM.Collect$$libinit$$00000011) for __rt_lib_init_lc_collate_1
    libinit.o(.ARM.Collect$$libinit$$00000000) refers (Special) to libinit2.o(.ARM.Collect$$libinit$$00000013) for __rt_lib_init_lc_ctype_1
    libinit.o(.ARM.Collect$$libinit$$00000000) refers (Special) to libinit2.o(.ARM.Collect$$libinit$$00000015) for __rt_lib_init_lc_monetary_1
    libinit.o(.ARM.Collect$$libinit$$00000000) refers (Special) to libinit2.o(.ARM.Collect$$libinit$$00000017) for __rt_lib_init_lc_numeric_1
    libinit.o(.ARM.Collect$$libinit$$00000000) refers (Special) to libinit2.o(.ARM.Collect$$libinit$$00000019) for __rt_lib_init_lc_time_1
    libinit.o(.ARM.Collect$$libinit$$00000000) refers (Special) to libinit2.o(.ARM.Collect$$libinit$$00000004) for __rt_lib_init_preinit_1
    libinit.o(.ARM.Collect$$libinit$$00000000) refers (Special) to libinit2.o(.ARM.Collect$$libinit$$0000000E) for __rt_lib_init_rand_1
    libinit.o(.ARM.Collect$$libinit$$00000000) refers (Special) to libinit2.o(.ARM.Collect$$libinit$$00000033) for __rt_lib_init_return
    libinit.o(.ARM.Collect$$libinit$$00000000) refers (Special) to libinit2.o(.ARM.Collect$$libinit$$0000001D) for __rt_lib_init_signal_1
    libinit.o(.ARM.Collect$$libinit$$00000000) refers (Special) to libinit2.o(.ARM.Collect$$libinit$$00000025) for __rt_lib_init_stdio_1
    libinit.o(.ARM.Collect$$libinit$$00000000) refers (Special) to libinit2.o(.ARM.Collect$$libinit$$0000000C) for __rt_lib_init_user_alloc_1
    libspace.o(.text) refers to libspace.o(.bss) for __libspace_start
    rtexit.o(.ARM.Collect$$rtexit$$00000000) refers (Special) to rtexit2.o(.ARM.Collect$$rtexit$$00000004) for __rt_exit_exit
    rtexit.o(.ARM.Collect$$rtexit$$00000000) refers (Special) to rtexit2.o(.ARM.Collect$$rtexit$$00000003) for __rt_exit_ls
    rtexit.o(.ARM.Collect$$rtexit$$00000000) refers (Special) to rtexit2.o(.ARM.Collect$$rtexit$$00000002) for __rt_exit_prels_1
    rtexit.o(.ARM.exidx) refers (Special) to rtexit2.o(.ARM.Collect$$rtexit$$00000004) for __rt_exit_exit
    rtexit.o(.ARM.exidx) refers (Special) to rtexit2.o(.ARM.Collect$$rtexit$$00000003) for __rt_exit_ls
    rtexit.o(.ARM.exidx) refers (Special) to rtexit2.o(.ARM.Collect$$rtexit$$00000002) for __rt_exit_prels_1
    rtexit.o(.ARM.exidx) refers to rtexit.o(.ARM.Collect$$rtexit$$00000000) for .ARM.Collect$$rtexit$$00000000
    libinit2.o(.ARM.Collect$$libinit$$00000010) refers to libinit2.o(.ARM.Collect$$libinit$$0000000F) for .ARM.Collect$$libinit$$0000000F
    libinit2.o(.ARM.Collect$$libinit$$00000012) refers to libinit2.o(.ARM.Collect$$libinit$$0000000F) for .ARM.Collect$$libinit$$0000000F
    libinit2.o(.ARM.Collect$$libinit$$00000014) refers to libinit2.o(.ARM.Collect$$libinit$$0000000F) for .ARM.Collect$$libinit$$0000000F
    libinit2.o(.ARM.Collect$$libinit$$00000016) refers to libinit2.o(.ARM.Collect$$libinit$$0000000F) for .ARM.Collect$$libinit$$0000000F
    libinit2.o(.ARM.Collect$$libinit$$00000018) refers to libinit2.o(.ARM.Collect$$libinit$$0000000F) for .ARM.Collect$$libinit$$0000000F
    libinit2.o(.ARM.Collect$$libinit$$00000026) refers to argv_veneer.o(.emb_text) for __ARM_argv_veneer
    libinit2.o(.ARM.Collect$$libinit$$00000027) refers to argv_veneer.o(.emb_text) for __ARM_argv_veneer
    rtexit2.o(.ARM.Collect$$rtexit$$00000003) refers to libshutdown.o(.ARM.Collect$$libshutdown$$00000000) for __rt_lib_shutdown
    rtexit2.o(.ARM.Collect$$rtexit$$00000004) refers to sys_exit.o(.text) for _sys_exit
    rtexit2.o(.ARM.exidx) refers to rtexit2.o(.ARM.Collect$$rtexit$$00000001) for .ARM.Collect$$rtexit$$00000001
    rtexit2.o(.ARM.exidx) refers to rtexit2.o(.ARM.Collect$$rtexit$$00000003) for .ARM.Collect$$rtexit$$00000003
    rtexit2.o(.ARM.exidx) refers to rtexit2.o(.ARM.Collect$$rtexit$$00000004) for .ARM.Collect$$rtexit$$00000004
    argv_veneer.o(.emb_text) refers to no_argv.o(.text) for __ARM_get_argv
    sys_exit.o(.text) refers (Special) to use_no_semi.o(.text) for __I$use$semihosting
    sys_exit.o(.text) refers (Special) to indicate_semi.o(.text) for __semihosting_library_function
    _get_argv_nomalloc.o(.text) refers (Special) to hrguard.o(.text) for __heap_region$guard
    _get_argv_nomalloc.o(.text) refers to defsig_rtmem_outer.o(.text) for __rt_SIGRTMEM
    _get_argv_nomalloc.o(.text) refers to sys_command.o(.text) for _sys_command_string
    libshutdown.o(.ARM.Collect$$libshutdown$$00000000) refers (Special) to libshutdown2.o(.ARM.Collect$$libshutdown$$00000002) for __rt_lib_shutdown_cpp_1
    libshutdown.o(.ARM.Collect$$libshutdown$$00000000) refers (Special) to libshutdown2.o(.ARM.Collect$$libshutdown$$00000007) for __rt_lib_shutdown_fp_trap_1
    libshutdown.o(.ARM.Collect$$libshutdown$$00000000) refers (Special) to libshutdown2.o(.ARM.Collect$$libshutdown$$0000000F) for __rt_lib_shutdown_heap_1
    libshutdown.o(.ARM.Collect$$libshutdown$$00000000) refers (Special) to libshutdown2.o(.ARM.Collect$$libshutdown$$00000010) for __rt_lib_shutdown_return
    libshutdown.o(.ARM.Collect$$libshutdown$$00000000) refers (Special) to libshutdown2.o(.ARM.Collect$$libshutdown$$0000000A) for __rt_lib_shutdown_signal_1
    libshutdown.o(.ARM.Collect$$libshutdown$$00000000) refers (Special) to libshutdown2.o(.ARM.Collect$$libshutdown$$00000004) for __rt_lib_shutdown_stdio_1
    libshutdown.o(.ARM.Collect$$libshutdown$$00000000) refers (Special) to libshutdown2.o(.ARM.Collect$$libshutdown$$0000000C) for __rt_lib_shutdown_user_alloc_1
    sys_command.o(.text) refers (Special) to use_no_semi.o(.text) for __I$use$semihosting
    sys_command.o(.text) refers (Special) to indicate_semi.o(.text) for __semihosting_library_function
    defsig_rtmem_outer.o(.text) refers to defsig_rtmem_inner.o(.text) for __rt_SIGRTMEM_inner
    defsig_rtmem_outer.o(.text) refers to defsig_exit.o(.text) for __sig_exit
    defsig_rtmem_formal.o(.text) refers to rt_raise.o(.text) for __rt_raise
    rt_raise.o(.text) refers to __raise.o(.text) for __raise
    rt_raise.o(.text) refers to sys_exit.o(.text) for _sys_exit
    defsig_exit.o(.text) refers to sys_exit.o(.text) for _sys_exit
    defsig_rtmem_inner.o(.text) refers to defsig_general.o(.text) for __default_signal_display
    __raise.o(.text) refers to defsig.o(CL$$defsig) for __default_signal_handler
    defsig_general.o(.text) refers to sys_wrch.o(.text) for _ttywrch
    sys_wrch.o(.text) refers (Special) to use_no_semi.o(.text) for __I$use$semihosting
    sys_wrch.o(.text) refers (Special) to indicate_semi.o(.text) for __semihosting_library_function
    defsig.o(CL$$defsig) refers to defsig_rtmem_inner.o(.text) for __rt_SIGRTMEM_inner
    defsig_abrt_inner.o(.text) refers to defsig_general.o(.text) for __default_signal_display
    defsig_fpe_inner.o(.text) refers to defsig_general.o(.text) for __default_signal_display
    defsig_rtred_inner.o(.text) refers to defsig_general.o(.text) for __default_signal_display
    defsig_stak_inner.o(.text) refers to defsig_general.o(.text) for __default_signal_display
    defsig_pvfn_inner.o(.text) refers to defsig_general.o(.text) for __default_signal_display
    defsig_cppl_inner.o(.text) refers to defsig_general.o(.text) for __default_signal_display
    defsig_segv_inner.o(.text) refers to defsig_general.o(.text) for __default_signal_display
    defsig_other.o(.text) refers to defsig_general.o(.text) for __default_signal_display


==============================================================================

Removing Unused input sections from the image.

    Removing sample.o(.rev16_text), (4 bytes).
    Removing sample.o(.revsh_text), (4 bytes).
    Removing core_cm3.o(.emb_text), (32 bytes).
    Removing system_lpc17xx.o(.rev16_text), (4 bytes).
    Removing system_lpc17xx.o(.revsh_text), (4 bytes).
    Removing funct_led.o(.rev16_text), (4 bytes).
    Removing funct_led.o(.revsh_text), (4 bytes).
    Removing lib_led.o(.rev16_text), (4 bytes).
    Removing lib_led.o(.revsh_text), (4 bytes).
    Removing irq_button.o(.rev16_text), (4 bytes).
    Removing irq_button.o(.revsh_text), (4 bytes).
    Removing lib_button.o(.rev16_text), (4 bytes).
    Removing lib_button.o(.revsh_text), (4 bytes).
    Removing lib_joystick.o(.rev16_text), (4 bytes).
    Removing lib_joystick.o(.revsh_text), (4 bytes).
    Removing irq_adc.o(.rev16_text), (4 bytes).
    Removing irq_adc.o(.revsh_text), (4 bytes).
    Removing lib_adc.o(.rev16_text), (4 bytes).
    Removing lib_adc.o(.revsh_text), (4 bytes).
    Removing lib_dac.o(.rev16_text), (4 bytes).
    Removing lib_dac.o(.revsh_text), (4 bytes).
    Removing irq_rit.o(.rev16_text), (4 bytes).
    Removing irq_rit.o(.revsh_text), (4 bytes).
    Removing lib_rit.o(.rev16_text), (4 bytes).
    Removing lib_rit.o(.revsh_text), (4 bytes).
    Removing irq_timer.o(.rev16_text), (4 bytes).
    Removing irq_timer.o(.revsh_text), (4 bytes).
    Removing lib_timer.o(.rev16_text), (4 bytes).
    Removing lib_timer.o(.revsh_text), (4 bytes).
    Removing hz.o(.text), (52 bytes).
    Removing hz.o(.constdata), (216576 bytes).
    Removing lib_glcd.o(.rev16_text), (4 bytes).
    Removing lib_glcd.o(.revsh_text), (4 bytes).
    Removing touchpanel.o(.rev16_text), (4 bytes).
    Removing touchpanel.o(.revsh_text), (4 bytes).
    Removing lib_maintenance.o(.rev16_text), (4 bytes).
    Removing lib_maintenance.o(.revsh_text), (4 bytes).

37 unused section(s) (total 216796 bytes) removed from the image.

==============================================================================

Image Symbol Table

    Local Symbols

    Symbol Name                              Value     Ov Type        Size  Object(Section)

    RESET                                    0x00000000   Section      204  startup_lpc17xx.o(RESET)
    ../clib/angel/boardlib.s                 0x00000000   Number         0  boardinit3.o ABSOLUTE
    ../clib/angel/boardlib.s                 0x00000000   Number         0  boardshut.o ABSOLUTE
    ../clib/angel/boardlib.s                 0x00000000   Number         0  boardinit2.o ABSOLUTE
    ../clib/angel/boardlib.s                 0x00000000   Number         0  boardinit1.o ABSOLUTE
    ../clib/angel/dczerorl2.s                0x00000000   Number         0  __dczerorl2.o ABSOLUTE
    ../clib/angel/handlers.s                 0x00000000   Number         0  __scatter_zi.o ABSOLUTE
    ../clib/angel/kernel.s                   0x00000000   Number         0  __rtentry2.o ABSOLUTE
    ../clib/angel/kernel.s                   0x00000000   Number         0  __rtentry.o ABSOLUTE
    ../clib/angel/kernel.s                   0x00000000   Number         0  rtexit.o ABSOLUTE
    ../clib/angel/kernel.s                   0x00000000   Number         0  __rtentry4.o ABSOLUTE
    ../clib/angel/kernel.s                   0x00000000   Number         0  rtexit2.o ABSOLUTE
    ../clib/angel/rt.s                       0x00000000   Number         0  rt_raise.o ABSOLUTE
    ../clib/angel/scatter.s                  0x00000000   Number         0  __scatter.o ABSOLUTE
    ../clib/angel/startup.s                  0x00000000   Number         0  __main.o ABSOLUTE
    ../clib/angel/sys.s                      0x00000000   Number         0  libspace.o ABSOLUTE
    ../clib/angel/sys.s                      0x00000000   Number         0  indicate_semi.o ABSOLUTE
    ../clib/angel/sys.s                      0x00000000   Number         0  use_no_semi.o ABSOLUTE
    ../clib/angel/sys.s                      0x00000000   Number         0  sys_stackheap_outer.o ABSOLUTE
    ../clib/angel/sysapp.c                   0x00000000   Number         0  sys_command.o ABSOLUTE
    ../clib/angel/sysapp.c                   0x00000000   Number         0  sys_exit.o ABSOLUTE
    ../clib/angel/sysapp.c                   0x00000000   Number         0  sys_wrch.o ABSOLUTE
    ../clib/armsys.c                         0x00000000   Number         0  _get_argv_nomalloc.o ABSOLUTE
    ../clib/armsys.c                         0x00000000   Number         0  argv_veneer.o ABSOLUTE
    ../clib/armsys.c                         0x00000000   Number         0  no_argv.o ABSOLUTE
    ../clib/armsys.c                         0x00000000   Number         0  argv_veneer.o ABSOLUTE
    ../clib/heapalloc.c                      0x00000000   Number         0  hrguard.o ABSOLUTE
    ../clib/heapaux.c                        0x00000000   Number         0  heapauxi.o ABSOLUTE
    ../clib/libinit.s                        0x00000000   Number         0  libinit.o ABSOLUTE
    ../clib/libinit.s                        0x00000000   Number         0  libinit2.o ABSOLUTE
    ../clib/libinit.s                        0x00000000   Number         0  libshutdown.o ABSOLUTE
    ../clib/libinit.s                        0x00000000   Number         0  libshutdown2.o ABSOLUTE
    ../clib/memcpset.s                       0x00000000   Number         0  rt_memcpy_w.o ABSOLUTE
    ../clib/memcpset.s                       0x00000000   Number         0  rt_memclr_w.o ABSOLUTE
    ../clib/memcpset.s                       0x00000000   Number         0  rt_memcpy_v6.o ABSOLUTE
    ../clib/signal.c                         0x00000000   Number         0  defsig_stak_inner.o ABSOLUTE
    ../clib/signal.c                         0x00000000   Number         0  defsig_rtred_inner.o ABSOLUTE
    ../clib/signal.c                         0x00000000   Number         0  defsig_fpe_inner.o ABSOLUTE
    ../clib/signal.c                         0x00000000   Number         0  defsig_abrt_inner.o ABSOLUTE
    ../clib/signal.c                         0x00000000   Number         0  defsig_general.o ABSOLUTE
    ../clib/signal.c                         0x00000000   Number         0  __raise.o ABSOLUTE
    ../clib/signal.c                         0x00000000   Number         0  defsig_rtmem_inner.o ABSOLUTE
    ../clib/signal.c                         0x00000000   Number         0  defsig_exit.o ABSOLUTE
    ../clib/signal.c                         0x00000000   Number         0  defsig_rtmem_outer.o ABSOLUTE
    ../clib/signal.c                         0x00000000   Number         0  defsig_rtmem_formal.o ABSOLUTE
    ../clib/signal.c                         0x00000000   Number         0  defsig_other.o ABSOLUTE
    ../clib/signal.c                         0x00000000   Number         0  defsig_segv_inner.o ABSOLUTE
    ../clib/signal.c                         0x00000000   Number         0  defsig_cppl_inner.o ABSOLUTE
    ../clib/signal.c                         0x00000000   Number         0  defsig_pvfn_inner.o ABSOLUTE
    ../clib/signal.s                         0x00000000   Number         0  defsig.o ABSOLUTE
    ../clib/stdlib.c                         0x00000000   Number         0  exit.o ABSOLUTE
    ../fplib/daddsub.s                       0x00000000   Number         0  daddsub_clz.o ABSOLUTE
    ../fplib/dcmpi.s                         0x00000000   Number         0  dcmpi.o ABSOLUTE
    ../fplib/ddiv.s                          0x00000000   Number         0  ddiv.o ABSOLUTE
    ../fplib/deqf.s                          0x00000000   Number         0  deqf.o ABSOLUTE
    ../fplib/dfix.s                          0x00000000   Number         0  dfix.o ABSOLUTE
    ../fplib/dfixu.s                         0x00000000   Number         0  dfixu.o ABSOLUTE
    ../fplib/dflt.s                          0x00000000   Number         0  dflt_clz.o ABSOLUTE
    ../fplib/dmul.s                          0x00000000   Number         0  dmul.o ABSOLUTE
    ../fplib/dnaninf.s                       0x00000000   Number         0  dnaninf.o ABSOLUTE
    ../fplib/dretinf.s                       0x00000000   Number         0  dretinf.o ABSOLUTE
    ../fplib/fpinit.s                        0x00000000   Number         0  fpinit.o ABSOLUTE
    ../fplib/usenofp.s                       0x00000000   Number         0  usenofp.o ABSOLUTE
    ADC\IRQ_adc.c                            0x00000000   Number         0  irq_adc.o ABSOLUTE
    ADC\\IRQ_adc.c                           0x00000000   Number         0  irq_adc.o ABSOLUTE
    ADC\\lib_adc.c                           0x00000000   Number         0  lib_adc.o ABSOLUTE
    ADC\lib_adc.c                            0x00000000   Number         0  lib_adc.o ABSOLUTE
    DAC\\lib_dac.c                           0x00000000   Number         0  lib_dac.o ABSOLUTE
    DAC\lib_dac.c                            0x00000000   Number         0  lib_dac.o ABSOLUTE
    Elevator\Emergency\lib_emergency.c       0x00000000   Number         0  lib_emergency.o ABSOLUTE
    GLCD\\lib_glcd.c                         0x00000000   Number         0  lib_glcd.o ABSOLUTE
    GLCD\ascii.c                             0x00000000   Number         0  ascii.o ABSOLUTE
    GLCD\hz.c                                0x00000000   Number         0  hz.o ABSOLUTE
    GLCD\lib_glcd.c                          0x00000000   Number         0  lib_glcd.o ABSOLUTE
    RIT\IRQ_RIT.c                            0x00000000   Number         0  irq_rit.o ABSOLUTE
    RIT\\IRQ_RIT.c                           0x00000000   Number         0  irq_rit.o ABSOLUTE
    RIT\\lib_RIT.c                           0x00000000   Number         0  lib_rit.o ABSOLUTE
    RIT\lib_RIT.c                            0x00000000   Number         0  lib_rit.o ABSOLUTE
    button\IRQ_button.c                      0x00000000   Number         0  irq_button.o ABSOLUTE
    button\\IRQ_button.c                     0x00000000   Number         0  irq_button.o ABSOLUTE
    button\\lib_button.c                     0x00000000   Number         0  lib_button.o ABSOLUTE
    button\lib_button.c                      0x00000000   Number         0  lib_button.o ABSOLUTE
    core_cm3.c                               0x00000000   Number         0  core_cm3.o ABSOLUTE
    core_cm3.c                               0x00000000   Number         0  core_cm3.o ABSOLUTE
    dc.s                                     0x00000000   Number         0  dc.o ABSOLUTE
    elevator\\maintenance\\lib_maintenance.c 0x00000000   Number         0  lib_maintenance.o ABSOLUTE
    elevator\lib_elevator.c                  0x00000000   Number         0  lib_elevator.o ABSOLUTE
    elevator\maintenance\lib_maintenance.c   0x00000000   Number         0  lib_maintenance.o ABSOLUTE
    joystick\\lib_joystick.c                 0x00000000   Number         0  lib_joystick.o ABSOLUTE
    joystick\funct_joystick.c                0x00000000   Number         0  funct_joystick.o ABSOLUTE
    joystick\lib_joystick.c                  0x00000000   Number         0  lib_joystick.o ABSOLUTE
    led\\funct_led.c                         0x00000000   Number         0  funct_led.o ABSOLUTE
    led\\lib_led.c                           0x00000000   Number         0  lib_led.o ABSOLUTE
    led\funct_led.c                          0x00000000   Number         0  funct_led.o ABSOLUTE
    led\lib_led.c                            0x00000000   Number         0  lib_led.o ABSOLUTE
    sample.c                                 0x00000000   Number         0  sample.o ABSOLUTE
    sample.c                                 0x00000000   Number         0  sample.o ABSOLUTE
    startup_LPC17xx.s                        0x00000000   Number         0  startup_lpc17xx.o ABSOLUTE
    system_LPC17xx.c                         0x00000000   Number         0  system_lpc17xx.o ABSOLUTE
    system_LPC17xx.c                         0x00000000   Number         0  system_lpc17xx.o ABSOLUTE
    timer\IRQ_timer.c                        0x00000000   Number         0  irq_timer.o ABSOLUTE
    timer\\IRQ_timer.c                       0x00000000   Number         0  irq_timer.o ABSOLUTE
    timer\\lib_timer.c                       0x00000000   Number         0  lib_timer.o ABSOLUTE
    timer\lib_timer.c                        0x00000000   Number         0  lib_timer.o ABSOLUTE
    touchpanel\\touchpanel.c                 0x00000000   Number         0  touchpanel.o ABSOLUTE
    touchpanel\touchpanel.c                  0x00000000   Number         0  touchpanel.o ABSOLUTE
    !!!main                                  0x000000cc   Section        8  __main.o(!!!main)
    !!!scatter                               0x000000d4   Section       52  __scatter.o(!!!scatter)
    !!dczerorl2                              0x00000108   Section       90  __dczerorl2.o(!!dczerorl2)
    !!handler_zi                             0x00000164   Section       28  __scatter_zi.o(!!handler_zi)
    .ARM.Collect$$libinit$$00000000          0x00000180   Section        2  libinit.o(.ARM.Collect$$libinit$$00000000)
    .ARM.Collect$$libinit$$00000002          0x00000182   Section        0  libinit2.o(.ARM.Collect$$libinit$$00000002)
    .ARM.Collect$$libinit$$00000004          0x00000182   Section        0  libinit2.o(.ARM.Collect$$libinit$$00000004)
    .ARM.Collect$$libinit$$0000000A          0x00000182   Section        0  libinit2.o(.ARM.Collect$$libinit$$0000000A)
    .ARM.Collect$$libinit$$0000000C          0x00000182   Section        0  libinit2.o(.ARM.Collect$$libinit$$0000000C)
    .ARM.Collect$$libinit$$0000000E          0x00000182   Section        0  libinit2.o(.ARM.Collect$$libinit$$0000000E)
    .ARM.Collect$$libinit$$00000011          0x00000182   Section        0  libinit2.o(.ARM.Collect$$libinit$$00000011)
    .ARM.Collect$$libinit$$00000013          0x00000182   Section        0  libinit2.o(.ARM.Collect$$libinit$$00000013)
    .ARM.Collect$$libinit$$00000015          0x00000182   Section        0  libinit2.o(.ARM.Collect$$libinit$$00000015)
    .ARM.Collect$$libinit$$00000017          0x00000182   Section        0  libinit2.o(.ARM.Collect$$libinit$$00000017)
    .ARM.Collect$$libinit$$00000019          0x00000182   Section        0  libinit2.o(.ARM.Collect$$libinit$$00000019)
    .ARM.Collect$$libinit$$0000001B          0x00000182   Section        0  libinit2.o(.ARM.Collect$$libinit$$0000001B)
    .ARM.Collect$$libinit$$0000001D          0x00000182   Section        0  libinit2.o(.ARM.Collect$$libinit$$0000001D)
    .ARM.Collect$$libinit$$0000001F          0x00000182   Section        0  libinit2.o(.ARM.Collect$$libinit$$0000001F)
    .ARM.Collect$$libinit$$00000021          0x00000182   Section        0  libinit2.o(.ARM.Collect$$libinit$$00000021)
    .ARM.Collect$$libinit$$00000023          0x00000182   Section        0  libinit2.o(.ARM.Collect$$libinit$$00000023)
    .ARM.Collect$$libinit$$00000025          0x00000182   Section        0  libinit2.o(.ARM.Collect$$libinit$$00000025)
    .ARM.Collect$$libinit$$0000002C          0x00000182   Section        0  libinit2.o(.ARM.Collect$$libinit$$0000002C)
    .ARM.Collect$$libinit$$0000002E          0x00000182   Section        0  libinit2.o(.ARM.Collect$$libinit$$0000002E)
    .ARM.Collect$$libinit$$00000030          0x00000182   Section        0  libinit2.o(.ARM.Collect$$libinit$$00000030)
    .ARM.Collect$$libinit$$00000032          0x00000182   Section        0  libinit2.o(.ARM.Collect$$libinit$$00000032)
    .ARM.Collect$$libinit$$00000033          0x00000182   Section        2  libinit2.o(.ARM.Collect$$libinit$$00000033)
    .ARM.Collect$$libshutdown$$00000000      0x00000184   Section        2  libshutdown.o(.ARM.Collect$$libshutdown$$00000000)
    .ARM.Collect$$libshutdown$$00000002      0x00000186   Section        0  libshutdown2.o(.ARM.Collect$$libshutdown$$00000002)
    .ARM.Collect$$libshutdown$$00000004      0x00000186   Section        0  libshutdown2.o(.ARM.Collect$$libshutdown$$00000004)
    .ARM.Collect$$libshutdown$$00000007      0x00000186   Section        0  libshutdown2.o(.ARM.Collect$$libshutdown$$00000007)
    .ARM.Collect$$libshutdown$$0000000A      0x00000186   Section        0  libshutdown2.o(.ARM.Collect$$libshutdown$$0000000A)
    .ARM.Collect$$libshutdown$$0000000C      0x00000186   Section        0  libshutdown2.o(.ARM.Collect$$libshutdown$$0000000C)
    .ARM.Collect$$libshutdown$$0000000F      0x00000186   Section        0  libshutdown2.o(.ARM.Collect$$libshutdown$$0000000F)
    .ARM.Collect$$libshutdown$$00000010      0x00000186   Section        2  libshutdown2.o(.ARM.Collect$$libshutdown$$00000010)
    .ARM.Collect$$rtentry$$00000000          0x00000188   Section        0  __rtentry.o(.ARM.Collect$$rtentry$$00000000)
    .ARM.Collect$$rtentry$$00000002          0x00000188   Section        0  __rtentry2.o(.ARM.Collect$$rtentry$$00000002)
    .ARM.Collect$$rtentry$$00000004          0x00000188   Section        6  __rtentry4.o(.ARM.Collect$$rtentry$$00000004)
    .ARM.Collect$$rtentry$$00000009          0x0000018e   Section        0  __rtentry2.o(.ARM.Collect$$rtentry$$00000009)
    .ARM.Collect$$rtentry$$0000000A          0x0000018e   Section        4  __rtentry2.o(.ARM.Collect$$rtentry$$0000000A)
    .ARM.Collect$$rtentry$$0000000C          0x00000192   Section        0  __rtentry2.o(.ARM.Collect$$rtentry$$0000000C)
    .ARM.Collect$$rtentry$$0000000D          0x00000192   Section        8  __rtentry2.o(.ARM.Collect$$rtentry$$0000000D)
    .ARM.Collect$$rtexit$$00000000           0x0000019a   Section        2  rtexit.o(.ARM.Collect$$rtexit$$00000000)
    .ARM.Collect$$rtexit$$00000002           0x0000019c   Section        0  rtexit2.o(.ARM.Collect$$rtexit$$00000002)
    .ARM.Collect$$rtexit$$00000003           0x0000019c   Section        4  rtexit2.o(.ARM.Collect$$rtexit$$00000003)
    .ARM.Collect$$rtexit$$00000004           0x000001a0   Section        6  rtexit2.o(.ARM.Collect$$rtexit$$00000004)
    .text                                    0x000001a8   Section       52  startup_lpc17xx.o(.text)
    .text                                    0x000001dc   Section        0  sample.o(.text)
    .text                                    0x00000244   Section        0  funct_led.o(.text)
    .text                                    0x000002c4   Section        0  lib_dac.o(.text)
    .ARM.__at_0x02FC                         0x000002fc   Section        4  startup_lpc17xx.o(.ARM.__at_0x02FC)
    .text                                    0x00000300   Section        0  system_lpc17xx.o(.text)
    .text                                    0x0000052c   Section        0  lib_led.o(.text)
    .text                                    0x0000056c   Section        0  irq_button.o(.text)
    NVIC_DisableIRQ                          0x000005eb   Thumb Code    18  irq_button.o(.text)
    .text                                    0x00000618   Section        0  lib_button.o(.text)
    NVIC_SetPriority                         0x00000619   Thumb Code    32  lib_button.o(.text)
    NVIC_EnableIRQ                           0x000006b5   Thumb Code    22  lib_button.o(.text)
    .text                                    0x000006e0   Section        0  lib_joystick.o(.text)
    .text                                    0x0000071c   Section        0  irq_adc.o(.text)
    .text                                    0x00000764   Section        0  lib_adc.o(.text)
    .text                                    0x000007c0   Section        0  irq_rit.o(.text)
    NVIC_EnableIRQ                           0x000009f7   Thumb Code    22  irq_rit.o(.text)
    .text                                    0x00000a54   Section        0  lib_rit.o(.text)
    .text                                    0x00000adc   Section        0  irq_timer.o(.text)
    .text                                    0x00000f9c   Section        0  lib_timer.o(.text)
    NVIC_EnableIRQ                           0x000011c3   Thumb Code    22  lib_timer.o(.text)
    .text                                    0x000011fc   Section        0  ascii.o(.text)
    .text                                    0x0000121c   Section        0  lib_glcd.o(.text)
    LCD_Configuration                        0x0000121d   Thumb Code    20  lib_glcd.o(.text)
    wait_delay                               0x00001231   Thumb Code    12  lib_glcd.o(.text)
    LCD_SetCursor                            0x0000123d   Thumb Code  1356  lib_glcd.o(.text)
    LCD_BGR2RGB                              0x00004ce7   Thumb Code    26  lib_glcd.o(.text)
    .text                                    0x000053a0   Section        0  touchpanel.o(.text)
    ADS7843_SPI_Init                         0x000053b1   Thumb Code   128  touchpanel.o(.text)
    DelayUS                                  0x0000544f   Thumb Code    28  touchpanel.o(.text)
    WR_CMD                                   0x0000546b   Thumb Code    56  touchpanel.o(.text)
    RD_AD                                    0x000054a3   Thumb Code    44  touchpanel.o(.text)
    .text                                    0x00005bbc   Section        0  lib_elevator.o(.text)
    .text                                    0x00005d78   Section        0  lib_maintenance.o(.text)
    .text                                    0x0000622c   Section        0  lib_emergency.o(.text)
    .text                                    0x000063dc   Section      138  rt_memcpy_v6.o(.text)
    .text                                    0x00006466   Section       78  rt_memclr_w.o(.text)
    .text                                    0x000064b4   Section        0  heapauxi.o(.text)
    .text                                    0x000064ba   Section      100  rt_memcpy_w.o(.text)
    .text                                    0x0000651e   Section       74  sys_stackheap_outer.o(.text)
    .text                                    0x00006568   Section        0  exit.o(.text)
    .text                                    0x0000657c   Section        8  libspace.o(.text)
    .text                                    0x00006584   Section        0  sys_exit.o(.text)
    .text                                    0x00006590   Section        2  use_no_semi.o(.text)
    .text                                    0x00006592   Section        0  indicate_semi.o(.text)
    x$fpl$dadd                               0x00006594   Section      336  daddsub_clz.o(x$fpl$dadd)
    _dadd1                                   0x000065a5   Thumb Code     0  daddsub_clz.o(x$fpl$dadd)
    x$fpl$dcmpinf                            0x000066e4   Section       24  dcmpi.o(x$fpl$dcmpinf)
    x$fpl$ddiv                               0x000066fc   Section      688  ddiv.o(x$fpl$ddiv)
    ddiv_entry                               0x00006703   Thumb Code     0  ddiv.o(x$fpl$ddiv)
    x$fpl$deqf                               0x000069ac   Section      120  deqf.o(x$fpl$deqf)
    x$fpl$dfix                               0x00006a24   Section       94  dfix.o(x$fpl$dfix)
    x$fpl$dfixu                              0x00006a84   Section       90  dfixu.o(x$fpl$dfixu)
    x$fpl$dflt                               0x00006ade   Section       46  dflt_clz.o(x$fpl$dflt)
    x$fpl$dfltu                              0x00006b0c   Section       38  dflt_clz.o(x$fpl$dfltu)
    x$fpl$dmul                               0x00006b34   Section      340  dmul.o(x$fpl$dmul)
    x$fpl$dnaninf                            0x00006c88   Section      156  dnaninf.o(x$fpl$dnaninf)
    x$fpl$dretinf                            0x00006d24   Section       12  dretinf.o(x$fpl$dretinf)
    x$fpl$dsub                               0x00006d30   Section      468  daddsub_clz.o(x$fpl$dsub)
    _dsub1                                   0x00006d41   Thumb Code     0  daddsub_clz.o(x$fpl$dsub)
    .constdata                               0x00006f04   Section       32  funct_led.o(.constdata)
    x$fpl$usenofp                            0x00006f04   Section        0  usenofp.o(x$fpl$usenofp)
    .constdata                               0x00006f24   Section       20  lib_led.o(.constdata)
    .constdata                               0x00006f38   Section       88  lib_timer.o(.constdata)
    .constdata                               0x00006f90   Section     1520  ascii.o(.constdata)
    AsciiLib                                 0x00006f90   Data        1520  ascii.o(.constdata)
    .constdata                               0x00007580   Section        8  lib_elevator.o(.constdata)
    .constdata                               0x00007588   Section        8  lib_maintenance.o(.constdata)
    .data                                    0x10000000   Section        4  system_lpc17xx.o(.data)
    .data                                    0x10000004   Section        1  lib_led.o(.data)
    .data                                    0x10000006   Section        6  irq_adc.o(.data)
    .data                                    0x1000000c   Section       16  irq_rit.o(.data)
    .data                                    0x1000001c   Section       16  irq_timer.o(.data)
    ticks                                    0x10000028   Data           4  irq_timer.o(.data)
    .data                                    0x1000002c   Section        1  lib_glcd.o(.data)
    LCD_Code                                 0x1000002c   Data           1  lib_glcd.o(.data)
    .data                                    0x1000002e   Section       20  touchpanel.o(.data)
    screen                                   0x1000003e   Data           4  touchpanel.o(.data)
    .data                                    0x10000044   Section       40  lib_elevator.o(.data)
    .data                                    0x1000006c   Section      236  lib_maintenance.o(.data)
    .data                                    0x10000158   Section        8  lib_emergency.o(.data)
    .bss                                     0x10000160   Section       68  touchpanel.o(.bss)
    .bss                                     0x100001a4   Section       96  libspace.o(.bss)
    HEAP                                     0x10000208   Section        0  startup_lpc17xx.o(HEAP)
    STACK                                    0x10000208   Section      512  startup_lpc17xx.o(STACK)
    Heap_Mem                                 0x10000208   Data           0  startup_lpc17xx.o(HEAP)
    Stack_Mem                                0x10000208   Data         512  startup_lpc17xx.o(STACK)
    __initial_sp                             0x10000408   Data           0  startup_lpc17xx.o(STACK)

    Global Symbols

    Symbol Name                              Value     Ov Type        Size  Object(Section)

    BuildAttributes$$THM_ISAv4$P$D$K$B$S$PE$A:L22UL41UL21$X:L11$S22US41US21$IEEE1$IW$USESV6$~STKCKD$USESV7$~SHL$OSPACE$ROPI$EBA8$UX$STANDARDLIB$REQ8$PRES8$EABIv2 0x00000000   Number         0  anon$$obj.o ABSOLUTE
    __ARM_use_no_argv                        0x00000000   Number         0  sample.o ABSOLUTE
    __Vectors                                0x00000000   Data           4  startup_lpc17xx.o(RESET)
    __ARM_exceptions_init                     - Undefined Weak Reference
    __alloca_initialize                       - Undefined Weak Reference
    __arm_preinit_                            - Undefined Weak Reference
    __cpp_initialize__aeabi_                  - Undefined Weak Reference
    __cxa_finalize                            - Undefined Weak Reference
    __rt_locale                               - Undefined Weak Reference
    __sigvec_lookup                           - Undefined Weak Reference
    _atexit_init                              - Undefined Weak Reference
    _call_atexit_fns                          - Undefined Weak Reference
    _clock_init                               - Undefined Weak Reference
    _fp_trap_init                             - Undefined Weak Reference
    _fp_trap_shutdown                         - Undefined Weak Reference
    _get_lc_collate                           - Undefined Weak Reference
    _get_lc_ctype                             - Undefined Weak Reference
    _get_lc_monetary                          - Undefined Weak Reference
    _get_lc_numeric                           - Undefined Weak Reference
    _get_lc_time                              - Undefined Weak Reference
    _getenv_init                              - Undefined Weak Reference
    _handle_redirection                       - Undefined Weak Reference
    _init_alloc                               - Undefined Weak Reference
    _init_user_alloc                          - Undefined Weak Reference
    _initio                                   - Undefined Weak Reference
    _rand_init                                - Undefined Weak Reference
    _signal_finish                            - Undefined Weak Reference
    _signal_init                              - Undefined Weak Reference
    _terminate_alloc                          - Undefined Weak Reference
    _terminate_user_alloc                     - Undefined Weak Reference
    _terminateio                              - Undefined Weak Reference
    __main                                   0x000000cd   Thumb Code     8  __main.o(!!!main)
    __scatterload                            0x000000d5   Thumb Code     0  __scatter.o(!!!scatter)
    __scatterload_rt2                        0x000000d5   Thumb Code    44  __scatter.o(!!!scatter)
    __scatterload_rt2_thumb_only             0x000000d5   Thumb Code     0  __scatter.o(!!!scatter)
    __scatterload_null                       0x000000e3   Thumb Code     0  __scatter.o(!!!scatter)
    __decompress                             0x00000109   Thumb Code    90  __dczerorl2.o(!!dczerorl2)
    __decompress1                            0x00000109   Thumb Code     0  __dczerorl2.o(!!dczerorl2)
    __scatterload_zeroinit                   0x00000165   Thumb Code    28  __scatter_zi.o(!!handler_zi)
    __rt_lib_init                            0x00000181   Thumb Code     0  libinit.o(.ARM.Collect$$libinit$$00000000)
    __rt_lib_init_alloca_1                   0x00000183   Thumb Code     0  libinit2.o(.ARM.Collect$$libinit$$0000002E)
    __rt_lib_init_argv_1                     0x00000183   Thumb Code     0  libinit2.o(.ARM.Collect$$libinit$$0000002C)
    __rt_lib_init_atexit_1                   0x00000183   Thumb Code     0  libinit2.o(.ARM.Collect$$libinit$$0000001B)
    __rt_lib_init_clock_1                    0x00000183   Thumb Code     0  libinit2.o(.ARM.Collect$$libinit$$00000021)
    __rt_lib_init_cpp_1                      0x00000183   Thumb Code     0  libinit2.o(.ARM.Collect$$libinit$$00000032)
    __rt_lib_init_exceptions_1               0x00000183   Thumb Code     0  libinit2.o(.ARM.Collect$$libinit$$00000030)
    __rt_lib_init_fp_1                       0x00000183   Thumb Code     0  libinit2.o(.ARM.Collect$$libinit$$00000002)
    __rt_lib_init_fp_trap_1                  0x00000183   Thumb Code     0  libinit2.o(.ARM.Collect$$libinit$$0000001F)
    __rt_lib_init_getenv_1                   0x00000183   Thumb Code     0  libinit2.o(.ARM.Collect$$libinit$$00000023)
    __rt_lib_init_heap_1                     0x00000183   Thumb Code     0  libinit2.o(.ARM.Collect$$libinit$$0000000A)
    __rt_lib_init_lc_collate_1               0x00000183   Thumb Code     0  libinit2.o(.ARM.Collect$$libinit$$00000011)
    __rt_lib_init_lc_ctype_1                 0x00000183   Thumb Code     0  libinit2.o(.ARM.Collect$$libinit$$00000013)
    __rt_lib_init_lc_monetary_1              0x00000183   Thumb Code     0  libinit2.o(.ARM.Collect$$libinit$$00000015)
    __rt_lib_init_lc_numeric_1               0x00000183   Thumb Code     0  libinit2.o(.ARM.Collect$$libinit$$00000017)
    __rt_lib_init_lc_time_1                  0x00000183   Thumb Code     0  libinit2.o(.ARM.Collect$$libinit$$00000019)
    __rt_lib_init_preinit_1                  0x00000183   Thumb Code     0  libinit2.o(.ARM.Collect$$libinit$$00000004)
    __rt_lib_init_rand_1                     0x00000183   Thumb Code     0  libinit2.o(.ARM.Collect$$libinit$$0000000E)
    __rt_lib_init_return                     0x00000183   Thumb Code     0  libinit2.o(.ARM.Collect$$libinit$$00000033)
    __rt_lib_init_signal_1                   0x00000183   Thumb Code     0  libinit2.o(.ARM.Collect$$libinit$$0000001D)
    __rt_lib_init_stdio_1                    0x00000183   Thumb Code     0  libinit2.o(.ARM.Collect$$libinit$$00000025)
    __rt_lib_init_user_alloc_1               0x00000183   Thumb Code     0  libinit2.o(.ARM.Collect$$libinit$$0000000C)
    __rt_lib_shutdown                        0x00000185   Thumb Code     0  libshutdown.o(.ARM.Collect$$libshutdown$$00000000)
    __rt_lib_shutdown_cpp_1                  0x00000187   Thumb Code     0  libshutdown2.o(.ARM.Collect$$libshutdown$$00000002)
    __rt_lib_shutdown_fp_trap_1              0x00000187   Thumb Code     0  libshutdown2.o(.ARM.Collect$$libshutdown$$00000007)
    __rt_lib_shutdown_heap_1                 0x00000187   Thumb Code     0  libshutdown2.o(.ARM.Collect$$libshutdown$$0000000F)
    __rt_lib_shutdown_return                 0x00000187   Thumb Code     0  libshutdown2.o(.ARM.Collect$$libshutdown$$00000010)
    __rt_lib_shutdown_signal_1               0x00000187   Thumb Code     0  libshutdown2.o(.ARM.Collect$$libshutdown$$0000000A)
    __rt_lib_shutdown_stdio_1                0x00000187   Thumb Code     0  libshutdown2.o(.ARM.Collect$$libshutdown$$00000004)
    __rt_lib_shutdown_user_alloc_1           0x00000187   Thumb Code     0  libshutdown2.o(.ARM.Collect$$libshutdown$$0000000C)
    __rt_entry                               0x00000189   Thumb Code     0  __rtentry.o(.ARM.Collect$$rtentry$$00000000)
    __rt_entry_presh_1                       0x00000189   Thumb Code     0  __rtentry2.o(.ARM.Collect$$rtentry$$00000002)
    __rt_entry_sh                            0x00000189   Thumb Code     0  __rtentry4.o(.ARM.Collect$$rtentry$$00000004)
    __rt_entry_li                            0x0000018f   Thumb Code     0  __rtentry2.o(.ARM.Collect$$rtentry$$0000000A)
    __rt_entry_postsh_1                      0x0000018f   Thumb Code     0  __rtentry2.o(.ARM.Collect$$rtentry$$00000009)
    __rt_entry_main                          0x00000193   Thumb Code     0  __rtentry2.o(.ARM.Collect$$rtentry$$0000000D)
    __rt_entry_postli_1                      0x00000193   Thumb Code     0  __rtentry2.o(.ARM.Collect$$rtentry$$0000000C)
    __rt_exit                                0x0000019b   Thumb Code     0  rtexit.o(.ARM.Collect$$rtexit$$00000000)
    __rt_exit_ls                             0x0000019d   Thumb Code     0  rtexit2.o(.ARM.Collect$$rtexit$$00000003)
    __rt_exit_prels_1                        0x0000019d   Thumb Code     0  rtexit2.o(.ARM.Collect$$rtexit$$00000002)
    __rt_exit_exit                           0x000001a1   Thumb Code     0  rtexit2.o(.ARM.Collect$$rtexit$$00000004)
    Reset_Handler                            0x000001a9   Thumb Code     4  startup_lpc17xx.o(.text)
    NMI_Handler                              0x000001ad   Thumb Code     2  startup_lpc17xx.o(.text)
    HardFault_Handler                        0x000001af   Thumb Code     2  startup_lpc17xx.o(.text)
    MemManage_Handler                        0x000001b1   Thumb Code     2  startup_lpc17xx.o(.text)
    BusFault_Handler                         0x000001b3   Thumb Code     2  startup_lpc17xx.o(.text)
    UsageFault_Handler                       0x000001b5   Thumb Code     2  startup_lpc17xx.o(.text)
    SVC_Handler                              0x000001b7   Thumb Code     2  startup_lpc17xx.o(.text)
    DebugMon_Handler                         0x000001b9   Thumb Code     2  startup_lpc17xx.o(.text)
    PendSV_Handler                           0x000001bb   Thumb Code     2  startup_lpc17xx.o(.text)
    SysTick_Handler                          0x000001bd   Thumb Code     2  startup_lpc17xx.o(.text)
    BOD_IRQHandler                           0x000001bf   Thumb Code     0  startup_lpc17xx.o(.text)
    CANActivity_IRQHandler                   0x000001bf   Thumb Code     0  startup_lpc17xx.o(.text)
    CAN_IRQHandler                           0x000001bf   Thumb Code     0  startup_lpc17xx.o(.text)
    DMA_IRQHandler                           0x000001bf   Thumb Code     0  startup_lpc17xx.o(.text)
    EINT3_IRQHandler                         0x000001bf   Thumb Code     0  startup_lpc17xx.o(.text)
    ENET_IRQHandler                          0x000001bf   Thumb Code     0  startup_lpc17xx.o(.text)
    I2C0_IRQHandler                          0x000001bf   Thumb Code     0  startup_lpc17xx.o(.text)
    I2C1_IRQHandler                          0x000001bf   Thumb Code     0  startup_lpc17xx.o(.text)
    I2C2_IRQHandler                          0x000001bf   Thumb Code     0  startup_lpc17xx.o(.text)
    I2S_IRQHandler                           0x000001bf   Thumb Code     0  startup_lpc17xx.o(.text)
    MCPWM_IRQHandler                         0x000001bf   Thumb Code     0  startup_lpc17xx.o(.text)
    PLL0_IRQHandler                          0x000001bf   Thumb Code     0  startup_lpc17xx.o(.text)
    PLL1_IRQHandler                          0x000001bf   Thumb Code     0  startup_lpc17xx.o(.text)
    PWM1_IRQHandler                          0x000001bf   Thumb Code     0  startup_lpc17xx.o(.text)
    QEI_IRQHandler                           0x000001bf   Thumb Code     0  startup_lpc17xx.o(.text)
    RTC_IRQHandler                           0x000001bf   Thumb Code     0  startup_lpc17xx.o(.text)
    SPI_IRQHandler                           0x000001bf   Thumb Code     0  startup_lpc17xx.o(.text)
    SSP0_IRQHandler                          0x000001bf   Thumb Code     0  startup_lpc17xx.o(.text)
    SSP1_IRQHandler                          0x000001bf   Thumb Code     0  startup_lpc17xx.o(.text)
    UART0_IRQHandler                         0x000001bf   Thumb Code     0  startup_lpc17xx.o(.text)
    UART1_IRQHandler                         0x000001bf   Thumb Code     0  startup_lpc17xx.o(.text)
    UART2_IRQHandler                         0x000001bf   Thumb Code     0  startup_lpc17xx.o(.text)
    UART3_IRQHandler                         0x000001bf   Thumb Code     0  startup_lpc17xx.o(.text)
    USBActivity_IRQHandler                   0x000001bf   Thumb Code     0  startup_lpc17xx.o(.text)
    USB_IRQHandler                           0x000001bf   Thumb Code     0  startup_lpc17xx.o(.text)
    WDT_IRQHandler                           0x000001bf   Thumb Code     0  startup_lpc17xx.o(.text)
    __user_initial_stackheap                 0x000001c1   Thumb Code     0  startup_lpc17xx.o(.text)
    main                                     0x000001dd   Thumb Code    96  sample.o(.text)
    LED_On                                   0x00000245   Thumb Code    26  funct_led.o(.text)
    LED_Off                                  0x0000025f   Thumb Code    26  funct_led.o(.text)
    LED_isOn                                 0x00000279   Thumb Code    22  funct_led.o(.text)
    LED_Out                                  0x0000028f   Thumb Code    42  funct_led.o(.text)
    DAC_init                                 0x000002c5   Thumb Code    36  lib_dac.o(.text)
    DAC_convert                              0x000002e9   Thumb Code     6  lib_dac.o(.text)
    SystemInit                               0x00000301   Thumb Code   526  system_lpc17xx.o(.text)
    LED_init                                 0x0000052d   Thumb Code    38  lib_led.o(.text)
    LED_deinit                               0x00000553   Thumb Code    14  lib_led.o(.text)
    EINT0_IRQHandler                         0x0000056d   Thumb Code    42  irq_button.o(.text)
    EINT1_IRQHandler                         0x00000597   Thumb Code    42  irq_button.o(.text)
    EINT2_IRQHandler                         0x000005c1   Thumb Code    42  irq_button.o(.text)
    BUTTON_init                              0x00000639   Thumb Code   124  lib_button.o(.text)
    JOYSTICK_init                            0x000006e1   Thumb Code    46  lib_joystick.o(.text)
    ADC_IRQHandler                           0x0000071d   Thumb Code    54  irq_adc.o(.text)
    ADC_init                                 0x00000765   Thumb Code    60  lib_adc.o(.text)
    ADC_start_conversion                     0x000007a1   Thumb Code    14  lib_adc.o(.text)
    RIT_IRQHandler                           0x000007c1   Thumb Code   566  irq_rit.o(.text)
    RIT_enable                               0x00000a55   Thumb Code    14  lib_rit.o(.text)
    RIT_disable                              0x00000a63   Thumb Code    14  lib_rit.o(.text)
    RIT_reset                                0x00000a71   Thumb Code     8  lib_rit.o(.text)
    RIT_init                                 0x00000a79   Thumb Code    88  lib_rit.o(.text)
    TIMER0_IRQHandler                        0x00000add   Thumb Code   182  irq_timer.o(.text)
    TIMER1_IRQHandler                        0x00000b93   Thumb Code   122  irq_timer.o(.text)
    TIMER2_IRQHandler                        0x00000c0d   Thumb Code   232  irq_timer.o(.text)
    TIMER3_IRQHandler                        0x00000cf5   Thumb Code   680  irq_timer.o(.text)
    timer_enable                             0x00000f9d   Thumb Code    44  lib_timer.o(.text)
    timer_init                               0x00000fc9   Thumb Code   196  lib_timer.o(.text)
    TIMER_init                               0x0000108d   Thumb Code    90  lib_timer.o(.text)
    timer_disable                            0x000010e7   Thumb Code    44  lib_timer.o(.text)
    timer_reset                              0x00001113   Thumb Code    62  lib_timer.o(.text)
    timer_set_loudspeaker_freq               0x00001151   Thumb Code     6  lib_timer.o(.text)
    timer_set_mcr                            0x00001157   Thumb Code    36  lib_timer.o(.text)
    timer_set_tc                             0x0000117b   Thumb Code    36  lib_timer.o(.text)
    timer_get_tc                             0x0000119f   Thumb Code     8  lib_timer.o(.text)
    timer_init_base                          0x000011a7   Thumb Code    28  lib_timer.o(.text)
    GetASCIICode                             0x000011fd   Thumb Code    26  ascii.o(.text)
    delay_ms                                 0x00001789   Thumb Code    30  lib_glcd.o(.text)
    LCD_Clear                                0x000017a7   Thumb Code  1514  lib_glcd.o(.text)
    LCD_Initialization                       0x00001d91   Thumb Code 12118  lib_glcd.o(.text)
    LCD_GetPoint                             0x00004d01   Thumb Code   994  lib_glcd.o(.text)
    LCD_SetPoint                             0x000050e3   Thumb Code   206  lib_glcd.o(.text)
    LCD_DrawLine                             0x000051b1   Thumb Code   250  lib_glcd.o(.text)
    LCD_DrawRectangle                        0x000052ab   Thumb Code    60  lib_glcd.o(.text)
    PutChar                                  0x000052e7   Thumb Code   106  lib_glcd.o(.text)
    GUI_Text                                 0x00005351   Thumb Code    80  lib_glcd.o(.text)
    LPC17xx_SPI_SetSpeed                     0x000053a1   Thumb Code    16  touchpanel.o(.text)
    TP_Init                                  0x00005431   Thumb Code    30  touchpanel.o(.text)
    Read_X                                   0x000054cf   Thumb Code    42  touchpanel.o(.text)
    Read_Y                                   0x000054f9   Thumb Code    42  touchpanel.o(.text)
    TP_GetAdXY                               0x00005523   Thumb Code    34  touchpanel.o(.text)
    TP_DrawPoint                             0x00005545   Thumb Code    20  touchpanel.o(.text)
    DrawCross                                0x00005559   Thumb Code   356  touchpanel.o(.text)
    Read_Ads7846                             0x000056bd   Thumb Code   524  touchpanel.o(.text)
    setCalibrationMatrix                     0x000058c9   Thumb Code   356  touchpanel.o(.text)
    getDisplayPoint                          0x00005a2d   Thumb Code   238  touchpanel.o(.text)
    TouchPanel_Calibrate                     0x00005b1b   Thumb Code   108  touchpanel.o(.text)
    reserveElevator                          0x00005bbd   Thumb Code   130  lib_elevator.o(.text)
    isAlarmDetectedFloorZero                 0x00005c3f   Thumb Code    32  lib_elevator.o(.text)
    isAlarmDetectedFloorOne                  0x00005c5f   Thumb Code    32  lib_elevator.o(.text)
    moveElevator                             0x00005c7f   Thumb Code   116  lib_elevator.o(.text)
    stopElevator                             0x00005cf3   Thumb Code    60  lib_elevator.o(.text)
    goToHome                                 0x00005d79   Thumb Code   272  lib_maintenance.o(.text)
    selectNote                               0x00005e89   Thumb Code   406  lib_maintenance.o(.text)
    goToSetup                                0x0000601f   Thumb Code   166  lib_maintenance.o(.text)
    updateNote                               0x000060c5   Thumb Code    78  lib_maintenance.o(.text)
    saveNote                                 0x00006113   Thumb Code   282  lib_maintenance.o(.text)
    handleEmergency                          0x0000622d   Thumb Code   236  lib_emergency.o(.text)
    doRescue                                 0x00006319   Thumb Code   108  lib_emergency.o(.text)
    __aeabi_memcpy                           0x000063dd   Thumb Code     0  rt_memcpy_v6.o(.text)
    __rt_memcpy                              0x000063dd   Thumb Code   138  rt_memcpy_v6.o(.text)
    _memcpy_lastbytes                        0x00006443   Thumb Code     0  rt_memcpy_v6.o(.text)
    __aeabi_memclr4                          0x00006467   Thumb Code     0  rt_memclr_w.o(.text)
    __aeabi_memclr8                          0x00006467   Thumb Code     0  rt_memclr_w.o(.text)
    __rt_memclr_w                            0x00006467   Thumb Code    78  rt_memclr_w.o(.text)
    _memset_w                                0x0000646b   Thumb Code     0  rt_memclr_w.o(.text)
    __use_two_region_memory                  0x000064b5   Thumb Code     2  heapauxi.o(.text)
    __rt_heap_escrow$2region                 0x000064b7   Thumb Code     2  heapauxi.o(.text)
    __rt_heap_expand$2region                 0x000064b9   Thumb Code     2  heapauxi.o(.text)
    __aeabi_memcpy4                          0x000064bb   Thumb Code     0  rt_memcpy_w.o(.text)
    __aeabi_memcpy8                          0x000064bb   Thumb Code     0  rt_memcpy_w.o(.text)
    __rt_memcpy_w                            0x000064bb   Thumb Code   100  rt_memcpy_w.o(.text)
    _memcpy_lastbytes_aligned                0x00006503   Thumb Code     0  rt_memcpy_w.o(.text)
    __user_setup_stackheap                   0x0000651f   Thumb Code    74  sys_stackheap_outer.o(.text)
    exit                                     0x00006569   Thumb Code    18  exit.o(.text)
    __user_libspace                          0x0000657d   Thumb Code     8  libspace.o(.text)
    __user_perproc_libspace                  0x0000657d   Thumb Code     0  libspace.o(.text)
    __user_perthread_libspace                0x0000657d   Thumb Code     0  libspace.o(.text)
    _sys_exit                                0x00006585   Thumb Code     8  sys_exit.o(.text)
    __I$use$semihosting                      0x00006591   Thumb Code     0  use_no_semi.o(.text)
    __use_no_semihosting_swi                 0x00006591   Thumb Code     2  use_no_semi.o(.text)
    __semihosting_library_function           0x00006593   Thumb Code     0  indicate_semi.o(.text)
    __aeabi_dadd                             0x00006595   Thumb Code     0  daddsub_clz.o(x$fpl$dadd)
    _dadd                                    0x00006595   Thumb Code   332  daddsub_clz.o(x$fpl$dadd)
    __fpl_dcmp_Inf                           0x000066e5   Thumb Code    24  dcmpi.o(x$fpl$dcmpinf)
    __aeabi_ddiv                             0x000066fd   Thumb Code     0  ddiv.o(x$fpl$ddiv)
    _ddiv                                    0x000066fd   Thumb Code   552  ddiv.o(x$fpl$ddiv)
    __aeabi_cdcmpeq                          0x000069ad   Thumb Code     0  deqf.o(x$fpl$deqf)
    _dcmpeq                                  0x000069ad   Thumb Code   120  deqf.o(x$fpl$deqf)
    __aeabi_d2iz                             0x00006a25   Thumb Code     0  dfix.o(x$fpl$dfix)
    _dfix                                    0x00006a25   Thumb Code    94  dfix.o(x$fpl$dfix)
    __aeabi_d2uiz                            0x00006a85   Thumb Code     0  dfixu.o(x$fpl$dfixu)
    _dfixu                                   0x00006a85   Thumb Code    90  dfixu.o(x$fpl$dfixu)
    __aeabi_i2d                              0x00006adf   Thumb Code     0  dflt_clz.o(x$fpl$dflt)
    _dflt                                    0x00006adf   Thumb Code    46  dflt_clz.o(x$fpl$dflt)
    __aeabi_ui2d                             0x00006b0d   Thumb Code     0  dflt_clz.o(x$fpl$dfltu)
    _dfltu                                   0x00006b0d   Thumb Code    38  dflt_clz.o(x$fpl$dfltu)
    __aeabi_dmul                             0x00006b35   Thumb Code     0  dmul.o(x$fpl$dmul)
    _dmul                                    0x00006b35   Thumb Code   332  dmul.o(x$fpl$dmul)
    __fpl_dnaninf                            0x00006c89   Thumb Code   156  dnaninf.o(x$fpl$dnaninf)
    __fpl_dretinf                            0x00006d25   Thumb Code    12  dretinf.o(x$fpl$dretinf)
    __aeabi_dsub                             0x00006d31   Thumb Code     0  daddsub_clz.o(x$fpl$dsub)
    _dsub                                    0x00006d31   Thumb Code   464  daddsub_clz.o(x$fpl$dsub)
    __I$use$fp                               0x00006f04   Number         0  usenofp.o(x$fpl$usenofp)
    led_mask                                 0x00006f04   Data          32  funct_led.o(.constdata)
    LED_CONTROLLER_STATUS                    0x00006f24   Data           4  lib_led.o(.constdata)
    LED_ALARM_FLOOR_1                        0x00006f28   Data           4  lib_led.o(.constdata)
    LED_RESERVED_FLOOR_1                     0x00006f2c   Data           4  lib_led.o(.constdata)
    LED_ALARM_FLOOR_0                        0x00006f30   Data           4  lib_led.o(.constdata)
    LED_RESERVED_FLOOR_0                     0x00006f34   Data           4  lib_led.o(.constdata)
    MOVING_TIMER                             0x00006f38   Data           4  lib_timer.o(.constdata)
    FLOOR_REACHED_TIMER                      0x00006f3c   Data           4  lib_timer.o(.constdata)
    EMERGENCY_TIMER                          0x00006f40   Data           4  lib_timer.o(.constdata)
    REFRESH_TIMER                            0x00006f44   Data           4  lib_timer.o(.constdata)
    POSITION_TIMER                           0x00006f48   Data           4  lib_timer.o(.constdata)
    IDLE_TIMER                               0x00006f4c   Data           4  lib_timer.o(.constdata)
    TOUCH_TIMER                              0x00006f50   Data           4  lib_timer.o(.constdata)
    LOUDSPEAKER_TIMER                        0x00006f54   Data           4  lib_timer.o(.constdata)
    IDLE_TIMER_MAX_VALUE                     0x00006f58   Data           4  lib_timer.o(.constdata)
    TOUCH_TIMER_MAX_VALUE                    0x00006f5c   Data           4  lib_timer.o(.constdata)
    MOVING_TIMER_MAX_VALUE                   0x00006f60   Data           4  lib_timer.o(.constdata)
    REFRESH_TIMER_MAX_VALUE                  0x00006f64   Data           4  lib_timer.o(.constdata)
    POSITION_TIMER_MAX_VALUE                 0x00006f68   Data           4  lib_timer.o(.constdata)
    EMERGENCY_TIMER_MAX_VALUE                0x00006f6c   Data           4  lib_timer.o(.constdata)
    FLOOR_REACHED_TIMER_MAX_VALUE            0x00006f70   Data           4  lib_timer.o(.constdata)
    EMERGENCY_ALARM_TIMER_MAX_VALUE          0x00006f74   Data           4  lib_timer.o(.constdata)
    IDLE_MCR                                 0x00006f78   Data           4  lib_timer.o(.constdata)
    DEFAULT_MCR                              0x00006f7c   Data           4  lib_timer.o(.constdata)
    EMERGENCY_MCR                            0x00006f80   Data           4  lib_timer.o(.constdata)
    DEFAULT_MCR_BASE                         0x00006f84   Data           4  lib_timer.o(.constdata)
    LOUDSPEAKER_MCR                          0x00006f88   Data           4  lib_timer.o(.constdata)
    FLOOR_REACHED_MCR                        0x00006f8c   Data           4  lib_timer.o(.constdata)
    DEFAULT_ELEVATOR_POSITION                0x00007580   Data           4  lib_elevator.o(.constdata)
    MAX_ELEVATOR_POSITION                    0x00007584   Data           4  lib_elevator.o(.constdata)
    SIN_POINTS                               0x00007588   Data           4  lib_maintenance.o(.constdata)
    DEFAULT_SCREEN_BG                        0x0000758c   Data           4  lib_maintenance.o(.constdata)
    Region$$Table$$Base                      0x00007590   Number         0  anon$$obj.o(Region$$Table)
    Region$$Table$$Limit                     0x000075b0   Number         0  anon$$obj.o(Region$$Table)
    SystemFrequency                          0x10000000   Data           4  system_lpc17xx.o(.data)
    led_value                                0x10000004   Data           1  lib_led.o(.data)
    AD_current                               0x10000006   Data           2  irq_adc.o(.data)
    AD_last                                  0x10000008   Data           2  irq_adc.o(.data)
    IDX_count                                0x1000000a   Data           2  irq_adc.o(.data)
    moveJoystick                             0x1000000c   Data           4  irq_rit.o(.data)
    reservedOne                              0x10000010   Data           4  irq_rit.o(.data)
    reservedZero                             0x10000014   Data           4  irq_rit.o(.data)
    emergencyHappened                        0x10000018   Data           4  irq_rit.o(.data)
    ticks                                    0x1000001c   Data           4  irq_timer.o(.data)
    x                                        0x10000020   Data           1  irq_timer.o(.data)
    isTouching                               0x10000024   Data           4  irq_timer.o(.data)
    display                                  0x1000002e   Data           4  touchpanel.o(.data)
    DisplaySample                            0x10000032   Data          12  touchpanel.o(.data)
    isOnMaintenance                          0x10000044   Data           4  lib_elevator.o(.data)
    elevatorPosition                         0x10000048   Data           4  lib_elevator.o(.data)
    requestedFloor                           0x1000004c   Data           4  lib_elevator.o(.data)
    elevatorFloor                            0x10000050   Data           4  lib_elevator.o(.data)
    isElevatorBetweenFloors                  0x10000054   Data           4  lib_elevator.o(.data)
    isElevatorMovingUpstairs                 0x10000058   Data           4  lib_elevator.o(.data)
    isElevatorMoving                         0x1000005c   Data           4  lib_elevator.o(.data)
    isElevatorFree                           0x10000060   Data           4  lib_elevator.o(.data)
    isJoystickEnabled                        0x10000064   Data           4  lib_elevator.o(.data)
    isDestinationReached                     0x10000068   Data           4  lib_elevator.o(.data)
    octave                                   0x1000006c   Data         128  lib_maintenance.o(.data)
    SinTable                                 0x100000ec   Data          90  lib_maintenance.o(.data)
    note_one_idx                             0x10000148   Data           4  lib_maintenance.o(.data)
    note_two_idx                             0x1000014c   Data           4  lib_maintenance.o(.data)
    isHomePage                               0x10000150   Data           4  lib_maintenance.o(.data)
    isNoteASelected                          0x10000154   Data           4  lib_maintenance.o(.data)
    isEmergency                              0x10000158   Data           4  lib_emergency.o(.data)
    isRescuing                               0x1000015c   Data           4  lib_emergency.o(.data)
    matrix                                   0x10000160   Data          56  touchpanel.o(.bss)
    ScreenSample                             0x10000198   Data          12  touchpanel.o(.bss)
    __libspace_start                         0x100001a4   Data          96  libspace.o(.bss)
    __temporary_stack_top$libspace           0x10000204   Data           0  libspace.o(.bss)



==============================================================================

Memory Map of the image

  Image Entry point : 0x000000cd

  Load Region LR_IROM1 (Base: 0x00000000, Size: 0x00007710, Max: 0x00080000, ABSOLUTE, COMPRESSED[0x00007680])

    Execution Region ER_IROM1 (Exec base: 0x00000000, Load base: 0x00000000, Size: 0x000075b0, Max: 0x00080000, ABSOLUTE)

    Exec Addr    Load Addr    Size         Type   Attr      Idx    E Section Name        Object

    0x00000000   0x00000000   0x000000cc   Data   RO            3    RESET               startup_lpc17xx.o
    0x000000cc   0x000000cc   0x00000008   Code   RO          658  * !!!main             c_w.l(__main.o)
    0x000000d4   0x000000d4   0x00000034   Code   RO          854    !!!scatter          c_w.l(__scatter.o)
    0x00000108   0x00000108   0x0000005a   Code   RO          852    !!dczerorl2         c_w.l(__dczerorl2.o)
    0x00000162   0x00000162   0x00000002   PAD
    0x00000164   0x00000164   0x0000001c   Code   RO          856    !!handler_zi        c_w.l(__scatter_zi.o)
    0x00000180   0x00000180   0x00000002   Code   RO          722    .ARM.Collect$$libinit$$00000000  c_w.l(libinit.o)
    0x00000182   0x00000182   0x00000000   Code   RO          729    .ARM.Collect$$libinit$$00000002  c_w.l(libinit2.o)
    0x00000182   0x00000182   0x00000000   Code   RO          731    .ARM.Collect$$libinit$$00000004  c_w.l(libinit2.o)
    0x00000182   0x00000182   0x00000000   Code   RO          734    .ARM.Collect$$libinit$$0000000A  c_w.l(libinit2.o)
    0x00000182   0x00000182   0x00000000   Code   RO          736    .ARM.Collect$$libinit$$0000000C  c_w.l(libinit2.o)
    0x00000182   0x00000182   0x00000000   Code   RO          738    .ARM.Collect$$libinit$$0000000E  c_w.l(libinit2.o)
    0x00000182   0x00000182   0x00000000   Code   RO          741    .ARM.Collect$$libinit$$00000011  c_w.l(libinit2.o)
    0x00000182   0x00000182   0x00000000   Code   RO          743    .ARM.Collect$$libinit$$00000013  c_w.l(libinit2.o)
    0x00000182   0x00000182   0x00000000   Code   RO          745    .ARM.Collect$$libinit$$00000015  c_w.l(libinit2.o)
    0x00000182   0x00000182   0x00000000   Code   RO          747    .ARM.Collect$$libinit$$00000017  c_w.l(libinit2.o)
    0x00000182   0x00000182   0x00000000   Code   RO          749    .ARM.Collect$$libinit$$00000019  c_w.l(libinit2.o)
    0x00000182   0x00000182   0x00000000   Code   RO          751    .ARM.Collect$$libinit$$0000001B  c_w.l(libinit2.o)
    0x00000182   0x00000182   0x00000000   Code   RO          753    .ARM.Collect$$libinit$$0000001D  c_w.l(libinit2.o)
    0x00000182   0x00000182   0x00000000   Code   RO          755    .ARM.Collect$$libinit$$0000001F  c_w.l(libinit2.o)
    0x00000182   0x00000182   0x00000000   Code   RO          757    .ARM.Collect$$libinit$$00000021  c_w.l(libinit2.o)
    0x00000182   0x00000182   0x00000000   Code   RO          759    .ARM.Collect$$libinit$$00000023  c_w.l(libinit2.o)
    0x00000182   0x00000182   0x00000000   Code   RO          761    .ARM.Collect$$libinit$$00000025  c_w.l(libinit2.o)
    0x00000182   0x00000182   0x00000000   Code   RO          765    .ARM.Collect$$libinit$$0000002C  c_w.l(libinit2.o)
    0x00000182   0x00000182   0x00000000   Code   RO          767    .ARM.Collect$$libinit$$0000002E  c_w.l(libinit2.o)
    0x00000182   0x00000182   0x00000000   Code   RO          769    .ARM.Collect$$libinit$$00000030  c_w.l(libinit2.o)
    0x00000182   0x00000182   0x00000000   Code   RO          771    .ARM.Collect$$libinit$$00000032  c_w.l(libinit2.o)
    0x00000182   0x00000182   0x00000002   Code   RO          772    .ARM.Collect$$libinit$$00000033  c_w.l(libinit2.o)
    0x00000184   0x00000184   0x00000002   Code   RO          792    .ARM.Collect$$libshutdown$$00000000  c_w.l(libshutdown.o)
    0x00000186   0x00000186   0x00000000   Code   RO          805    .ARM.Collect$$libshutdown$$00000002  c_w.l(libshutdown2.o)
    0x00000186   0x00000186   0x00000000   Code   RO          807    .ARM.Collect$$libshutdown$$00000004  c_w.l(libshutdown2.o)
    0x00000186   0x00000186   0x00000000   Code   RO          810    .ARM.Collect$$libshutdown$$00000007  c_w.l(libshutdown2.o)
    0x00000186   0x00000186   0x00000000   Code   RO          813    .ARM.Collect$$libshutdown$$0000000A  c_w.l(libshutdown2.o)
    0x00000186   0x00000186   0x00000000   Code   RO          815    .ARM.Collect$$libshutdown$$0000000C  c_w.l(libshutdown2.o)
    0x00000186   0x00000186   0x00000000   Code   RO          818    .ARM.Collect$$libshutdown$$0000000F  c_w.l(libshutdown2.o)
    0x00000186   0x00000186   0x00000002   Code   RO          819    .ARM.Collect$$libshutdown$$00000010  c_w.l(libshutdown2.o)
    0x00000188   0x00000188   0x00000000   Code   RO          688    .ARM.Collect$$rtentry$$00000000  c_w.l(__rtentry.o)
    0x00000188   0x00000188   0x00000000   Code   RO          699    .ARM.Collect$$rtentry$$00000002  c_w.l(__rtentry2.o)
    0x00000188   0x00000188   0x00000006   Code   RO          711    .ARM.Collect$$rtentry$$00000004  c_w.l(__rtentry4.o)
    0x0000018e   0x0000018e   0x00000000   Code   RO          701    .ARM.Collect$$rtentry$$00000009  c_w.l(__rtentry2.o)
    0x0000018e   0x0000018e   0x00000004   Code   RO          702    .ARM.Collect$$rtentry$$0000000A  c_w.l(__rtentry2.o)
    0x00000192   0x00000192   0x00000000   Code   RO          704    .ARM.Collect$$rtentry$$0000000C  c_w.l(__rtentry2.o)
    0x00000192   0x00000192   0x00000008   Code   RO          705    .ARM.Collect$$rtentry$$0000000D  c_w.l(__rtentry2.o)
    0x0000019a   0x0000019a   0x00000002   Code   RO          726    .ARM.Collect$$rtexit$$00000000  c_w.l(rtexit.o)
    0x0000019c   0x0000019c   0x00000000   Code   RO          774    .ARM.Collect$$rtexit$$00000002  c_w.l(rtexit2.o)
    0x0000019c   0x0000019c   0x00000004   Code   RO          775    .ARM.Collect$$rtexit$$00000003  c_w.l(rtexit2.o)
    0x000001a0   0x000001a0   0x00000006   Code   RO          776    .ARM.Collect$$rtexit$$00000004  c_w.l(rtexit2.o)
    0x000001a6   0x000001a6   0x00000002   PAD
    0x000001a8   0x000001a8   0x00000034   Code   RO            5    .text               startup_lpc17xx.o
    0x000001dc   0x000001dc   0x00000068   Code   RO           15    .text               sample.o
    0x00000244   0x00000244   0x00000080   Code   RO          129    .text               funct_led.o
    0x000002c4   0x000002c4   0x00000038   Code   RO          327    .text               lib_dac.o
    0x000002fc   0x000002fc   0x00000004   Code   RO            4    .ARM.__at_0x02FC    startup_lpc17xx.o
    0x00000300   0x00000300   0x0000022c   Code   RO           99    .text               system_lpc17xx.o
    0x0000052c   0x0000052c   0x00000040   Code   RO          163    .text               lib_led.o
    0x0000056c   0x0000056c   0x000000ac   Code   RO          187    .text               irq_button.o
    0x00000618   0x00000618   0x000000c8   Code   RO          215    .text               lib_button.o
    0x000006e0   0x000006e0   0x0000003c   Code   RO          239    .text               lib_joystick.o
    0x0000071c   0x0000071c   0x00000048   Code   RO          262    .text               irq_adc.o
    0x00000764   0x00000764   0x0000005c   Code   RO          303    .text               lib_adc.o
    0x000007c0   0x000007c0   0x00000294   Code   RO          350    .text               irq_rit.o
    0x00000a54   0x00000a54   0x00000088   Code   RO          389    .text               lib_rit.o
    0x00000adc   0x00000adc   0x000004c0   Code   RO          409    .text               irq_timer.o
    0x00000f9c   0x00000f9c   0x00000260   Code   RO          452    .text               lib_timer.o
    0x000011fc   0x000011fc   0x00000020   Code   RO          473    .text               ascii.o
    0x0000121c   0x0000121c   0x00004184   Code   RO          509    .text               lib_glcd.o
    0x000053a0   0x000053a0   0x0000081c   Code   RO          534    .text               touchpanel.o
    0x00005bbc   0x00005bbc   0x000001bc   Code   RO          562    .text               lib_elevator.o
    0x00005d78   0x00005d78   0x000004b4   Code   RO          590    .text               lib_maintenance.o
    0x0000622c   0x0000622c   0x000001b0   Code   RO          628    .text               lib_emergency.o
    0x000063dc   0x000063dc   0x0000008a   Code   RO          652    .text               c_w.l(rt_memcpy_v6.o)
    0x00006466   0x00006466   0x0000004e   Code   RO          654    .text               c_w.l(rt_memclr_w.o)
    0x000064b4   0x000064b4   0x00000006   Code   RO          656    .text               c_w.l(heapauxi.o)
    0x000064ba   0x000064ba   0x00000064   Code   RO          689    .text               c_w.l(rt_memcpy_w.o)
    0x0000651e   0x0000651e   0x0000004a   Code   RO          713    .text               c_w.l(sys_stackheap_outer.o)
    0x00006568   0x00006568   0x00000012   Code   RO          715    .text               c_w.l(exit.o)
    0x0000657a   0x0000657a   0x00000002   PAD
    0x0000657c   0x0000657c   0x00000008   Code   RO          723    .text               c_w.l(libspace.o)
    0x00006584   0x00006584   0x0000000c   Code   RO          784    .text               c_w.l(sys_exit.o)
    0x00006590   0x00006590   0x00000002   Code   RO          795    .text               c_w.l(use_no_semi.o)
    0x00006592   0x00006592   0x00000000   Code   RO          797    .text               c_w.l(indicate_semi.o)
    0x00006592   0x00006592   0x00000002   PAD
    0x00006594   0x00006594   0x00000150   Code   RO          660    x$fpl$dadd          fz_ws.l(daddsub_clz.o)
    0x000066e4   0x000066e4   0x00000018   Code   RO          691    x$fpl$dcmpinf       fz_ws.l(dcmpi.o)
    0x000066fc   0x000066fc   0x000002b0   Code   RO          667    x$fpl$ddiv          fz_ws.l(ddiv.o)
    0x000069ac   0x000069ac   0x00000078   Code   RO          670    x$fpl$deqf          fz_ws.l(deqf.o)
    0x00006a24   0x00006a24   0x0000005e   Code   RO          672    x$fpl$dfix          fz_ws.l(dfix.o)
    0x00006a82   0x00006a82   0x00000002   PAD
    0x00006a84   0x00006a84   0x0000005a   Code   RO          676    x$fpl$dfixu         fz_ws.l(dfixu.o)
    0x00006ade   0x00006ade   0x0000002e   Code   RO          681    x$fpl$dflt          fz_ws.l(dflt_clz.o)
    0x00006b0c   0x00006b0c   0x00000026   Code   RO          680    x$fpl$dfltu         fz_ws.l(dflt_clz.o)
    0x00006b32   0x00006b32   0x00000002   PAD
    0x00006b34   0x00006b34   0x00000154   Code   RO          686    x$fpl$dmul          fz_ws.l(dmul.o)
    0x00006c88   0x00006c88   0x0000009c   Code   RO          693    x$fpl$dnaninf       fz_ws.l(dnaninf.o)
    0x00006d24   0x00006d24   0x0000000c   Code   RO          695    x$fpl$dretinf       fz_ws.l(dretinf.o)
    0x00006d30   0x00006d30   0x000001d4   Code   RO          662    x$fpl$dsub          fz_ws.l(daddsub_clz.o)
    0x00006f04   0x00006f04   0x00000000   Code   RO          697    x$fpl$usenofp       fz_ws.l(usenofp.o)
    0x00006f04   0x00006f04   0x00000020   Data   RO          130    .constdata          funct_led.o
    0x00006f24   0x00006f24   0x00000014   Data   RO          164    .constdata          lib_led.o
    0x00006f38   0x00006f38   0x00000058   Data   RO          453    .constdata          lib_timer.o
    0x00006f90   0x00006f90   0x000005f0   Data   RO          474    .constdata          ascii.o
    0x00007580   0x00007580   0x00000008   Data   RO          563    .constdata          lib_elevator.o
    0x00007588   0x00007588   0x00000008   Data   RO          591    .constdata          lib_maintenance.o
    0x00007590   0x00007590   0x00000020   Data   RO          850    Region$$Table       anon$$obj.o


    Execution Region RW_IRAM1 (Exec base: 0x10000000, Load base: 0x000075b0, Size: 0x00000408, Max: 0x00008000, ABSOLUTE, COMPRESSED[0x000000d0])

    Exec Addr    Load Addr    Size         Type   Attr      Idx    E Section Name        Object

    0x10000000   COMPRESSED   0x00000004   Data   RW          100    .data               system_lpc17xx.o
    0x10000004   COMPRESSED   0x00000001   Data   RW          165    .data               lib_led.o
    0x10000005   COMPRESSED   0x00000001   PAD
    0x10000006   COMPRESSED   0x00000006   Data   RW          263    .data               irq_adc.o
    0x1000000c   COMPRESSED   0x00000010   Data   RW          351    .data               irq_rit.o
    0x1000001c   COMPRESSED   0x00000010   Data   RW          410    .data               irq_timer.o
    0x1000002c   COMPRESSED   0x00000001   Data   RW          510    .data               lib_glcd.o
    0x1000002d   COMPRESSED   0x00000001   PAD
    0x1000002e   COMPRESSED   0x00000014   Data   RW          536    .data               touchpanel.o
    0x10000042   COMPRESSED   0x00000002   PAD
    0x10000044   COMPRESSED   0x00000028   Data   RW          564    .data               lib_elevator.o
    0x1000006c   COMPRESSED   0x000000ec   Data   RW          592    .data               lib_maintenance.o
    0x10000158   COMPRESSED   0x00000008   Data   RW          629    .data               lib_emergency.o
    0x10000160        -       0x00000044   Zero   RW          535    .bss                touchpanel.o
    0x100001a4        -       0x00000060   Zero   RW          724    .bss                c_w.l(libspace.o)
    0x10000204   COMPRESSED   0x00000004   PAD
    0x10000208        -       0x00000000   Zero   RW            2    HEAP                startup_lpc17xx.o
    0x10000208        -       0x00000200   Zero   RW            1    STACK               startup_lpc17xx.o


==============================================================================

Image component sizes


      Code (inc. data)   RO Data    RW Data    ZI Data      Debug   Object Name

        32          6       1520          0          0        939   ascii.o
       128         12         32          0          0      18285   funct_led.o
        72         18          0          6          0        672   irq_adc.o
       172         28          0          0          0      24540   irq_button.o
       660         72          0         16          0       1283   irq_rit.o
      1216        196          0         16          0       5179   irq_timer.o
        92         18          0          0          0      24335   lib_adc.o
       200         22          0          0          0      24445   lib_button.o
        56         14          0          0          0        507   lib_dac.o
       444         74          8         40          0       2277   lib_elevator.o
       432         88          0          8          0       1096   lib_emergency.o
     16772        110          0          1          0      40518   lib_glcd.o
        60         14          0          0          0        412   lib_joystick.o
        64         12         20          1          0        974   lib_led.o
      1204        192          8        236          0       2877   lib_maintenance.o
       136         12          0          0          0        940   lib_rit.o
       608         36         88          0          0       4300   lib_timer.o
       104          8          0          0          0       4955   sample.o
        56         22        204          0        512        960   startup_lpc17xx.o
       556         30          0          4          0        767   system_lpc17xx.o
      2076         76          0         20         68       5742   touchpanel.o

    ----------------------------------------------------------------------
     25140       1060       1912        352        580     166003   Object Totals
         0          0         32          0          0          0   (incl. Generated)
         0          0          0          4          0          0   (incl. Padding)

    ----------------------------------------------------------------------

      Code (inc. data)   RO Data    RW Data    ZI Data      Debug   Library Member Name

        90          0          0          0          0          0   __dczerorl2.o
         8          0          0          0          0         68   __main.o
         0          0          0          0          0          0   __rtentry.o
        12          0          0          0          0          0   __rtentry2.o
         6          0          0          0          0          0   __rtentry4.o
        52          8          0          0          0          0   __scatter.o
        28          0          0          0          0          0   __scatter_zi.o
        18          0          0          0          0         80   exit.o
         6          0          0          0          0        152   heapauxi.o
         0          0          0          0          0          0   indicate_semi.o
         2          0          0          0          0          0   libinit.o
         2          0          0          0          0          0   libinit2.o
         2          0          0          0          0          0   libshutdown.o
         2          0          0          0          0          0   libshutdown2.o
         8          4          0          0         96         68   libspace.o
        78          0          0          0          0         80   rt_memclr_w.o
       138          0          0          0          0         68   rt_memcpy_v6.o
       100          0          0          0          0         80   rt_memcpy_w.o
         2          0          0          0          0          0   rtexit.o
        10          0          0          0          0          0   rtexit2.o
        12          4          0          0          0         68   sys_exit.o
        74          0          0          0          0         80   sys_stackheap_outer.o
         2          0          0          0          0         68   use_no_semi.o
       804         16          0          0          0        272   daddsub_clz.o
        24          0          0          0          0         68   dcmpi.o
       688        140          0          0          0        208   ddiv.o
       120          4          0          0          0         92   deqf.o
        94          4          0          0          0         92   dfix.o
        90          4          0          0          0         92   dfixu.o
        84          0          0          0          0        136   dflt_clz.o
       340         12          0          0          0        104   dmul.o
       156          4          0          0          0         92   dnaninf.o
        12          0          0          0          0         68   dretinf.o
         0          0          0          0          0          0   usenofp.o

    ----------------------------------------------------------------------
      3076        200          0          0        100       2036   Library Totals
        12          0          0          0          4          0   (incl. Padding)

    ----------------------------------------------------------------------

      Code (inc. data)   RO Data    RW Data    ZI Data      Debug   Library Name

       652         16          0          0         96        812   c_w.l
      2412        184          0          0          0       1224   fz_ws.l

    ----------------------------------------------------------------------
      3076        200          0          0        100       2036   Library Totals

    ----------------------------------------------------------------------

==============================================================================


      Code (inc. data)   RO Data    RW Data    ZI Data      Debug   

     28216       1260       1912        352        680     165903   Grand Totals
     28216       1260       1912        208        680     165903   ELF Image Totals (compressed)
     28216       1260       1912        208          0          0   ROM Totals

==============================================================================

    Total RO  Size (Code + RO Data)                30128 (  29.42kB)
    Total RW  Size (RW Data + ZI Data)              1032 (   1.01kB)
    Total ROM Size (Code + RO Data + RW Data)      30336 (  29.63kB)

==============================================================================

