Component: ARM Compiler 5.06 update 6 (build 750) Tool: armlink [4d35ed]

==============================================================================

Section Cross References

    startup_lpc17xx.o(STACK) refers (Special) to heapauxi.o(.text) for __use_two_region_memory
    startup_lpc17xx.o(HEAP) refers (Special) to heapauxi.o(.text) for __use_two_region_memory
    startup_lpc17xx.o(RESET) refers (Special) to heapauxi.o(.text) for __use_two_region_memory
    startup_lpc17xx.o(RESET) refers to startup_lpc17xx.o(STACK) for __initial_sp
    startup_lpc17xx.o(RESET) refers to startup_lpc17xx.o(.text) for Reset_Handler
    startup_lpc17xx.o(RESET) refers to irq_timer.o(.text) for TIMER0_IRQHandler
    startup_lpc17xx.o(RESET) refers to irq_button.o(.text) for EINT0_IRQHandler
    startup_lpc17xx.o(RESET) refers to irq_adc.o(.text) for ADC_IRQHandler
    startup_lpc17xx.o(RESET) refers to irq_rit.o(.text) for RIT_IRQHandler
    startup_lpc17xx.o(.ARM.__at_0x02FC) refers (Special) to heapauxi.o(.text) for __use_two_region_memory
    startup_lpc17xx.o(.text) refers (Special) to heapauxi.o(.text) for __use_two_region_memory
    startup_lpc17xx.o(.text) refers to __main.o(!!!main) for __main
    startup_lpc17xx.o(.text) refers to startup_lpc17xx.o(HEAP) for Heap_Mem
    startup_lpc17xx.o(.text) refers to startup_lpc17xx.o(STACK) for Stack_Mem
    sample.o(.text) refers to system_lpc17xx.o(.text) for SystemInit
    sample.o(.text) refers to lib_led.o(.text) for LED_init
    sample.o(.text) refers to lib_glcd.o(.text) for LCD_Initialization
    sample.o(.text) refers to touchpanel.o(.text) for TP_Init
    sample.o(.text) refers to lib_maintenance.o(.text) for goToHome
    sample.o(.text) refers to funct_led.o(.text) for LED_Out
    sample.o(.text) refers to lib_button.o(.text) for BUTTON_init
    sample.o(.text) refers to lib_joystick.o(.text) for JOYSTICK_init
    sample.o(.text) refers to lib_rit.o(.text) for RIT_init
    sample.o(.text) refers to lib_timer.o(.text) for TIMER_init
    sample.o(.text) refers to lib_adc.o(.text) for ADC_init
    sample.o(.text) refers to lib_dac.o(.text) for DAC_init
    system_lpc17xx.o(.text) refers to system_lpc17xx.o(.data) for SystemFrequency
    funct_led.o(.text) refers to funct_led.o(.constdata) for led_mask
    funct_led.o(.text) refers to lib_led.o(.data) for led_value
    lib_led.o(.text) refers to lib_led.o(.data) for led_value
    irq_button.o(.text) refers to irq_rit.o(.data) for emergencyHappened
    irq_adc.o(.text) refers to irq_adc.o(.data) for AD_current
    irq_adc.o(.text) refers to irq_adc.o(.constdata) for freqs
    irq_rit.o(.text) refers to lib_timer.o(.text) for timer_disable
    irq_rit.o(.text) refers to lib_elevator.o(.text) for moveElevator
    irq_rit.o(.text) refers to lib_emergency.o(.text) for handleEmergency
    irq_rit.o(.text) refers to lib_adc.o(.text) for ADC_start_conversion
    irq_rit.o(.text) refers to lib_elevator.o(.data) for isElevatorFree
    irq_rit.o(.text) refers to lib_timer.o(.constdata) for IDLE_TIMER
    irq_rit.o(.text) refers to irq_rit.o(.data) for moveJoystick
    irq_rit.o(.text) refers to lib_emergency.o(.data) for isEmergency
    irq_timer.o(.text) refers to funct_led.o(.text) for LED_isOn
    irq_timer.o(.text) refers to lib_timer.o(.text) for timer_disable
    irq_timer.o(.text) refers to lib_emergency.o(.text) for handleEmergency
    irq_timer.o(.text) refers to touchpanel.o(.text) for Read_Ads7846
    irq_timer.o(.text) refers to lib_maintenance.o(.text) for goToSetup
    irq_timer.o(.text) refers to lib_dac.o(.text) for DAC_convert
    irq_timer.o(.text) refers to lib_led.o(.constdata) for LED_CONTROLLER_STATUS
    irq_timer.o(.text) refers to lib_timer.o(.constdata) for MOVING_TIMER
    irq_timer.o(.text) refers to lib_elevator.o(.data) for isDestinationReached
    irq_timer.o(.text) refers to irq_timer.o(.data) for ticks
    irq_timer.o(.text) refers to lib_emergency.o(.data) for isEmergency
    irq_timer.o(.text) refers to irq_adc.o(.data) for count
    irq_timer.o(.text) refers to touchpanel.o(.bss) for matrix
    irq_timer.o(.text) refers to touchpanel.o(.data) for display
    irq_timer.o(.text) refers to lib_maintenance.o(.data) for isHomePage
    ascii.o(.text) refers to rt_memcpy_v6.o(.text) for __aeabi_memcpy
    ascii.o(.text) refers to ascii.o(.constdata) for AsciiLib
    hz.o(.text) refers to rt_memcpy_v6.o(.text) for __aeabi_memcpy
    hz.o(.text) refers to hz.o(.constdata) for HzLib
    lib_glcd.o(.text) refers to lib_glcd.o(.data) for LCD_Code
    lib_glcd.o(.text) refers to ascii.o(.text) for GetASCIICode
    touchpanel.o(.text) refers to lib_glcd.o(.text) for LCD_SetPoint
    touchpanel.o(.text) refers to rt_memclr_w.o(.text) for __aeabi_memclr4
    touchpanel.o(.text) refers to dflt_clz.o(x$fpl$dflt) for __aeabi_i2d
    touchpanel.o(.text) refers to deqf.o(x$fpl$deqf) for __aeabi_cdcmpeq
    touchpanel.o(.text) refers to dflt_clz.o(x$fpl$dfltu) for __aeabi_ui2d
    touchpanel.o(.text) refers to dmul.o(x$fpl$dmul) for __aeabi_dmul
    touchpanel.o(.text) refers to daddsub_clz.o(x$fpl$dadd) for __aeabi_dadd
    touchpanel.o(.text) refers to ddiv.o(x$fpl$ddiv) for __aeabi_ddiv
    touchpanel.o(.text) refers to dfixu.o(x$fpl$dfixu) for __aeabi_d2uiz
    touchpanel.o(.text) refers to touchpanel.o(.data) for screen
    touchpanel.o(.text) refers to touchpanel.o(.bss) for ScreenSample
    lib_elevator.o(.text) refers to lib_maintenance.o(.text) for goToHome
    lib_elevator.o(.text) refers to lib_timer.o(.text) for timer_disable
    lib_elevator.o(.text) refers to funct_led.o(.text) for LED_Out
    lib_elevator.o(.text) refers to lib_elevator.o(.data) for requestedFloor
    lib_elevator.o(.text) refers to lib_timer.o(.constdata) for TOUCH_TIMER
    lib_elevator.o(.text) refers to lib_led.o(.constdata) for LED_RESERVED_FLOOR_1
    lib_maintenance.o(.text) refers to lib_glcd.o(.text) for LCD_Clear
    lib_maintenance.o(.text) refers to funct_led.o(.text) for LED_Out
    lib_maintenance.o(.text) refers to lib_elevator.o(.data) for isElevatorFree
    lib_maintenance.o(.text) refers to lib_maintenance.o(.data) for isHomePage
    lib_emergency.o(.text) refers to lib_timer.o(.text) for timer_disable
    lib_emergency.o(.text) refers to funct_led.o(.text) for LED_On
    lib_emergency.o(.text) refers to lib_emergency.o(.data) for isEmergency
    lib_emergency.o(.text) refers to lib_timer.o(.constdata) for POSITION_TIMER
    lib_emergency.o(.text) refers to lib_led.o(.constdata) for LED_ALARM_FLOOR_0
    lib_emergency.o(.text) refers to lib_elevator.o(.data) for requestedFloor
    lib_emergency.o(.text) refers to lib_elevator.o(.constdata) for MAX_ELEVATOR_POSITION
    rt_memcpy_v6.o(.text) refers to rt_memcpy_w.o(.text) for __aeabi_memcpy4
    __main.o(!!!main) refers to __rtentry.o(.ARM.Collect$$rtentry$$00000000) for __rt_entry
    daddsub_clz.o(x$fpl$dadd) refers (Special) to usenofp.o(x$fpl$usenofp) for __I$use$fp
    daddsub_clz.o(x$fpl$dadd) refers to daddsub_clz.o(x$fpl$dsub) for _dsub1
    daddsub_clz.o(x$fpl$dadd) refers to dretinf.o(x$fpl$dretinf) for __fpl_dretinf
    daddsub_clz.o(x$fpl$dadd) refers to dnaninf.o(x$fpl$dnaninf) for __fpl_dnaninf
    daddsub_clz.o(x$fpl$drsb) refers (Special) to usenofp.o(x$fpl$usenofp) for __I$use$fp
    daddsub_clz.o(x$fpl$drsb) refers to daddsub_clz.o(x$fpl$dadd) for _dadd1
    daddsub_clz.o(x$fpl$drsb) refers to daddsub_clz.o(x$fpl$dsub) for _dsub1
    daddsub_clz.o(x$fpl$dsub) refers (Special) to usenofp.o(x$fpl$usenofp) for __I$use$fp
    daddsub_clz.o(x$fpl$dsub) refers to daddsub_clz.o(x$fpl$dadd) for _dadd1
    daddsub_clz.o(x$fpl$dsub) refers to dnaninf.o(x$fpl$dnaninf) for __fpl_dnaninf
    ddiv.o(x$fpl$drdiv) refers (Special) to usenofp.o(x$fpl$usenofp) for __I$use$fp
    ddiv.o(x$fpl$drdiv) refers to ddiv.o(x$fpl$ddiv) for ddiv_entry
    ddiv.o(x$fpl$ddiv) refers (Special) to usenofp.o(x$fpl$usenofp) for __I$use$fp
    ddiv.o(x$fpl$ddiv) refers to dretinf.o(x$fpl$dretinf) for __fpl_dretinf
    ddiv.o(x$fpl$ddiv) refers to dnaninf.o(x$fpl$dnaninf) for __fpl_dnaninf
    deqf.o(x$fpl$deqf) refers (Special) to usenofp.o(x$fpl$usenofp) for __I$use$fp
    deqf.o(x$fpl$deqf) refers to dnaninf.o(x$fpl$dnaninf) for __fpl_dnaninf
    deqf.o(x$fpl$deqf) refers to dcmpi.o(x$fpl$dcmpinf) for __fpl_dcmp_Inf
    dfixu.o(x$fpl$dfixu) refers (Special) to usenofp.o(x$fpl$usenofp) for __I$use$fp
    dfixu.o(x$fpl$dfixu) refers to dnaninf.o(x$fpl$dnaninf) for __fpl_dnaninf
    dfixu.o(x$fpl$dfixur) refers (Special) to usenofp.o(x$fpl$usenofp) for __I$use$fp
    dfixu.o(x$fpl$dfixur) refers to dnaninf.o(x$fpl$dnaninf) for __fpl_dnaninf
    dflt_clz.o(x$fpl$dfltu) refers (Special) to usenofp.o(x$fpl$usenofp) for __I$use$fp
    dflt_clz.o(x$fpl$dflt) refers (Special) to usenofp.o(x$fpl$usenofp) for __I$use$fp
    dflt_clz.o(x$fpl$dfltn) refers (Special) to usenofp.o(x$fpl$usenofp) for __I$use$fp
    dmul.o(x$fpl$dmul) refers (Special) to usenofp.o(x$fpl$usenofp) for __I$use$fp
    dmul.o(x$fpl$dmul) refers to dretinf.o(x$fpl$dretinf) for __fpl_dretinf
    dmul.o(x$fpl$dmul) refers to dnaninf.o(x$fpl$dnaninf) for __fpl_dnaninf
    __rtentry.o(.ARM.Collect$$rtentry$$00000000) refers (Special) to __rtentry2.o(.ARM.Collect$$rtentry$$0000000A) for __rt_entry_li
    __rtentry.o(.ARM.Collect$$rtentry$$00000000) refers (Special) to __rtentry2.o(.ARM.Collect$$rtentry$$0000000D) for __rt_entry_main
    __rtentry.o(.ARM.Collect$$rtentry$$00000000) refers (Special) to __rtentry2.o(.ARM.Collect$$rtentry$$0000000C) for __rt_entry_postli_1
    __rtentry.o(.ARM.Collect$$rtentry$$00000000) refers (Special) to __rtentry2.o(.ARM.Collect$$rtentry$$00000009) for __rt_entry_postsh_1
    __rtentry.o(.ARM.Collect$$rtentry$$00000000) refers (Special) to __rtentry2.o(.ARM.Collect$$rtentry$$00000002) for __rt_entry_presh_1
    __rtentry.o(.ARM.Collect$$rtentry$$00000000) refers (Special) to __rtentry4.o(.ARM.Collect$$rtentry$$00000004) for __rt_entry_sh
    dcmpi.o(x$fpl$dcmpinf) refers (Special) to usenofp.o(x$fpl$usenofp) for __I$use$fp
    dnaninf.o(x$fpl$dnaninf) refers (Special) to usenofp.o(x$fpl$usenofp) for __I$use$fp
    dretinf.o(x$fpl$dretinf) refers (Special) to usenofp.o(x$fpl$usenofp) for __I$use$fp
    __rtentry2.o(.ARM.Collect$$rtentry$$00000008) refers to boardinit2.o(.text) for _platform_post_stackheap_init
    __rtentry2.o(.ARM.Collect$$rtentry$$0000000A) refers to libinit.o(.ARM.Collect$$libinit$$00000000) for __rt_lib_init
    __rtentry2.o(.ARM.Collect$$rtentry$$0000000B) refers to boardinit3.o(.text) for _platform_post_lib_init
    __rtentry2.o(.ARM.Collect$$rtentry$$0000000D) refers to sample.o(.text) for main
    __rtentry2.o(.ARM.Collect$$rtentry$$0000000D) refers to exit.o(.text) for exit
    __rtentry2.o(.ARM.exidx) refers to __rtentry2.o(.ARM.Collect$$rtentry$$00000001) for .ARM.Collect$$rtentry$$00000001
    __rtentry2.o(.ARM.exidx) refers to __rtentry2.o(.ARM.Collect$$rtentry$$00000008) for .ARM.Collect$$rtentry$$00000008
    __rtentry2.o(.ARM.exidx) refers to __rtentry2.o(.ARM.Collect$$rtentry$$0000000A) for .ARM.Collect$$rtentry$$0000000A
    __rtentry2.o(.ARM.exidx) refers to __rtentry2.o(.ARM.Collect$$rtentry$$0000000B) for .ARM.Collect$$rtentry$$0000000B
    __rtentry2.o(.ARM.exidx) refers to __rtentry2.o(.ARM.Collect$$rtentry$$0000000D) for .ARM.Collect$$rtentry$$0000000D
    __rtentry4.o(.ARM.Collect$$rtentry$$00000004) refers to sys_stackheap_outer.o(.text) for __user_setup_stackheap
    __rtentry4.o(.ARM.exidx) refers to __rtentry4.o(.ARM.Collect$$rtentry$$00000004) for .ARM.Collect$$rtentry$$00000004
    sys_stackheap_outer.o(.text) refers to libspace.o(.text) for __user_perproc_libspace
    sys_stackheap_outer.o(.text) refers to startup_lpc17xx.o(.text) for __user_initial_stackheap
    exit.o(.text) refers to rtexit.o(.ARM.Collect$$rtexit$$00000000) for __rt_exit
    libinit.o(.ARM.Collect$$libinit$$00000000) refers (Special) to libinit2.o(.ARM.Collect$$libinit$$0000002E) for __rt_lib_init_alloca_1
    libinit.o(.ARM.Collect$$libinit$$00000000) refers (Special) to libinit2.o(.ARM.Collect$$libinit$$0000002C) for __rt_lib_init_argv_1
    libinit.o(.ARM.Collect$$libinit$$00000000) refers (Special) to libinit2.o(.ARM.Collect$$libinit$$0000001B) for __rt_lib_init_atexit_1
    libinit.o(.ARM.Collect$$libinit$$00000000) refers (Special) to libinit2.o(.ARM.Collect$$libinit$$00000021) for __rt_lib_init_clock_1
    libinit.o(.ARM.Collect$$libinit$$00000000) refers (Special) to libinit2.o(.ARM.Collect$$libinit$$00000032) for __rt_lib_init_cpp_1
    libinit.o(.ARM.Collect$$libinit$$00000000) refers (Special) to libinit2.o(.ARM.Collect$$libinit$$00000030) for __rt_lib_init_exceptions_1
    libinit.o(.ARM.Collect$$libinit$$00000000) refers (Special) to libinit2.o(.ARM.Collect$$libinit$$00000002) for __rt_lib_init_fp_1
    libinit.o(.ARM.Collect$$libinit$$00000000) refers (Special) to libinit2.o(.ARM.Collect$$libinit$$0000001F) for __rt_lib_init_fp_trap_1
    libinit.o(.ARM.Collect$$libinit$$00000000) refers (Special) to libinit2.o(.ARM.Collect$$libinit$$00000023) for __rt_lib_init_getenv_1
    libinit.o(.ARM.Collect$$libinit$$00000000) refers (Special) to libinit2.o(.ARM.Collect$$libinit$$0000000A) for __rt_lib_init_heap_1
    libinit.o(.ARM.Collect$$libinit$$00000000) refers (Special) to libinit2.o(.ARM.Collect$$libinit$$00000011) for __rt_lib_init_lc_collate_1
    libinit.o(.ARM.Collect$$libinit$$00000000) refers (Special) to libinit2.o(.ARM.Collect$$libinit$$00000013) for __rt_lib_init_lc_ctype_1
    libinit.o(.ARM.Collect$$libinit$$00000000) refers (Special) to libinit2.o(.ARM.Collect$$libinit$$00000015) for __rt_lib_init_lc_monetary_1
    libinit.o(.ARM.Collect$$libinit$$00000000) refers (Special) to libinit2.o(.ARM.Collect$$libinit$$00000017) for __rt_lib_init_lc_numeric_1
    libinit.o(.ARM.Collect$$libinit$$00000000) refers (Special) to libinit2.o(.ARM.Collect$$libinit$$00000019) for __rt_lib_init_lc_time_1
    libinit.o(.ARM.Collect$$libinit$$00000000) refers (Special) to libinit2.o(.ARM.Collect$$libinit$$00000004) for __rt_lib_init_preinit_1
    libinit.o(.ARM.Collect$$libinit$$00000000) refers (Special) to libinit2.o(.ARM.Collect$$libinit$$0000000E) for __rt_lib_init_rand_1
    libinit.o(.ARM.Collect$$libinit$$00000000) refers (Special) to libinit2.o(.ARM.Collect$$libinit$$00000033) for __rt_lib_init_return
    libinit.o(.ARM.Collect$$libinit$$00000000) refers (Special) to libinit2.o(.ARM.Collect$$libinit$$0000001D) for __rt_lib_init_signal_1
    libinit.o(.ARM.Collect$$libinit$$00000000) refers (Special) to libinit2.o(.ARM.Collect$$libinit$$00000025) for __rt_lib_init_stdio_1
    libinit.o(.ARM.Collect$$libinit$$00000000) refers (Special) to libinit2.o(.ARM.Collect$$libinit$$0000000C) for __rt_lib_init_user_alloc_1
    libspace.o(.text) refers to libspace.o(.bss) for __libspace_start
    rtexit.o(.ARM.Collect$$rtexit$$00000000) refers (Special) to rtexit2.o(.ARM.Collect$$rtexit$$00000004) for __rt_exit_exit
    rtexit.o(.ARM.Collect$$rtexit$$00000000) refers (Special) to rtexit2.o(.ARM.Collect$$rtexit$$00000003) for __rt_exit_ls
    rtexit.o(.ARM.Collect$$rtexit$$00000000) refers (Special) to rtexit2.o(.ARM.Collect$$rtexit$$00000002) for __rt_exit_prels_1
    rtexit.o(.ARM.exidx) refers (Special) to rtexit2.o(.ARM.Collect$$rtexit$$00000004) for __rt_exit_exit
    rtexit.o(.ARM.exidx) refers (Special) to rtexit2.o(.ARM.Collect$$rtexit$$00000003) for __rt_exit_ls
    rtexit.o(.ARM.exidx) refers (Special) to rtexit2.o(.ARM.Collect$$rtexit$$00000002) for __rt_exit_prels_1
    rtexit.o(.ARM.exidx) refers to rtexit.o(.ARM.Collect$$rtexit$$00000000) for .ARM.Collect$$rtexit$$00000000
    libinit2.o(.ARM.Collect$$libinit$$00000010) refers to libinit2.o(.ARM.Collect$$libinit$$0000000F) for .ARM.Collect$$libinit$$0000000F
    libinit2.o(.ARM.Collect$$libinit$$00000012) refers to libinit2.o(.ARM.Collect$$libinit$$0000000F) for .ARM.Collect$$libinit$$0000000F
    libinit2.o(.ARM.Collect$$libinit$$00000014) refers to libinit2.o(.ARM.Collect$$libinit$$0000000F) for .ARM.Collect$$libinit$$0000000F
    libinit2.o(.ARM.Collect$$libinit$$00000016) refers to libinit2.o(.ARM.Collect$$libinit$$0000000F) for .ARM.Collect$$libinit$$0000000F
    libinit2.o(.ARM.Collect$$libinit$$00000018) refers to libinit2.o(.ARM.Collect$$libinit$$0000000F) for .ARM.Collect$$libinit$$0000000F
    libinit2.o(.ARM.Collect$$libinit$$00000026) refers to argv_veneer.o(.emb_text) for __ARM_argv_veneer
    libinit2.o(.ARM.Collect$$libinit$$00000027) refers to argv_veneer.o(.emb_text) for __ARM_argv_veneer
    rtexit2.o(.ARM.Collect$$rtexit$$00000003) refers to libshutdown.o(.ARM.Collect$$libshutdown$$00000000) for __rt_lib_shutdown
    rtexit2.o(.ARM.Collect$$rtexit$$00000004) refers to sys_exit.o(.text) for _sys_exit
    rtexit2.o(.ARM.exidx) refers to rtexit2.o(.ARM.Collect$$rtexit$$00000001) for .ARM.Collect$$rtexit$$00000001
    rtexit2.o(.ARM.exidx) refers to rtexit2.o(.ARM.Collect$$rtexit$$00000003) for .ARM.Collect$$rtexit$$00000003
    rtexit2.o(.ARM.exidx) refers to rtexit2.o(.ARM.Collect$$rtexit$$00000004) for .ARM.Collect$$rtexit$$00000004
    argv_veneer.o(.emb_text) refers to no_argv.o(.text) for __ARM_get_argv
    sys_exit.o(.text) refers (Special) to use_no_semi.o(.text) for __I$use$semihosting
    sys_exit.o(.text) refers (Special) to indicate_semi.o(.text) for __semihosting_library_function
    _get_argv_nomalloc.o(.text) refers (Special) to hrguard.o(.text) for __heap_region$guard
    _get_argv_nomalloc.o(.text) refers to defsig_rtmem_outer.o(.text) for __rt_SIGRTMEM
    _get_argv_nomalloc.o(.text) refers to sys_command.o(.text) for _sys_command_string
    libshutdown.o(.ARM.Collect$$libshutdown$$00000000) refers (Special) to libshutdown2.o(.ARM.Collect$$libshutdown$$00000002) for __rt_lib_shutdown_cpp_1
    libshutdown.o(.ARM.Collect$$libshutdown$$00000000) refers (Special) to libshutdown2.o(.ARM.Collect$$libshutdown$$00000007) for __rt_lib_shutdown_fp_trap_1
    libshutdown.o(.ARM.Collect$$libshutdown$$00000000) refers (Special) to libshutdown2.o(.ARM.Collect$$libshutdown$$0000000F) for __rt_lib_shutdown_heap_1
    libshutdown.o(.ARM.Collect$$libshutdown$$00000000) refers (Special) to libshutdown2.o(.ARM.Collect$$libshutdown$$00000010) for __rt_lib_shutdown_return
    libshutdown.o(.ARM.Collect$$libshutdown$$00000000) refers (Special) to libshutdown2.o(.ARM.Collect$$libshutdown$$0000000A) for __rt_lib_shutdown_signal_1
    libshutdown.o(.ARM.Collect$$libshutdown$$00000000) refers (Special) to libshutdown2.o(.ARM.Collect$$libshutdown$$00000004) for __rt_lib_shutdown_stdio_1
    libshutdown.o(.ARM.Collect$$libshutdown$$00000000) refers (Special) to libshutdown2.o(.ARM.Collect$$libshutdown$$0000000C) for __rt_lib_shutdown_user_alloc_1
    sys_command.o(.text) refers (Special) to use_no_semi.o(.text) for __I$use$semihosting
    sys_command.o(.text) refers (Special) to indicate_semi.o(.text) for __semihosting_library_function
    defsig_rtmem_outer.o(.text) refers to defsig_rtmem_inner.o(.text) for __rt_SIGRTMEM_inner
    defsig_rtmem_outer.o(.text) refers to defsig_exit.o(.text) for __sig_exit
    defsig_rtmem_formal.o(.text) refers to rt_raise.o(.text) for __rt_raise
    rt_raise.o(.text) refers to __raise.o(.text) for __raise
    rt_raise.o(.text) refers to sys_exit.o(.text) for _sys_exit
    defsig_exit.o(.text) refers to sys_exit.o(.text) for _sys_exit
    defsig_rtmem_inner.o(.text) refers to defsig_general.o(.text) for __default_signal_display
    __raise.o(.text) refers to defsig.o(CL$$defsig) for __default_signal_handler
    defsig_general.o(.text) refers to sys_wrch.o(.text) for _ttywrch
    sys_wrch.o(.text) refers (Special) to use_no_semi.o(.text) for __I$use$semihosting
    sys_wrch.o(.text) refers (Special) to indicate_semi.o(.text) for __semihosting_library_function
    defsig.o(CL$$defsig) refers to defsig_rtmem_inner.o(.text) for __rt_SIGRTMEM_inner
    defsig_abrt_inner.o(.text) refers to defsig_general.o(.text) for __default_signal_display
    defsig_fpe_inner.o(.text) refers to defsig_general.o(.text) for __default_signal_display
    defsig_rtred_inner.o(.text) refers to defsig_general.o(.text) for __default_signal_display
    defsig_stak_inner.o(.text) refers to defsig_general.o(.text) for __default_signal_display
    defsig_pvfn_inner.o(.text) refers to defsig_general.o(.text) for __default_signal_display
    defsig_cppl_inner.o(.text) refers to defsig_general.o(.text) for __default_signal_display
    defsig_segv_inner.o(.text) refers to defsig_general.o(.text) for __default_signal_display
    defsig_other.o(.text) refers to defsig_general.o(.text) for __default_signal_display


==============================================================================

Removing Unused input sections from the image.

    Removing sample.o(.rev16_text), (4 bytes).
    Removing sample.o(.revsh_text), (4 bytes).
    Removing core_cm3.o(.emb_text), (32 bytes).
    Removing system_lpc17xx.o(.rev16_text), (4 bytes).
    Removing system_lpc17xx.o(.revsh_text), (4 bytes).
    Removing funct_led.o(.rev16_text), (4 bytes).
    Removing funct_led.o(.revsh_text), (4 bytes).
    Removing lib_led.o(.rev16_text), (4 bytes).
    Removing lib_led.o(.revsh_text), (4 bytes).
    Removing irq_button.o(.rev16_text), (4 bytes).
    Removing irq_button.o(.revsh_text), (4 bytes).
    Removing lib_button.o(.rev16_text), (4 bytes).
    Removing lib_button.o(.revsh_text), (4 bytes).
    Removing lib_joystick.o(.rev16_text), (4 bytes).
    Removing lib_joystick.o(.revsh_text), (4 bytes).
    Removing irq_adc.o(.rev16_text), (4 bytes).
    Removing irq_adc.o(.revsh_text), (4 bytes).
    Removing lib_adc.o(.rev16_text), (4 bytes).
    Removing lib_adc.o(.revsh_text), (4 bytes).
    Removing lib_dac.o(.rev16_text), (4 bytes).
    Removing lib_dac.o(.revsh_text), (4 bytes).
    Removing irq_rit.o(.rev16_text), (4 bytes).
    Removing irq_rit.o(.revsh_text), (4 bytes).
    Removing lib_rit.o(.rev16_text), (4 bytes).
    Removing lib_rit.o(.revsh_text), (4 bytes).
    Removing irq_timer.o(.rev16_text), (4 bytes).
    Removing irq_timer.o(.revsh_text), (4 bytes).
    Removing lib_timer.o(.rev16_text), (4 bytes).
    Removing lib_timer.o(.revsh_text), (4 bytes).
    Removing hz.o(.text), (52 bytes).
    Removing hz.o(.constdata), (216576 bytes).
    Removing lib_glcd.o(.rev16_text), (4 bytes).
    Removing lib_glcd.o(.revsh_text), (4 bytes).
    Removing touchpanel.o(.rev16_text), (4 bytes).
    Removing touchpanel.o(.revsh_text), (4 bytes).
    Removing lib_maintenance.o(.rev16_text), (4 bytes).
    Removing lib_maintenance.o(.revsh_text), (4 bytes).
    Removing lib_maintenance.o(.constdata), (4 bytes).

38 unused section(s) (total 216800 bytes) removed from the image.

==============================================================================

Image Symbol Table

    Local Symbols

    Symbol Name                              Value     Ov Type        Size  Object(Section)

    RESET                                    0x00000000   Section      204  startup_lpc17xx.o(RESET)
    ../clib/angel/boardlib.s                 0x00000000   Number         0  boardinit3.o ABSOLUTE
    ../clib/angel/boardlib.s                 0x00000000   Number         0  boardinit2.o ABSOLUTE
    ../clib/angel/boardlib.s                 0x00000000   Number         0  boardinit1.o ABSOLUTE
    ../clib/angel/boardlib.s                 0x00000000   Number         0  boardshut.o ABSOLUTE
    ../clib/angel/handlers.s                 0x00000000   Number         0  __scatter_zi.o ABSOLUTE
    ../clib/angel/handlers.s                 0x00000000   Number         0  __scatter_copy.o ABSOLUTE
    ../clib/angel/kernel.s                   0x00000000   Number         0  rtexit2.o ABSOLUTE
    ../clib/angel/kernel.s                   0x00000000   Number         0  rtexit.o ABSOLUTE
    ../clib/angel/kernel.s                   0x00000000   Number         0  __rtentry.o ABSOLUTE
    ../clib/angel/kernel.s                   0x00000000   Number         0  __rtentry4.o ABSOLUTE
    ../clib/angel/kernel.s                   0x00000000   Number         0  __rtentry2.o ABSOLUTE
    ../clib/angel/rt.s                       0x00000000   Number         0  rt_raise.o ABSOLUTE
    ../clib/angel/scatter.s                  0x00000000   Number         0  __scatter.o ABSOLUTE
    ../clib/angel/startup.s                  0x00000000   Number         0  __main.o ABSOLUTE
    ../clib/angel/sys.s                      0x00000000   Number         0  indicate_semi.o ABSOLUTE
    ../clib/angel/sys.s                      0x00000000   Number         0  use_no_semi.o ABSOLUTE
    ../clib/angel/sys.s                      0x00000000   Number         0  libspace.o ABSOLUTE
    ../clib/angel/sys.s                      0x00000000   Number         0  sys_stackheap_outer.o ABSOLUTE
    ../clib/angel/sysapp.c                   0x00000000   Number         0  sys_command.o ABSOLUTE
    ../clib/angel/sysapp.c                   0x00000000   Number         0  sys_exit.o ABSOLUTE
    ../clib/angel/sysapp.c                   0x00000000   Number         0  sys_wrch.o ABSOLUTE
    ../clib/armsys.c                         0x00000000   Number         0  argv_veneer.o ABSOLUTE
    ../clib/armsys.c                         0x00000000   Number         0  no_argv.o ABSOLUTE
    ../clib/armsys.c                         0x00000000   Number         0  _get_argv_nomalloc.o ABSOLUTE
    ../clib/armsys.c                         0x00000000   Number         0  argv_veneer.o ABSOLUTE
    ../clib/heapalloc.c                      0x00000000   Number         0  hrguard.o ABSOLUTE
    ../clib/heapaux.c                        0x00000000   Number         0  heapauxi.o ABSOLUTE
    ../clib/libinit.s                        0x00000000   Number         0  libshutdown2.o ABSOLUTE
    ../clib/libinit.s                        0x00000000   Number         0  libinit2.o ABSOLUTE
    ../clib/libinit.s                        0x00000000   Number         0  libinit.o ABSOLUTE
    ../clib/libinit.s                        0x00000000   Number         0  libshutdown.o ABSOLUTE
    ../clib/memcpset.s                       0x00000000   Number         0  rt_memcpy_w.o ABSOLUTE
    ../clib/memcpset.s                       0x00000000   Number         0  rt_memcpy_v6.o ABSOLUTE
    ../clib/memcpset.s                       0x00000000   Number         0  rt_memclr_w.o ABSOLUTE
    ../clib/signal.c                         0x00000000   Number         0  defsig_rtmem_formal.o ABSOLUTE
    ../clib/signal.c                         0x00000000   Number         0  defsig_rtred_inner.o ABSOLUTE
    ../clib/signal.c                         0x00000000   Number         0  defsig_rtmem_outer.o ABSOLUTE
    ../clib/signal.c                         0x00000000   Number         0  defsig_stak_inner.o ABSOLUTE
    ../clib/signal.c                         0x00000000   Number         0  defsig_cppl_inner.o ABSOLUTE
    ../clib/signal.c                         0x00000000   Number         0  __raise.o ABSOLUTE
    ../clib/signal.c                         0x00000000   Number         0  defsig_segv_inner.o ABSOLUTE
    ../clib/signal.c                         0x00000000   Number         0  defsig_rtmem_inner.o ABSOLUTE
    ../clib/signal.c                         0x00000000   Number         0  defsig_exit.o ABSOLUTE
    ../clib/signal.c                         0x00000000   Number         0  defsig_other.o ABSOLUTE
    ../clib/signal.c                         0x00000000   Number         0  defsig_general.o ABSOLUTE
    ../clib/signal.c                         0x00000000   Number         0  defsig_pvfn_inner.o ABSOLUTE
    ../clib/signal.c                         0x00000000   Number         0  defsig_abrt_inner.o ABSOLUTE
    ../clib/signal.c                         0x00000000   Number         0  defsig_fpe_inner.o ABSOLUTE
    ../clib/signal.s                         0x00000000   Number         0  defsig.o ABSOLUTE
    ../clib/stdlib.c                         0x00000000   Number         0  exit.o ABSOLUTE
    ../fplib/daddsub.s                       0x00000000   Number         0  daddsub_clz.o ABSOLUTE
    ../fplib/dcmpi.s                         0x00000000   Number         0  dcmpi.o ABSOLUTE
    ../fplib/ddiv.s                          0x00000000   Number         0  ddiv.o ABSOLUTE
    ../fplib/deqf.s                          0x00000000   Number         0  deqf.o ABSOLUTE
    ../fplib/dfixu.s                         0x00000000   Number         0  dfixu.o ABSOLUTE
    ../fplib/dflt.s                          0x00000000   Number         0  dflt_clz.o ABSOLUTE
    ../fplib/dmul.s                          0x00000000   Number         0  dmul.o ABSOLUTE
    ../fplib/dnaninf.s                       0x00000000   Number         0  dnaninf.o ABSOLUTE
    ../fplib/dretinf.s                       0x00000000   Number         0  dretinf.o ABSOLUTE
    ../fplib/fpinit.s                        0x00000000   Number         0  fpinit.o ABSOLUTE
    ../fplib/usenofp.s                       0x00000000   Number         0  usenofp.o ABSOLUTE
    ADC\IRQ_adc.c                            0x00000000   Number         0  irq_adc.o ABSOLUTE
    ADC\\IRQ_adc.c                           0x00000000   Number         0  irq_adc.o ABSOLUTE
    ADC\\lib_adc.c                           0x00000000   Number         0  lib_adc.o ABSOLUTE
    ADC\lib_adc.c                            0x00000000   Number         0  lib_adc.o ABSOLUTE
    DAC\\lib_dac.c                           0x00000000   Number         0  lib_dac.o ABSOLUTE
    DAC\lib_dac.c                            0x00000000   Number         0  lib_dac.o ABSOLUTE
    Elevator\Emergency\lib_emergency.c       0x00000000   Number         0  lib_emergency.o ABSOLUTE
    GLCD\\lib_glcd.c                         0x00000000   Number         0  lib_glcd.o ABSOLUTE
    GLCD\ascii.c                             0x00000000   Number         0  ascii.o ABSOLUTE
    GLCD\hz.c                                0x00000000   Number         0  hz.o ABSOLUTE
    GLCD\lib_glcd.c                          0x00000000   Number         0  lib_glcd.o ABSOLUTE
    RIT\IRQ_RIT.c                            0x00000000   Number         0  irq_rit.o ABSOLUTE
    RIT\\IRQ_RIT.c                           0x00000000   Number         0  irq_rit.o ABSOLUTE
    RIT\\lib_RIT.c                           0x00000000   Number         0  lib_rit.o ABSOLUTE
    RIT\lib_RIT.c                            0x00000000   Number         0  lib_rit.o ABSOLUTE
    button\IRQ_button.c                      0x00000000   Number         0  irq_button.o ABSOLUTE
    button\\IRQ_button.c                     0x00000000   Number         0  irq_button.o ABSOLUTE
    button\\lib_button.c                     0x00000000   Number         0  lib_button.o ABSOLUTE
    button\lib_button.c                      0x00000000   Number         0  lib_button.o ABSOLUTE
    core_cm3.c                               0x00000000   Number         0  core_cm3.o ABSOLUTE
    core_cm3.c                               0x00000000   Number         0  core_cm3.o ABSOLUTE
    dc.s                                     0x00000000   Number         0  dc.o ABSOLUTE
    elevator\\maintenance\\lib_maintenance.c 0x00000000   Number         0  lib_maintenance.o ABSOLUTE
    elevator\lib_elevator.c                  0x00000000   Number         0  lib_elevator.o ABSOLUTE
    elevator\maintenance\lib_maintenance.c   0x00000000   Number         0  lib_maintenance.o ABSOLUTE
    joystick\\lib_joystick.c                 0x00000000   Number         0  lib_joystick.o ABSOLUTE
    joystick\funct_joystick.c                0x00000000   Number         0  funct_joystick.o ABSOLUTE
    joystick\lib_joystick.c                  0x00000000   Number         0  lib_joystick.o ABSOLUTE
    led\\funct_led.c                         0x00000000   Number         0  funct_led.o ABSOLUTE
    led\\lib_led.c                           0x00000000   Number         0  lib_led.o ABSOLUTE
    led\funct_led.c                          0x00000000   Number         0  funct_led.o ABSOLUTE
    led\lib_led.c                            0x00000000   Number         0  lib_led.o ABSOLUTE
    sample.c                                 0x00000000   Number         0  sample.o ABSOLUTE
    sample.c                                 0x00000000   Number         0  sample.o ABSOLUTE
    startup_LPC17xx.s                        0x00000000   Number         0  startup_lpc17xx.o ABSOLUTE
    system_LPC17xx.c                         0x00000000   Number         0  system_lpc17xx.o ABSOLUTE
    system_LPC17xx.c                         0x00000000   Number         0  system_lpc17xx.o ABSOLUTE
    timer\IRQ_timer.c                        0x00000000   Number         0  irq_timer.o ABSOLUTE
    timer\\IRQ_timer.c                       0x00000000   Number         0  irq_timer.o ABSOLUTE
    timer\\lib_timer.c                       0x00000000   Number         0  lib_timer.o ABSOLUTE
    timer\lib_timer.c                        0x00000000   Number         0  lib_timer.o ABSOLUTE
    touchpanel\\touchpanel.c                 0x00000000   Number         0  touchpanel.o ABSOLUTE
    touchpanel\touchpanel.c                  0x00000000   Number         0  touchpanel.o ABSOLUTE
    !!!main                                  0x000000cc   Section        8  __main.o(!!!main)
    !!!scatter                               0x000000d4   Section       52  __scatter.o(!!!scatter)
    !!handler_copy                           0x00000108   Section       26  __scatter_copy.o(!!handler_copy)
    !!handler_zi                             0x00000124   Section       28  __scatter_zi.o(!!handler_zi)
    .ARM.Collect$$libinit$$00000000          0x00000140   Section        2  libinit.o(.ARM.Collect$$libinit$$00000000)
    .ARM.Collect$$libinit$$00000002          0x00000142   Section        0  libinit2.o(.ARM.Collect$$libinit$$00000002)
    .ARM.Collect$$libinit$$00000004          0x00000142   Section        0  libinit2.o(.ARM.Collect$$libinit$$00000004)
    .ARM.Collect$$libinit$$0000000A          0x00000142   Section        0  libinit2.o(.ARM.Collect$$libinit$$0000000A)
    .ARM.Collect$$libinit$$0000000C          0x00000142   Section        0  libinit2.o(.ARM.Collect$$libinit$$0000000C)
    .ARM.Collect$$libinit$$0000000E          0x00000142   Section        0  libinit2.o(.ARM.Collect$$libinit$$0000000E)
    .ARM.Collect$$libinit$$00000011          0x00000142   Section        0  libinit2.o(.ARM.Collect$$libinit$$00000011)
    .ARM.Collect$$libinit$$00000013          0x00000142   Section        0  libinit2.o(.ARM.Collect$$libinit$$00000013)
    .ARM.Collect$$libinit$$00000015          0x00000142   Section        0  libinit2.o(.ARM.Collect$$libinit$$00000015)
    .ARM.Collect$$libinit$$00000017          0x00000142   Section        0  libinit2.o(.ARM.Collect$$libinit$$00000017)
    .ARM.Collect$$libinit$$00000019          0x00000142   Section        0  libinit2.o(.ARM.Collect$$libinit$$00000019)
    .ARM.Collect$$libinit$$0000001B          0x00000142   Section        0  libinit2.o(.ARM.Collect$$libinit$$0000001B)
    .ARM.Collect$$libinit$$0000001D          0x00000142   Section        0  libinit2.o(.ARM.Collect$$libinit$$0000001D)
    .ARM.Collect$$libinit$$0000001F          0x00000142   Section        0  libinit2.o(.ARM.Collect$$libinit$$0000001F)
    .ARM.Collect$$libinit$$00000021          0x00000142   Section        0  libinit2.o(.ARM.Collect$$libinit$$00000021)
    .ARM.Collect$$libinit$$00000023          0x00000142   Section        0  libinit2.o(.ARM.Collect$$libinit$$00000023)
    .ARM.Collect$$libinit$$00000025          0x00000142   Section        0  libinit2.o(.ARM.Collect$$libinit$$00000025)
    .ARM.Collect$$libinit$$0000002C          0x00000142   Section        0  libinit2.o(.ARM.Collect$$libinit$$0000002C)
    .ARM.Collect$$libinit$$0000002E          0x00000142   Section        0  libinit2.o(.ARM.Collect$$libinit$$0000002E)
    .ARM.Collect$$libinit$$00000030          0x00000142   Section        0  libinit2.o(.ARM.Collect$$libinit$$00000030)
    .ARM.Collect$$libinit$$00000032          0x00000142   Section        0  libinit2.o(.ARM.Collect$$libinit$$00000032)
    .ARM.Collect$$libinit$$00000033          0x00000142   Section        2  libinit2.o(.ARM.Collect$$libinit$$00000033)
    .ARM.Collect$$libshutdown$$00000000      0x00000144   Section        2  libshutdown.o(.ARM.Collect$$libshutdown$$00000000)
    .ARM.Collect$$libshutdown$$00000002      0x00000146   Section        0  libshutdown2.o(.ARM.Collect$$libshutdown$$00000002)
    .ARM.Collect$$libshutdown$$00000004      0x00000146   Section        0  libshutdown2.o(.ARM.Collect$$libshutdown$$00000004)
    .ARM.Collect$$libshutdown$$00000007      0x00000146   Section        0  libshutdown2.o(.ARM.Collect$$libshutdown$$00000007)
    .ARM.Collect$$libshutdown$$0000000A      0x00000146   Section        0  libshutdown2.o(.ARM.Collect$$libshutdown$$0000000A)
    .ARM.Collect$$libshutdown$$0000000C      0x00000146   Section        0  libshutdown2.o(.ARM.Collect$$libshutdown$$0000000C)
    .ARM.Collect$$libshutdown$$0000000F      0x00000146   Section        0  libshutdown2.o(.ARM.Collect$$libshutdown$$0000000F)
    .ARM.Collect$$libshutdown$$00000010      0x00000146   Section        2  libshutdown2.o(.ARM.Collect$$libshutdown$$00000010)
    .ARM.Collect$$rtentry$$00000000          0x00000148   Section        0  __rtentry.o(.ARM.Collect$$rtentry$$00000000)
    .ARM.Collect$$rtentry$$00000002          0x00000148   Section        0  __rtentry2.o(.ARM.Collect$$rtentry$$00000002)
    .ARM.Collect$$rtentry$$00000004          0x00000148   Section        6  __rtentry4.o(.ARM.Collect$$rtentry$$00000004)
    .ARM.Collect$$rtentry$$00000009          0x0000014e   Section        0  __rtentry2.o(.ARM.Collect$$rtentry$$00000009)
    .ARM.Collect$$rtentry$$0000000A          0x0000014e   Section        4  __rtentry2.o(.ARM.Collect$$rtentry$$0000000A)
    .ARM.Collect$$rtentry$$0000000C          0x00000152   Section        0  __rtentry2.o(.ARM.Collect$$rtentry$$0000000C)
    .ARM.Collect$$rtentry$$0000000D          0x00000152   Section        8  __rtentry2.o(.ARM.Collect$$rtentry$$0000000D)
    .ARM.Collect$$rtexit$$00000000           0x0000015a   Section        2  rtexit.o(.ARM.Collect$$rtexit$$00000000)
    .ARM.Collect$$rtexit$$00000002           0x0000015c   Section        0  rtexit2.o(.ARM.Collect$$rtexit$$00000002)
    .ARM.Collect$$rtexit$$00000003           0x0000015c   Section        4  rtexit2.o(.ARM.Collect$$rtexit$$00000003)
    .ARM.Collect$$rtexit$$00000004           0x00000160   Section        6  rtexit2.o(.ARM.Collect$$rtexit$$00000004)
    .text                                    0x00000168   Section       52  startup_lpc17xx.o(.text)
    .text                                    0x0000019c   Section        0  sample.o(.text)
    .text                                    0x00000200   Section        0  funct_led.o(.text)
    .text                                    0x00000280   Section        0  lib_led.o(.text)
    .text                                    0x000002c0   Section        0  lib_joystick.o(.text)
    .ARM.__at_0x02FC                         0x000002fc   Section        4  startup_lpc17xx.o(.ARM.__at_0x02FC)
    .text                                    0x00000300   Section        0  system_lpc17xx.o(.text)
    .text                                    0x0000052c   Section        0  irq_button.o(.text)
    NVIC_DisableIRQ                          0x000005ab   Thumb Code    18  irq_button.o(.text)
    .text                                    0x000005d8   Section        0  lib_button.o(.text)
    NVIC_SetPriority                         0x000005d9   Thumb Code    32  lib_button.o(.text)
    NVIC_EnableIRQ                           0x00000675   Thumb Code    22  lib_button.o(.text)
    .text                                    0x000006a0   Section        0  irq_adc.o(.text)
    .text                                    0x000006f0   Section        0  lib_adc.o(.text)
    .text                                    0x0000074c   Section        0  lib_dac.o(.text)
    .text                                    0x00000784   Section        0  irq_rit.o(.text)
    NVIC_EnableIRQ                           0x00000997   Thumb Code    22  irq_rit.o(.text)
    .text                                    0x000009f4   Section        0  lib_rit.o(.text)
    .text                                    0x00000a7c   Section        0  irq_timer.o(.text)
    .text                                    0x00000e74   Section        0  lib_timer.o(.text)
    NVIC_EnableIRQ                           0x0000109b   Thumb Code    22  lib_timer.o(.text)
    .text                                    0x000010d4   Section        0  ascii.o(.text)
    .text                                    0x000010f4   Section        0  lib_glcd.o(.text)
    delay_ms                                 0x000010f5   Thumb Code    30  lib_glcd.o(.text)
    LCD_Configuration                        0x00001113   Thumb Code    62  lib_glcd.o(.text)
    wait_delay                               0x00001151   Thumb Code    12  lib_glcd.o(.text)
    LCD_SetCursor                            0x0000115d   Thumb Code  1360  lib_glcd.o(.text)
    LCD_BGR2RGB                              0x000046b5   Thumb Code    26  lib_glcd.o(.text)
    .text                                    0x00004e6c   Section        0  touchpanel.o(.text)
    XPT2046_SPI_Init                         0x00004e8d   Thumb Code   130  touchpanel.o(.text)
    DelayUS                                  0x00004f2d   Thumb Code    28  touchpanel.o(.text)
    WR_CMD                                   0x00004f49   Thumb Code    56  touchpanel.o(.text)
    RD_AD                                    0x00004f81   Thumb Code    44  touchpanel.o(.text)
    .text                                    0x00005698   Section        0  lib_elevator.o(.text)
    .text                                    0x00005868   Section        0  lib_maintenance.o(.text)
    .text                                    0x00005c58   Section        0  lib_emergency.o(.text)
    .text                                    0x00005dbc   Section      138  rt_memcpy_v6.o(.text)
    .text                                    0x00005e46   Section       78  rt_memclr_w.o(.text)
    .text                                    0x00005e94   Section        0  heapauxi.o(.text)
    .text                                    0x00005e9a   Section      100  rt_memcpy_w.o(.text)
    .text                                    0x00005efe   Section       74  sys_stackheap_outer.o(.text)
    .text                                    0x00005f48   Section        0  exit.o(.text)
    .text                                    0x00005f5c   Section        8  libspace.o(.text)
    .text                                    0x00005f64   Section        0  sys_exit.o(.text)
    .text                                    0x00005f70   Section        2  use_no_semi.o(.text)
    .text                                    0x00005f72   Section        0  indicate_semi.o(.text)
    x$fpl$dadd                               0x00005f74   Section      336  daddsub_clz.o(x$fpl$dadd)
    _dadd1                                   0x00005f85   Thumb Code     0  daddsub_clz.o(x$fpl$dadd)
    x$fpl$dcmpinf                            0x000060c4   Section       24  dcmpi.o(x$fpl$dcmpinf)
    x$fpl$ddiv                               0x000060dc   Section      688  ddiv.o(x$fpl$ddiv)
    ddiv_entry                               0x000060e3   Thumb Code     0  ddiv.o(x$fpl$ddiv)
    x$fpl$deqf                               0x0000638c   Section      120  deqf.o(x$fpl$deqf)
    x$fpl$dfixu                              0x00006404   Section       90  dfixu.o(x$fpl$dfixu)
    x$fpl$dflt                               0x0000645e   Section       46  dflt_clz.o(x$fpl$dflt)
    x$fpl$dfltu                              0x0000648c   Section       38  dflt_clz.o(x$fpl$dfltu)
    x$fpl$dmul                               0x000064b4   Section      340  dmul.o(x$fpl$dmul)
    x$fpl$dnaninf                            0x00006608   Section      156  dnaninf.o(x$fpl$dnaninf)
    x$fpl$dretinf                            0x000066a4   Section       12  dretinf.o(x$fpl$dretinf)
    x$fpl$dsub                               0x000066b0   Section      468  daddsub_clz.o(x$fpl$dsub)
    _dsub1                                   0x000066c1   Thumb Code     0  daddsub_clz.o(x$fpl$dsub)
    .constdata                               0x00006884   Section       32  funct_led.o(.constdata)
    x$fpl$usenofp                            0x00006884   Section        0  usenofp.o(x$fpl$usenofp)
    .constdata                               0x000068a4   Section       20  lib_led.o(.constdata)
    .constdata                               0x000068b8   Section       32  irq_adc.o(.constdata)
    .constdata                               0x000068d8   Section       80  lib_timer.o(.constdata)
    .constdata                               0x00006928   Section     1520  ascii.o(.constdata)
    AsciiLib                                 0x00006928   Data        1520  ascii.o(.constdata)
    .constdata                               0x00006f18   Section        8  lib_elevator.o(.constdata)
    .data                                    0x10000000   Section        4  system_lpc17xx.o(.data)
    .data                                    0x10000004   Section        1  lib_led.o(.data)
    .data                                    0x10000008   Section        8  irq_adc.o(.data)
    .data                                    0x10000010   Section       16  irq_rit.o(.data)
    .data                                    0x10000020   Section      108  irq_timer.o(.data)
    ticks                                    0x10000088   Data           4  irq_timer.o(.data)
    .data                                    0x1000008c   Section        1  lib_glcd.o(.data)
    LCD_Code                                 0x1000008c   Data           1  lib_glcd.o(.data)
    .data                                    0x1000008e   Section       20  touchpanel.o(.data)
    screen                                   0x1000009e   Data           4  touchpanel.o(.data)
    .data                                    0x100000a4   Section       40  lib_elevator.o(.data)
    .data                                    0x100000cc   Section       16  lib_maintenance.o(.data)
    .data                                    0x100000dc   Section        8  lib_emergency.o(.data)
    .bss                                     0x100000e8   Section       68  touchpanel.o(.bss)
    .bss                                     0x1000012c   Section       96  libspace.o(.bss)
    HEAP                                     0x10000190   Section        0  startup_lpc17xx.o(HEAP)
    STACK                                    0x10000190   Section      512  startup_lpc17xx.o(STACK)
    Heap_Mem                                 0x10000190   Data           0  startup_lpc17xx.o(HEAP)
    Stack_Mem                                0x10000190   Data         512  startup_lpc17xx.o(STACK)
    __initial_sp                             0x10000390   Data           0  startup_lpc17xx.o(STACK)

    Global Symbols

    Symbol Name                              Value     Ov Type        Size  Object(Section)

    BuildAttributes$$THM_ISAv4$P$D$K$B$S$PE$A:L22UL41UL21$X:L11$S22US41US21$IEEE1$IW$USESV6$~STKCKD$USESV7$~SHL$OSPACE$ROPI$EBA8$UX$STANDARDLIB$REQ8$PRES8$EABIv2 0x00000000   Number         0  anon$$obj.o ABSOLUTE
    __ARM_use_no_argv                        0x00000000   Number         0  sample.o ABSOLUTE
    __Vectors                                0x00000000   Data           4  startup_lpc17xx.o(RESET)
    __ARM_exceptions_init                     - Undefined Weak Reference
    __alloca_initialize                       - Undefined Weak Reference
    __arm_preinit_                            - Undefined Weak Reference
    __cpp_initialize__aeabi_                  - Undefined Weak Reference
    __cxa_finalize                            - Undefined Weak Reference
    __rt_locale                               - Undefined Weak Reference
    __sigvec_lookup                           - Undefined Weak Reference
    _atexit_init                              - Undefined Weak Reference
    _call_atexit_fns                          - Undefined Weak Reference
    _clock_init                               - Undefined Weak Reference
    _fp_trap_init                             - Undefined Weak Reference
    _fp_trap_shutdown                         - Undefined Weak Reference
    _get_lc_collate                           - Undefined Weak Reference
    _get_lc_ctype                             - Undefined Weak Reference
    _get_lc_monetary                          - Undefined Weak Reference
    _get_lc_numeric                           - Undefined Weak Reference
    _get_lc_time                              - Undefined Weak Reference
    _getenv_init                              - Undefined Weak Reference
    _handle_redirection                       - Undefined Weak Reference
    _init_alloc                               - Undefined Weak Reference
    _init_user_alloc                          - Undefined Weak Reference
    _initio                                   - Undefined Weak Reference
    _rand_init                                - Undefined Weak Reference
    _signal_finish                            - Undefined Weak Reference
    _signal_init                              - Undefined Weak Reference
    _terminate_alloc                          - Undefined Weak Reference
    _terminate_user_alloc                     - Undefined Weak Reference
    _terminateio                              - Undefined Weak Reference
    __main                                   0x000000cd   Thumb Code     8  __main.o(!!!main)
    __scatterload                            0x000000d5   Thumb Code     0  __scatter.o(!!!scatter)
    __scatterload_rt2                        0x000000d5   Thumb Code    44  __scatter.o(!!!scatter)
    __scatterload_rt2_thumb_only             0x000000d5   Thumb Code     0  __scatter.o(!!!scatter)
    __scatterload_null                       0x000000e3   Thumb Code     0  __scatter.o(!!!scatter)
    __scatterload_copy                       0x00000109   Thumb Code    26  __scatter_copy.o(!!handler_copy)
    __scatterload_zeroinit                   0x00000125   Thumb Code    28  __scatter_zi.o(!!handler_zi)
    __rt_lib_init                            0x00000141   Thumb Code     0  libinit.o(.ARM.Collect$$libinit$$00000000)
    __rt_lib_init_alloca_1                   0x00000143   Thumb Code     0  libinit2.o(.ARM.Collect$$libinit$$0000002E)
    __rt_lib_init_argv_1                     0x00000143   Thumb Code     0  libinit2.o(.ARM.Collect$$libinit$$0000002C)
    __rt_lib_init_atexit_1                   0x00000143   Thumb Code     0  libinit2.o(.ARM.Collect$$libinit$$0000001B)
    __rt_lib_init_clock_1                    0x00000143   Thumb Code     0  libinit2.o(.ARM.Collect$$libinit$$00000021)
    __rt_lib_init_cpp_1                      0x00000143   Thumb Code     0  libinit2.o(.ARM.Collect$$libinit$$00000032)
    __rt_lib_init_exceptions_1               0x00000143   Thumb Code     0  libinit2.o(.ARM.Collect$$libinit$$00000030)
    __rt_lib_init_fp_1                       0x00000143   Thumb Code     0  libinit2.o(.ARM.Collect$$libinit$$00000002)
    __rt_lib_init_fp_trap_1                  0x00000143   Thumb Code     0  libinit2.o(.ARM.Collect$$libinit$$0000001F)
    __rt_lib_init_getenv_1                   0x00000143   Thumb Code     0  libinit2.o(.ARM.Collect$$libinit$$00000023)
    __rt_lib_init_heap_1                     0x00000143   Thumb Code     0  libinit2.o(.ARM.Collect$$libinit$$0000000A)
    __rt_lib_init_lc_collate_1               0x00000143   Thumb Code     0  libinit2.o(.ARM.Collect$$libinit$$00000011)
    __rt_lib_init_lc_ctype_1                 0x00000143   Thumb Code     0  libinit2.o(.ARM.Collect$$libinit$$00000013)
    __rt_lib_init_lc_monetary_1              0x00000143   Thumb Code     0  libinit2.o(.ARM.Collect$$libinit$$00000015)
    __rt_lib_init_lc_numeric_1               0x00000143   Thumb Code     0  libinit2.o(.ARM.Collect$$libinit$$00000017)
    __rt_lib_init_lc_time_1                  0x00000143   Thumb Code     0  libinit2.o(.ARM.Collect$$libinit$$00000019)
    __rt_lib_init_preinit_1                  0x00000143   Thumb Code     0  libinit2.o(.ARM.Collect$$libinit$$00000004)
    __rt_lib_init_rand_1                     0x00000143   Thumb Code     0  libinit2.o(.ARM.Collect$$libinit$$0000000E)
    __rt_lib_init_return                     0x00000143   Thumb Code     0  libinit2.o(.ARM.Collect$$libinit$$00000033)
    __rt_lib_init_signal_1                   0x00000143   Thumb Code     0  libinit2.o(.ARM.Collect$$libinit$$0000001D)
    __rt_lib_init_stdio_1                    0x00000143   Thumb Code     0  libinit2.o(.ARM.Collect$$libinit$$00000025)
    __rt_lib_init_user_alloc_1               0x00000143   Thumb Code     0  libinit2.o(.ARM.Collect$$libinit$$0000000C)
    __rt_lib_shutdown                        0x00000145   Thumb Code     0  libshutdown.o(.ARM.Collect$$libshutdown$$00000000)
    __rt_lib_shutdown_cpp_1                  0x00000147   Thumb Code     0  libshutdown2.o(.ARM.Collect$$libshutdown$$00000002)
    __rt_lib_shutdown_fp_trap_1              0x00000147   Thumb Code     0  libshutdown2.o(.ARM.Collect$$libshutdown$$00000007)
    __rt_lib_shutdown_heap_1                 0x00000147   Thumb Code     0  libshutdown2.o(.ARM.Collect$$libshutdown$$0000000F)
    __rt_lib_shutdown_return                 0x00000147   Thumb Code     0  libshutdown2.o(.ARM.Collect$$libshutdown$$00000010)
    __rt_lib_shutdown_signal_1               0x00000147   Thumb Code     0  libshutdown2.o(.ARM.Collect$$libshutdown$$0000000A)
    __rt_lib_shutdown_stdio_1                0x00000147   Thumb Code     0  libshutdown2.o(.ARM.Collect$$libshutdown$$00000004)
    __rt_lib_shutdown_user_alloc_1           0x00000147   Thumb Code     0  libshutdown2.o(.ARM.Collect$$libshutdown$$0000000C)
    __rt_entry                               0x00000149   Thumb Code     0  __rtentry.o(.ARM.Collect$$rtentry$$00000000)
    __rt_entry_presh_1                       0x00000149   Thumb Code     0  __rtentry2.o(.ARM.Collect$$rtentry$$00000002)
    __rt_entry_sh                            0x00000149   Thumb Code     0  __rtentry4.o(.ARM.Collect$$rtentry$$00000004)
    __rt_entry_li                            0x0000014f   Thumb Code     0  __rtentry2.o(.ARM.Collect$$rtentry$$0000000A)
    __rt_entry_postsh_1                      0x0000014f   Thumb Code     0  __rtentry2.o(.ARM.Collect$$rtentry$$00000009)
    __rt_entry_main                          0x00000153   Thumb Code     0  __rtentry2.o(.ARM.Collect$$rtentry$$0000000D)
    __rt_entry_postli_1                      0x00000153   Thumb Code     0  __rtentry2.o(.ARM.Collect$$rtentry$$0000000C)
    __rt_exit                                0x0000015b   Thumb Code     0  rtexit.o(.ARM.Collect$$rtexit$$00000000)
    __rt_exit_ls                             0x0000015d   Thumb Code     0  rtexit2.o(.ARM.Collect$$rtexit$$00000003)
    __rt_exit_prels_1                        0x0000015d   Thumb Code     0  rtexit2.o(.ARM.Collect$$rtexit$$00000002)
    __rt_exit_exit                           0x00000161   Thumb Code     0  rtexit2.o(.ARM.Collect$$rtexit$$00000004)
    Reset_Handler                            0x00000169   Thumb Code     4  startup_lpc17xx.o(.text)
    NMI_Handler                              0x0000016d   Thumb Code     2  startup_lpc17xx.o(.text)
    HardFault_Handler                        0x0000016f   Thumb Code     2  startup_lpc17xx.o(.text)
    MemManage_Handler                        0x00000171   Thumb Code     2  startup_lpc17xx.o(.text)
    BusFault_Handler                         0x00000173   Thumb Code     2  startup_lpc17xx.o(.text)
    UsageFault_Handler                       0x00000175   Thumb Code     2  startup_lpc17xx.o(.text)
    SVC_Handler                              0x00000177   Thumb Code     2  startup_lpc17xx.o(.text)
    DebugMon_Handler                         0x00000179   Thumb Code     2  startup_lpc17xx.o(.text)
    PendSV_Handler                           0x0000017b   Thumb Code     2  startup_lpc17xx.o(.text)
    SysTick_Handler                          0x0000017d   Thumb Code     2  startup_lpc17xx.o(.text)
    BOD_IRQHandler                           0x0000017f   Thumb Code     0  startup_lpc17xx.o(.text)
    CANActivity_IRQHandler                   0x0000017f   Thumb Code     0  startup_lpc17xx.o(.text)
    CAN_IRQHandler                           0x0000017f   Thumb Code     0  startup_lpc17xx.o(.text)
    DMA_IRQHandler                           0x0000017f   Thumb Code     0  startup_lpc17xx.o(.text)
    EINT3_IRQHandler                         0x0000017f   Thumb Code     0  startup_lpc17xx.o(.text)
    ENET_IRQHandler                          0x0000017f   Thumb Code     0  startup_lpc17xx.o(.text)
    I2C0_IRQHandler                          0x0000017f   Thumb Code     0  startup_lpc17xx.o(.text)
    I2C1_IRQHandler                          0x0000017f   Thumb Code     0  startup_lpc17xx.o(.text)
    I2C2_IRQHandler                          0x0000017f   Thumb Code     0  startup_lpc17xx.o(.text)
    I2S_IRQHandler                           0x0000017f   Thumb Code     0  startup_lpc17xx.o(.text)
    MCPWM_IRQHandler                         0x0000017f   Thumb Code     0  startup_lpc17xx.o(.text)
    PLL0_IRQHandler                          0x0000017f   Thumb Code     0  startup_lpc17xx.o(.text)
    PLL1_IRQHandler                          0x0000017f   Thumb Code     0  startup_lpc17xx.o(.text)
    PWM1_IRQHandler                          0x0000017f   Thumb Code     0  startup_lpc17xx.o(.text)
    QEI_IRQHandler                           0x0000017f   Thumb Code     0  startup_lpc17xx.o(.text)
    RTC_IRQHandler                           0x0000017f   Thumb Code     0  startup_lpc17xx.o(.text)
    SPI_IRQHandler                           0x0000017f   Thumb Code     0  startup_lpc17xx.o(.text)
    SSP0_IRQHandler                          0x0000017f   Thumb Code     0  startup_lpc17xx.o(.text)
    SSP1_IRQHandler                          0x0000017f   Thumb Code     0  startup_lpc17xx.o(.text)
    UART0_IRQHandler                         0x0000017f   Thumb Code     0  startup_lpc17xx.o(.text)
    UART1_IRQHandler                         0x0000017f   Thumb Code     0  startup_lpc17xx.o(.text)
    UART2_IRQHandler                         0x0000017f   Thumb Code     0  startup_lpc17xx.o(.text)
    UART3_IRQHandler                         0x0000017f   Thumb Code     0  startup_lpc17xx.o(.text)
    USBActivity_IRQHandler                   0x0000017f   Thumb Code     0  startup_lpc17xx.o(.text)
    USB_IRQHandler                           0x0000017f   Thumb Code     0  startup_lpc17xx.o(.text)
    WDT_IRQHandler                           0x0000017f   Thumb Code     0  startup_lpc17xx.o(.text)
    __user_initial_stackheap                 0x00000181   Thumb Code     0  startup_lpc17xx.o(.text)
    main                                     0x0000019d   Thumb Code    92  sample.o(.text)
    LED_On                                   0x00000201   Thumb Code    26  funct_led.o(.text)
    LED_Off                                  0x0000021b   Thumb Code    26  funct_led.o(.text)
    LED_isOn                                 0x00000235   Thumb Code    22  funct_led.o(.text)
    LED_Out                                  0x0000024b   Thumb Code    42  funct_led.o(.text)
    LED_init                                 0x00000281   Thumb Code    38  lib_led.o(.text)
    LED_deinit                               0x000002a7   Thumb Code    14  lib_led.o(.text)
    JOYSTICK_init                            0x000002c1   Thumb Code    46  lib_joystick.o(.text)
    SystemInit                               0x00000301   Thumb Code   526  system_lpc17xx.o(.text)
    EINT0_IRQHandler                         0x0000052d   Thumb Code    42  irq_button.o(.text)
    EINT1_IRQHandler                         0x00000557   Thumb Code    42  irq_button.o(.text)
    EINT2_IRQHandler                         0x00000581   Thumb Code    42  irq_button.o(.text)
    BUTTON_init                              0x000005f9   Thumb Code   124  lib_button.o(.text)
    ADC_IRQHandler                           0x000006a1   Thumb Code    60  irq_adc.o(.text)
    ADC_init                                 0x000006f1   Thumb Code    60  lib_adc.o(.text)
    ADC_start_conversion                     0x0000072d   Thumb Code    14  lib_adc.o(.text)
    DAC_init                                 0x0000074d   Thumb Code    36  lib_dac.o(.text)
    DAC_convert                              0x00000771   Thumb Code     6  lib_dac.o(.text)
    RIT_IRQHandler                           0x00000785   Thumb Code   530  irq_rit.o(.text)
    RIT_enable                               0x000009f5   Thumb Code    14  lib_rit.o(.text)
    RIT_disable                              0x00000a03   Thumb Code    14  lib_rit.o(.text)
    RIT_reset                                0x00000a11   Thumb Code     8  lib_rit.o(.text)
    RIT_init                                 0x00000a19   Thumb Code    88  lib_rit.o(.text)
    TIMER0_IRQHandler                        0x00000a7d   Thumb Code   182  irq_timer.o(.text)
    TIMER1_IRQHandler                        0x00000b33   Thumb Code    98  irq_timer.o(.text)
    TIMER2_IRQHandler                        0x00000b95   Thumb Code   142  irq_timer.o(.text)
    TIMER3_IRQHandler                        0x00000c23   Thumb Code   458  irq_timer.o(.text)
    timer_enable                             0x00000e75   Thumb Code    44  lib_timer.o(.text)
    timer_init                               0x00000ea1   Thumb Code   196  lib_timer.o(.text)
    TIMER_init                               0x00000f65   Thumb Code    90  lib_timer.o(.text)
    timer_disable                            0x00000fbf   Thumb Code    44  lib_timer.o(.text)
    timer_reset                              0x00000feb   Thumb Code    62  lib_timer.o(.text)
    timer_set_loudspeaker_freq               0x00001029   Thumb Code     6  lib_timer.o(.text)
    timer_set_mcr                            0x0000102f   Thumb Code    36  lib_timer.o(.text)
    timer_set_tc                             0x00001053   Thumb Code    36  lib_timer.o(.text)
    timer_get_tc                             0x00001077   Thumb Code     8  lib_timer.o(.text)
    timer_init_base                          0x0000107f   Thumb Code    28  lib_timer.o(.text)
    GetASCIICode                             0x000010d5   Thumb Code    26  ascii.o(.text)
    LCD_Initialization                       0x000016ad   Thumb Code 10774  lib_glcd.o(.text)
    LCD_Clear                                0x000040c3   Thumb Code  1522  lib_glcd.o(.text)
    LCD_GetPoint                             0x000046cf   Thumb Code   998  lib_glcd.o(.text)
    LCD_SetPoint                             0x00004ab5   Thumb Code   214  lib_glcd.o(.text)
    LCD_DrawLine                             0x00004b8b   Thumb Code   250  lib_glcd.o(.text)
    displayCircle                            0x00004c85   Thumb Code   132  lib_glcd.o(.text)
    LCD_DrawCircle                           0x00004d09   Thumb Code   110  lib_glcd.o(.text)
    LCD_DrawRectangle                        0x00004d77   Thumb Code    60  lib_glcd.o(.text)
    PutChar                                  0x00004db3   Thumb Code   100  lib_glcd.o(.text)
    GUI_Text                                 0x00004e17   Thumb Code    84  lib_glcd.o(.text)
    LPC17xx_SSP0_SetSpeed                    0x00004e6d   Thumb Code    16  touchpanel.o(.text)
    LPC17xx_SSP1_SetSpeed                    0x00004e7d   Thumb Code    16  touchpanel.o(.text)
    TP_Init                                  0x00004f0f   Thumb Code    30  touchpanel.o(.text)
    Read_X                                   0x00004fad   Thumb Code    42  touchpanel.o(.text)
    Read_Y                                   0x00004fd7   Thumb Code    42  touchpanel.o(.text)
    TP_GetAdXY                               0x00005001   Thumb Code    34  touchpanel.o(.text)
    TP_DrawPoint                             0x00005023   Thumb Code    20  touchpanel.o(.text)
    DrawCross                                0x00005037   Thumb Code   356  touchpanel.o(.text)
    Read_Ads7846                             0x0000519b   Thumb Code   522  touchpanel.o(.text)
    setCalibrationMatrix                     0x000053a5   Thumb Code   356  touchpanel.o(.text)
    getDisplayPoint                          0x00005509   Thumb Code   238  touchpanel.o(.text)
    TouchPanel_Calibrate                     0x000055f7   Thumb Code   162  touchpanel.o(.text)
    reserveElevator                          0x00005699   Thumb Code   130  lib_elevator.o(.text)
    isAlarmDetectedFloorZero                 0x0000571b   Thumb Code    32  lib_elevator.o(.text)
    isAlarmDetectedFloorOne                  0x0000573b   Thumb Code    32  lib_elevator.o(.text)
    moveElevator                             0x0000575b   Thumb Code   116  lib_elevator.o(.text)
    stopElevator                             0x000057cf   Thumb Code    60  lib_elevator.o(.text)
    isElevatorArrived                        0x0000580b   Thumb Code    20  lib_elevator.o(.text)
    goToHome                                 0x00005869   Thumb Code   270  lib_maintenance.o(.text)
    selectNote                               0x00005977   Thumb Code   370  lib_maintenance.o(.text)
    goToSetup                                0x00005ae9   Thumb Code   166  lib_maintenance.o(.text)
    updateNote                               0x00005b8f   Thumb Code    52  lib_maintenance.o(.text)
    saveNote                                 0x00005bc3   Thumb Code     2  lib_maintenance.o(.text)
    handleEmergency                          0x00005c59   Thumb Code   192  lib_emergency.o(.text)
    doRescue                                 0x00005d19   Thumb Code    92  lib_emergency.o(.text)
    __aeabi_memcpy                           0x00005dbd   Thumb Code     0  rt_memcpy_v6.o(.text)
    __rt_memcpy                              0x00005dbd   Thumb Code   138  rt_memcpy_v6.o(.text)
    _memcpy_lastbytes                        0x00005e23   Thumb Code     0  rt_memcpy_v6.o(.text)
    __aeabi_memclr4                          0x00005e47   Thumb Code     0  rt_memclr_w.o(.text)
    __aeabi_memclr8                          0x00005e47   Thumb Code     0  rt_memclr_w.o(.text)
    __rt_memclr_w                            0x00005e47   Thumb Code    78  rt_memclr_w.o(.text)
    _memset_w                                0x00005e4b   Thumb Code     0  rt_memclr_w.o(.text)
    __use_two_region_memory                  0x00005e95   Thumb Code     2  heapauxi.o(.text)
    __rt_heap_escrow$2region                 0x00005e97   Thumb Code     2  heapauxi.o(.text)
    __rt_heap_expand$2region                 0x00005e99   Thumb Code     2  heapauxi.o(.text)
    __aeabi_memcpy4                          0x00005e9b   Thumb Code     0  rt_memcpy_w.o(.text)
    __aeabi_memcpy8                          0x00005e9b   Thumb Code     0  rt_memcpy_w.o(.text)
    __rt_memcpy_w                            0x00005e9b   Thumb Code   100  rt_memcpy_w.o(.text)
    _memcpy_lastbytes_aligned                0x00005ee3   Thumb Code     0  rt_memcpy_w.o(.text)
    __user_setup_stackheap                   0x00005eff   Thumb Code    74  sys_stackheap_outer.o(.text)
    exit                                     0x00005f49   Thumb Code    18  exit.o(.text)
    __user_libspace                          0x00005f5d   Thumb Code     8  libspace.o(.text)
    __user_perproc_libspace                  0x00005f5d   Thumb Code     0  libspace.o(.text)
    __user_perthread_libspace                0x00005f5d   Thumb Code     0  libspace.o(.text)
    _sys_exit                                0x00005f65   Thumb Code     8  sys_exit.o(.text)
    __I$use$semihosting                      0x00005f71   Thumb Code     0  use_no_semi.o(.text)
    __use_no_semihosting_swi                 0x00005f71   Thumb Code     2  use_no_semi.o(.text)
    __semihosting_library_function           0x00005f73   Thumb Code     0  indicate_semi.o(.text)
    __aeabi_dadd                             0x00005f75   Thumb Code     0  daddsub_clz.o(x$fpl$dadd)
    _dadd                                    0x00005f75   Thumb Code   332  daddsub_clz.o(x$fpl$dadd)
    __fpl_dcmp_Inf                           0x000060c5   Thumb Code    24  dcmpi.o(x$fpl$dcmpinf)
    __aeabi_ddiv                             0x000060dd   Thumb Code     0  ddiv.o(x$fpl$ddiv)
    _ddiv                                    0x000060dd   Thumb Code   552  ddiv.o(x$fpl$ddiv)
    __aeabi_cdcmpeq                          0x0000638d   Thumb Code     0  deqf.o(x$fpl$deqf)
    _dcmpeq                                  0x0000638d   Thumb Code   120  deqf.o(x$fpl$deqf)
    __aeabi_d2uiz                            0x00006405   Thumb Code     0  dfixu.o(x$fpl$dfixu)
    _dfixu                                   0x00006405   Thumb Code    90  dfixu.o(x$fpl$dfixu)
    __aeabi_i2d                              0x0000645f   Thumb Code     0  dflt_clz.o(x$fpl$dflt)
    _dflt                                    0x0000645f   Thumb Code    46  dflt_clz.o(x$fpl$dflt)
    __aeabi_ui2d                             0x0000648d   Thumb Code     0  dflt_clz.o(x$fpl$dfltu)
    _dfltu                                   0x0000648d   Thumb Code    38  dflt_clz.o(x$fpl$dfltu)
    __aeabi_dmul                             0x000064b5   Thumb Code     0  dmul.o(x$fpl$dmul)
    _dmul                                    0x000064b5   Thumb Code   332  dmul.o(x$fpl$dmul)
    __fpl_dnaninf                            0x00006609   Thumb Code   156  dnaninf.o(x$fpl$dnaninf)
    __fpl_dretinf                            0x000066a5   Thumb Code    12  dretinf.o(x$fpl$dretinf)
    __aeabi_dsub                             0x000066b1   Thumb Code     0  daddsub_clz.o(x$fpl$dsub)
    _dsub                                    0x000066b1   Thumb Code   464  daddsub_clz.o(x$fpl$dsub)
    __I$use$fp                               0x00006884   Number         0  usenofp.o(x$fpl$usenofp)
    led_mask                                 0x00006884   Data          32  funct_led.o(.constdata)
    LED_CONTROLLER_STATUS                    0x000068a4   Data           4  lib_led.o(.constdata)
    LED_ALARM_FLOOR_1                        0x000068a8   Data           4  lib_led.o(.constdata)
    LED_RESERVED_FLOOR_1                     0x000068ac   Data           4  lib_led.o(.constdata)
    LED_ALARM_FLOOR_0                        0x000068b0   Data           4  lib_led.o(.constdata)
    LED_RESERVED_FLOOR_0                     0x000068b4   Data           4  lib_led.o(.constdata)
    freqs                                    0x000068b8   Data          32  irq_adc.o(.constdata)
    MOVING_TIMER                             0x000068d8   Data           4  lib_timer.o(.constdata)
    FLOOR_REACHED_TIMER                      0x000068dc   Data           4  lib_timer.o(.constdata)
    EMERGENCY_TIMER                          0x000068e0   Data           4  lib_timer.o(.constdata)
    POSITION_TIMER                           0x000068e4   Data           4  lib_timer.o(.constdata)
    IDLE_TIMER                               0x000068e8   Data           4  lib_timer.o(.constdata)
    TOUCH_TIMER                              0x000068ec   Data           4  lib_timer.o(.constdata)
    LOUDSPEAKER_TIMER                        0x000068f0   Data           4  lib_timer.o(.constdata)
    IDLE_TIMER_MAX_VALUE                     0x000068f4   Data           4  lib_timer.o(.constdata)
    TOUCH_TIMER_MAX_VALUE                    0x000068f8   Data           4  lib_timer.o(.constdata)
    MOVING_TIMER_MAX_VALUE                   0x000068fc   Data           4  lib_timer.o(.constdata)
    POSITION_TIMER_MAX_VALUE                 0x00006900   Data           4  lib_timer.o(.constdata)
    EMERGENCY_TIMER_MAX_VALUE                0x00006904   Data           4  lib_timer.o(.constdata)
    FLOOR_REACHED_TIMER_MAX_VALUE            0x00006908   Data           4  lib_timer.o(.constdata)
    EMERGENCY_ALARM_TIMER_MAX_VALUE          0x0000690c   Data           4  lib_timer.o(.constdata)
    IDLE_MCR                                 0x00006910   Data           4  lib_timer.o(.constdata)
    DEFAULT_MCR                              0x00006914   Data           4  lib_timer.o(.constdata)
    EMERGENCY_MCR                            0x00006918   Data           4  lib_timer.o(.constdata)
    DEFAULT_MCR_BASE                         0x0000691c   Data           4  lib_timer.o(.constdata)
    LOUDSPEAKER_MCR                          0x00006920   Data           4  lib_timer.o(.constdata)
    FLOOR_REACHED_MCR                        0x00006924   Data           4  lib_timer.o(.constdata)
    DEFAULT_ELEVATOR_POSITION                0x00006f18   Data           4  lib_elevator.o(.constdata)
    MAX_ELEVATOR_POSITION                    0x00006f1c   Data           4  lib_elevator.o(.constdata)
    Region$$Table$$Base                      0x00006f20   Number         0  anon$$obj.o(Region$$Table)
    Region$$Table$$Limit                     0x00006f40   Number         0  anon$$obj.o(Region$$Table)
    SystemFrequency                          0x10000000   Data           4  system_lpc17xx.o(.data)
    led_value                                0x10000004   Data           1  lib_led.o(.data)
    AD_current                               0x10000008   Data           2  irq_adc.o(.data)
    AD_last                                  0x1000000a   Data           2  irq_adc.o(.data)
    count                                    0x1000000c   Data           4  irq_adc.o(.data)
    moveJoystick                             0x10000010   Data           4  irq_rit.o(.data)
    reservedOne                              0x10000014   Data           4  irq_rit.o(.data)
    reservedZero                             0x10000018   Data           4  irq_rit.o(.data)
    emergencyHappened                        0x1000001c   Data           4  irq_rit.o(.data)
    ticks                                    0x10000020   Data           4  irq_timer.o(.data)
    x                                        0x10000024   Data           1  irq_timer.o(.data)
    isTouching                               0x10000028   Data           4  irq_timer.o(.data)
    SinTable                                 0x1000002c   Data          90  irq_timer.o(.data)
    display                                  0x1000008e   Data           4  touchpanel.o(.data)
    DisplaySample                            0x10000092   Data          12  touchpanel.o(.data)
    isOnMaintenance                          0x100000a4   Data           4  lib_elevator.o(.data)
    elevatorPosition                         0x100000a8   Data           4  lib_elevator.o(.data)
    requestedFloor                           0x100000ac   Data           4  lib_elevator.o(.data)
    elevatorFloor                            0x100000b0   Data           4  lib_elevator.o(.data)
    isElevatorBetweenFloors                  0x100000b4   Data           4  lib_elevator.o(.data)
    isElevatorMovingUpstairs                 0x100000b8   Data           4  lib_elevator.o(.data)
    isElevatorMoving                         0x100000bc   Data           4  lib_elevator.o(.data)
    isElevatorFree                           0x100000c0   Data           4  lib_elevator.o(.data)
    isJoystickEnabled                        0x100000c4   Data           4  lib_elevator.o(.data)
    isDestinationReached                     0x100000c8   Data           4  lib_elevator.o(.data)
    note_one_value                           0x100000cc   Data           4  lib_maintenance.o(.data)
    note_two_value                           0x100000d0   Data           4  lib_maintenance.o(.data)
    isHomePage                               0x100000d4   Data           4  lib_maintenance.o(.data)
    isNoteASelected                          0x100000d8   Data           4  lib_maintenance.o(.data)
    isEmergency                              0x100000dc   Data           4  lib_emergency.o(.data)
    isRescuing                               0x100000e0   Data           4  lib_emergency.o(.data)
    matrix                                   0x100000e8   Data          56  touchpanel.o(.bss)
    ScreenSample                             0x10000120   Data          12  touchpanel.o(.bss)
    __libspace_start                         0x1000012c   Data          96  libspace.o(.bss)
    __temporary_stack_top$libspace           0x1000018c   Data           0  libspace.o(.bss)



==============================================================================

Memory Map of the image

  Image Entry point : 0x000000cd

  Load Region LR_IROM1 (Base: 0x00000000, Size: 0x00007024, Max: 0x00080000, ABSOLUTE)

    Execution Region ER_IROM1 (Exec base: 0x00000000, Load base: 0x00000000, Size: 0x00006f40, Max: 0x00080000, ABSOLUTE)

    Exec Addr    Load Addr    Size         Type   Attr      Idx    E Section Name        Object

    0x00000000   0x00000000   0x000000cc   Data   RO            3    RESET               startup_lpc17xx.o
    0x000000cc   0x000000cc   0x00000008   Code   RO          653  * !!!main             c_w.l(__main.o)
    0x000000d4   0x000000d4   0x00000034   Code   RO          843    !!!scatter          c_w.l(__scatter.o)
    0x00000108   0x00000108   0x0000001a   Code   RO          845    !!handler_copy      c_w.l(__scatter_copy.o)
    0x00000122   0x00000122   0x00000002   PAD
    0x00000124   0x00000124   0x0000001c   Code   RO          847    !!handler_zi        c_w.l(__scatter_zi.o)
    0x00000140   0x00000140   0x00000002   Code   RO          713    .ARM.Collect$$libinit$$00000000  c_w.l(libinit.o)
    0x00000142   0x00000142   0x00000000   Code   RO          720    .ARM.Collect$$libinit$$00000002  c_w.l(libinit2.o)
    0x00000142   0x00000142   0x00000000   Code   RO          722    .ARM.Collect$$libinit$$00000004  c_w.l(libinit2.o)
    0x00000142   0x00000142   0x00000000   Code   RO          725    .ARM.Collect$$libinit$$0000000A  c_w.l(libinit2.o)
    0x00000142   0x00000142   0x00000000   Code   RO          727    .ARM.Collect$$libinit$$0000000C  c_w.l(libinit2.o)
    0x00000142   0x00000142   0x00000000   Code   RO          729    .ARM.Collect$$libinit$$0000000E  c_w.l(libinit2.o)
    0x00000142   0x00000142   0x00000000   Code   RO          732    .ARM.Collect$$libinit$$00000011  c_w.l(libinit2.o)
    0x00000142   0x00000142   0x00000000   Code   RO          734    .ARM.Collect$$libinit$$00000013  c_w.l(libinit2.o)
    0x00000142   0x00000142   0x00000000   Code   RO          736    .ARM.Collect$$libinit$$00000015  c_w.l(libinit2.o)
    0x00000142   0x00000142   0x00000000   Code   RO          738    .ARM.Collect$$libinit$$00000017  c_w.l(libinit2.o)
    0x00000142   0x00000142   0x00000000   Code   RO          740    .ARM.Collect$$libinit$$00000019  c_w.l(libinit2.o)
    0x00000142   0x00000142   0x00000000   Code   RO          742    .ARM.Collect$$libinit$$0000001B  c_w.l(libinit2.o)
    0x00000142   0x00000142   0x00000000   Code   RO          744    .ARM.Collect$$libinit$$0000001D  c_w.l(libinit2.o)
    0x00000142   0x00000142   0x00000000   Code   RO          746    .ARM.Collect$$libinit$$0000001F  c_w.l(libinit2.o)
    0x00000142   0x00000142   0x00000000   Code   RO          748    .ARM.Collect$$libinit$$00000021  c_w.l(libinit2.o)
    0x00000142   0x00000142   0x00000000   Code   RO          750    .ARM.Collect$$libinit$$00000023  c_w.l(libinit2.o)
    0x00000142   0x00000142   0x00000000   Code   RO          752    .ARM.Collect$$libinit$$00000025  c_w.l(libinit2.o)
    0x00000142   0x00000142   0x00000000   Code   RO          756    .ARM.Collect$$libinit$$0000002C  c_w.l(libinit2.o)
    0x00000142   0x00000142   0x00000000   Code   RO          758    .ARM.Collect$$libinit$$0000002E  c_w.l(libinit2.o)
    0x00000142   0x00000142   0x00000000   Code   RO          760    .ARM.Collect$$libinit$$00000030  c_w.l(libinit2.o)
    0x00000142   0x00000142   0x00000000   Code   RO          762    .ARM.Collect$$libinit$$00000032  c_w.l(libinit2.o)
    0x00000142   0x00000142   0x00000002   Code   RO          763    .ARM.Collect$$libinit$$00000033  c_w.l(libinit2.o)
    0x00000144   0x00000144   0x00000002   Code   RO          783    .ARM.Collect$$libshutdown$$00000000  c_w.l(libshutdown.o)
    0x00000146   0x00000146   0x00000000   Code   RO          796    .ARM.Collect$$libshutdown$$00000002  c_w.l(libshutdown2.o)
    0x00000146   0x00000146   0x00000000   Code   RO          798    .ARM.Collect$$libshutdown$$00000004  c_w.l(libshutdown2.o)
    0x00000146   0x00000146   0x00000000   Code   RO          801    .ARM.Collect$$libshutdown$$00000007  c_w.l(libshutdown2.o)
    0x00000146   0x00000146   0x00000000   Code   RO          804    .ARM.Collect$$libshutdown$$0000000A  c_w.l(libshutdown2.o)
    0x00000146   0x00000146   0x00000000   Code   RO          806    .ARM.Collect$$libshutdown$$0000000C  c_w.l(libshutdown2.o)
    0x00000146   0x00000146   0x00000000   Code   RO          809    .ARM.Collect$$libshutdown$$0000000F  c_w.l(libshutdown2.o)
    0x00000146   0x00000146   0x00000002   Code   RO          810    .ARM.Collect$$libshutdown$$00000010  c_w.l(libshutdown2.o)
    0x00000148   0x00000148   0x00000000   Code   RO          679    .ARM.Collect$$rtentry$$00000000  c_w.l(__rtentry.o)
    0x00000148   0x00000148   0x00000000   Code   RO          690    .ARM.Collect$$rtentry$$00000002  c_w.l(__rtentry2.o)
    0x00000148   0x00000148   0x00000006   Code   RO          702    .ARM.Collect$$rtentry$$00000004  c_w.l(__rtentry4.o)
    0x0000014e   0x0000014e   0x00000000   Code   RO          692    .ARM.Collect$$rtentry$$00000009  c_w.l(__rtentry2.o)
    0x0000014e   0x0000014e   0x00000004   Code   RO          693    .ARM.Collect$$rtentry$$0000000A  c_w.l(__rtentry2.o)
    0x00000152   0x00000152   0x00000000   Code   RO          695    .ARM.Collect$$rtentry$$0000000C  c_w.l(__rtentry2.o)
    0x00000152   0x00000152   0x00000008   Code   RO          696    .ARM.Collect$$rtentry$$0000000D  c_w.l(__rtentry2.o)
    0x0000015a   0x0000015a   0x00000002   Code   RO          717    .ARM.Collect$$rtexit$$00000000  c_w.l(rtexit.o)
    0x0000015c   0x0000015c   0x00000000   Code   RO          765    .ARM.Collect$$rtexit$$00000002  c_w.l(rtexit2.o)
    0x0000015c   0x0000015c   0x00000004   Code   RO          766    .ARM.Collect$$rtexit$$00000003  c_w.l(rtexit2.o)
    0x00000160   0x00000160   0x00000006   Code   RO          767    .ARM.Collect$$rtexit$$00000004  c_w.l(rtexit2.o)
    0x00000166   0x00000166   0x00000002   PAD
    0x00000168   0x00000168   0x00000034   Code   RO            5    .text               startup_lpc17xx.o
    0x0000019c   0x0000019c   0x00000064   Code   RO           15    .text               sample.o
    0x00000200   0x00000200   0x00000080   Code   RO          129    .text               funct_led.o
    0x00000280   0x00000280   0x00000040   Code   RO          163    .text               lib_led.o
    0x000002c0   0x000002c0   0x0000003c   Code   RO          239    .text               lib_joystick.o
    0x000002fc   0x000002fc   0x00000004   Code   RO            4    .ARM.__at_0x02FC    startup_lpc17xx.o
    0x00000300   0x00000300   0x0000022c   Code   RO           99    .text               system_lpc17xx.o
    0x0000052c   0x0000052c   0x000000ac   Code   RO          187    .text               irq_button.o
    0x000005d8   0x000005d8   0x000000c8   Code   RO          215    .text               lib_button.o
    0x000006a0   0x000006a0   0x00000050   Code   RO          262    .text               irq_adc.o
    0x000006f0   0x000006f0   0x0000005c   Code   RO          301    .text               lib_adc.o
    0x0000074c   0x0000074c   0x00000038   Code   RO          325    .text               lib_dac.o
    0x00000784   0x00000784   0x00000270   Code   RO          348    .text               irq_rit.o
    0x000009f4   0x000009f4   0x00000088   Code   RO          387    .text               lib_rit.o
    0x00000a7c   0x00000a7c   0x000003f8   Code   RO          407    .text               irq_timer.o
    0x00000e74   0x00000e74   0x00000260   Code   RO          450    .text               lib_timer.o
    0x000010d4   0x000010d4   0x00000020   Code   RO          471    .text               ascii.o
    0x000010f4   0x000010f4   0x00003d76   Code   RO          507    .text               lib_glcd.o
    0x00004e6a   0x00004e6a   0x00000002   PAD
    0x00004e6c   0x00004e6c   0x0000082c   Code   RO          532    .text               touchpanel.o
    0x00005698   0x00005698   0x000001d0   Code   RO          560    .text               lib_elevator.o
    0x00005868   0x00005868   0x000003f0   Code   RO          588    .text               lib_maintenance.o
    0x00005c58   0x00005c58   0x00000164   Code   RO          623    .text               lib_emergency.o
    0x00005dbc   0x00005dbc   0x0000008a   Code   RO          647    .text               c_w.l(rt_memcpy_v6.o)
    0x00005e46   0x00005e46   0x0000004e   Code   RO          649    .text               c_w.l(rt_memclr_w.o)
    0x00005e94   0x00005e94   0x00000006   Code   RO          651    .text               c_w.l(heapauxi.o)
    0x00005e9a   0x00005e9a   0x00000064   Code   RO          680    .text               c_w.l(rt_memcpy_w.o)
    0x00005efe   0x00005efe   0x0000004a   Code   RO          704    .text               c_w.l(sys_stackheap_outer.o)
    0x00005f48   0x00005f48   0x00000012   Code   RO          706    .text               c_w.l(exit.o)
    0x00005f5a   0x00005f5a   0x00000002   PAD
    0x00005f5c   0x00005f5c   0x00000008   Code   RO          714    .text               c_w.l(libspace.o)
    0x00005f64   0x00005f64   0x0000000c   Code   RO          775    .text               c_w.l(sys_exit.o)
    0x00005f70   0x00005f70   0x00000002   Code   RO          786    .text               c_w.l(use_no_semi.o)
    0x00005f72   0x00005f72   0x00000000   Code   RO          788    .text               c_w.l(indicate_semi.o)
    0x00005f72   0x00005f72   0x00000002   PAD
    0x00005f74   0x00005f74   0x00000150   Code   RO          655    x$fpl$dadd          fz_ws.l(daddsub_clz.o)
    0x000060c4   0x000060c4   0x00000018   Code   RO          682    x$fpl$dcmpinf       fz_ws.l(dcmpi.o)
    0x000060dc   0x000060dc   0x000002b0   Code   RO          662    x$fpl$ddiv          fz_ws.l(ddiv.o)
    0x0000638c   0x0000638c   0x00000078   Code   RO          665    x$fpl$deqf          fz_ws.l(deqf.o)
    0x00006404   0x00006404   0x0000005a   Code   RO          667    x$fpl$dfixu         fz_ws.l(dfixu.o)
    0x0000645e   0x0000645e   0x0000002e   Code   RO          672    x$fpl$dflt          fz_ws.l(dflt_clz.o)
    0x0000648c   0x0000648c   0x00000026   Code   RO          671    x$fpl$dfltu         fz_ws.l(dflt_clz.o)
    0x000064b2   0x000064b2   0x00000002   PAD
    0x000064b4   0x000064b4   0x00000154   Code   RO          677    x$fpl$dmul          fz_ws.l(dmul.o)
    0x00006608   0x00006608   0x0000009c   Code   RO          684    x$fpl$dnaninf       fz_ws.l(dnaninf.o)
    0x000066a4   0x000066a4   0x0000000c   Code   RO          686    x$fpl$dretinf       fz_ws.l(dretinf.o)
    0x000066b0   0x000066b0   0x000001d4   Code   RO          657    x$fpl$dsub          fz_ws.l(daddsub_clz.o)
    0x00006884   0x00006884   0x00000000   Code   RO          688    x$fpl$usenofp       fz_ws.l(usenofp.o)
    0x00006884   0x00006884   0x00000020   Data   RO          130    .constdata          funct_led.o
    0x000068a4   0x000068a4   0x00000014   Data   RO          164    .constdata          lib_led.o
    0x000068b8   0x000068b8   0x00000020   Data   RO          263    .constdata          irq_adc.o
    0x000068d8   0x000068d8   0x00000050   Data   RO          451    .constdata          lib_timer.o
    0x00006928   0x00006928   0x000005f0   Data   RO          472    .constdata          ascii.o
    0x00006f18   0x00006f18   0x00000008   Data   RO          561    .constdata          lib_elevator.o
    0x00006f20   0x00006f20   0x00000020   Data   RO          841    Region$$Table       anon$$obj.o


    Execution Region RW_IRAM1 (Exec base: 0x10000000, Load base: 0x00006f40, Size: 0x00000390, Max: 0x00008000, ABSOLUTE)

    Exec Addr    Load Addr    Size         Type   Attr      Idx    E Section Name        Object

    0x10000000   0x00006f40   0x00000004   Data   RW          100    .data               system_lpc17xx.o
    0x10000004   0x00006f44   0x00000001   Data   RW          165    .data               lib_led.o
    0x10000005   0x00006f45   0x00000003   PAD
    0x10000008   0x00006f48   0x00000008   Data   RW          264    .data               irq_adc.o
    0x10000010   0x00006f50   0x00000010   Data   RW          349    .data               irq_rit.o
    0x10000020   0x00006f60   0x0000006c   Data   RW          408    .data               irq_timer.o
    0x1000008c   0x00006fcc   0x00000001   Data   RW          508    .data               lib_glcd.o
    0x1000008d   0x00006fcd   0x00000001   PAD
    0x1000008e   0x00006fce   0x00000014   Data   RW          534    .data               touchpanel.o
    0x100000a2   0x00006fe2   0x00000002   PAD
    0x100000a4   0x00006fe4   0x00000028   Data   RW          562    .data               lib_elevator.o
    0x100000cc   0x0000700c   0x00000010   Data   RW          590    .data               lib_maintenance.o
    0x100000dc   0x0000701c   0x00000008   Data   RW          624    .data               lib_emergency.o
    0x100000e4   0x00007024   0x00000004   PAD
    0x100000e8        -       0x00000044   Zero   RW          533    .bss                touchpanel.o
    0x1000012c        -       0x00000060   Zero   RW          715    .bss                c_w.l(libspace.o)
    0x1000018c   0x00007024   0x00000004   PAD
    0x10000190        -       0x00000000   Zero   RW            2    HEAP                startup_lpc17xx.o
    0x10000190        -       0x00000200   Zero   RW            1    STACK               startup_lpc17xx.o


==============================================================================

Image component sizes


      Code (inc. data)   RO Data    RW Data    ZI Data      Debug   Object Name

        32          6       1520          0          0       1203   ascii.o
       128         12         32          0          0      18549   funct_led.o
        80         20         32          8          0       1326   irq_adc.o
       172         28          0          0          0      24628   irq_button.o
       624         72          0         16          0       1423   irq_rit.o
      1016        136          0        108          0       4801   irq_timer.o
        92         18          0          0          0      24423   lib_adc.o
       200         22          0          0          0      24529   lib_button.o
        56         14          0          0          0        595   lib_dac.o
       464         74          8         40          0       2655   lib_elevator.o
       356         72          0          8          0       1244   lib_emergency.o
     15734        108          0          1          0      38870   lib_glcd.o
        60         14          0          0          0        500   lib_joystick.o
        64         12         20          1          0       1150   lib_led.o
      1008        148          0         16          0       2582   lib_maintenance.o
       136         12          0          0          0       1028   lib_rit.o
       608         36         80          0          0       4366   lib_timer.o
       100          8          0          0          0       5039   sample.o
        56         22        204          0        512       1132   startup_lpc17xx.o
       556         30          0          4          0        939   system_lpc17xx.o
      2092         74          0         20         68       6285   touchpanel.o

    ----------------------------------------------------------------------
     23636        938       1928        228        584     167267   Object Totals
         0          0         32          0          0          0   (incl. Generated)
         2          0          0          6          4          0   (incl. Padding)

    ----------------------------------------------------------------------

      Code (inc. data)   RO Data    RW Data    ZI Data      Debug   Library Member Name

         8          0          0          0          0         68   __main.o
         0          0          0          0          0          0   __rtentry.o
        12          0          0          0          0          0   __rtentry2.o
         6          0          0          0          0          0   __rtentry4.o
        52          8          0          0          0          0   __scatter.o
        26          0          0          0          0          0   __scatter_copy.o
        28          0          0          0          0          0   __scatter_zi.o
        18          0          0          0          0         80   exit.o
         6          0          0          0          0        152   heapauxi.o
         0          0          0          0          0          0   indicate_semi.o
         2          0          0          0          0          0   libinit.o
         2          0          0          0          0          0   libinit2.o
         2          0          0          0          0          0   libshutdown.o
         2          0          0          0          0          0   libshutdown2.o
         8          4          0          0         96         68   libspace.o
        78          0          0          0          0         80   rt_memclr_w.o
       138          0          0          0          0         68   rt_memcpy_v6.o
       100          0          0          0          0         80   rt_memcpy_w.o
         2          0          0          0          0          0   rtexit.o
        10          0          0          0          0          0   rtexit2.o
        12          4          0          0          0         68   sys_exit.o
        74          0          0          0          0         80   sys_stackheap_outer.o
         2          0          0          0          0         68   use_no_semi.o
       804         16          0          0          0        272   daddsub_clz.o
        24          0          0          0          0         68   dcmpi.o
       688        140          0          0          0        208   ddiv.o
       120          4          0          0          0         92   deqf.o
        90          4          0          0          0         92   dfixu.o
        84          0          0          0          0        136   dflt_clz.o
       340         12          0          0          0        104   dmul.o
       156          4          0          0          0         92   dnaninf.o
        12          0          0          0          0         68   dretinf.o
         0          0          0          0          0          0   usenofp.o

    ----------------------------------------------------------------------
      2916        196          0          0        100       1944   Library Totals
        10          0          0          0          4          0   (incl. Padding)

    ----------------------------------------------------------------------

      Code (inc. data)   RO Data    RW Data    ZI Data      Debug   Library Name

       588         16          0          0         96        812   c_w.l
      2318        180          0          0          0       1132   fz_ws.l

    ----------------------------------------------------------------------
      2916        196          0          0        100       1944   Library Totals

    ----------------------------------------------------------------------

==============================================================================


      Code (inc. data)   RO Data    RW Data    ZI Data      Debug   

     26552       1134       1928        228        684     167075   Grand Totals
     26552       1134       1928        228        684     167075   ELF Image Totals
     26552       1134       1928        228          0          0   ROM Totals

==============================================================================

    Total RO  Size (Code + RO Data)                28480 (  27.81kB)
    Total RW  Size (RW Data + ZI Data)               912 (   0.89kB)
    Total ROM Size (Code + RO Data + RW Data)      28708 (  28.04kB)

==============================================================================

